2026-08-16 01:44:32.279   Log opened. (Time zone: UTC+03:00)
2026-08-16 01:44:32.279   Setup version: Inno Setup version 6.7.3
2026-08-16 01:44:32.279   Original Setup EXE: C:\mu13o-acceptance\m13q\run\20260816-014426\installer\muaman-windows-installer.exe
2026-08-16 01:44:32.279   Setup command line: /SL5="$910844,12019182,893952,C:\mu13o-acceptance\m13q\run\20260816-014426\installer\muaman-windows-installer.exe" /VERYSILENT /SUPPRESSMSGBOXES /NORESTART /SP- /LOG="C:\mu13o-acceptance\m13q\run\20260816-014426\evidence\logs\install1.log"
2026-08-16 01:44:32.279   Windows version: 10.0.26200
2026-08-16 01:44:32.279   Windows architecture: x64 (64-bit)
2026-08-16 01:44:32.279   Machine types supported by system: x86 x64
2026-08-16 01:44:32.279   User privileges: None
2026-08-16 01:44:32.289   Administrative install mode: No
2026-08-16 01:44:32.289   Install mode root key: HKEY_CURRENT_USER
2026-08-16 01:44:32.289   64-bit install mode: Yes
2026-08-16 01:44:32.289   RedirectionGuard status for current process: Enabled in enforcing mode
2026-08-16 01:44:32.289   Created temporary directory: C:\Users\CODEXM~1\AppData\Local\Temp\is-PQ66HIABWK.tmp
2026-08-16 01:44:32.536   Starting the installation process.
2026-08-16 01:44:32.536   Directory for uninstall files: C:\Users\CodexMuaman13Q\AppData\Local\Programs\muaman_store
2026-08-16 01:44:32.536   Creating new uninstall log: C:\Users\CodexMuaman13Q\AppData\Local\Programs\muaman_store\unins000.dat
2026-08-16 01:44:32.551   -- File entry --
2026-08-16 01:44:32.551   Dest filename: C:\Users\CodexMuaman13Q\AppData\Local\Programs\muaman_store\unins000.exe
2026-08-16 01:44:32.551   Non-default bitness: 32-bit
2026-08-16 01:44:32.566   Time stamp of our file: 2026-08-16 01:44:31.817
2026-08-16 01:44:32.566   Installing the file.
2026-08-16 01:44:32.589   Successfully installed the file.
2026-08-16 01:44:32.589   -- File entry --
2026-08-16 01:44:32.589   Dest filename: C:\Users\CodexMuaman13Q\AppData\Local\Programs\muaman_store\muaman_store.exe
2026-08-16 01:44:32.589   Time stamp of our file: 2024-01-01 01:00:00.000
2026-08-16 01:44:32.589   Installing the file.
2026-08-16 01:44:32.591   Successfully installed the file.
2026-08-16 01:44:32.591   -- File entry --
2026-08-16 01:44:32.591   Dest filename: C:\Users\CodexMuaman13Q\AppData\Local\Programs\muaman_store\flutter_windows.dll
2026-08-16 01:44:32.591   Time stamp of our file: 2024-01-01 01:00:00.000
2026-08-16 01:44:32.591   Installing the file.
2026-08-16 01:44:33.104   Successfully installed the file.
2026-08-16 01:44:33.104   -- File entry --
2026-08-16 01:44:33.104   Dest filename: C:\Users\CodexMuaman13Q\AppData\Local\Programs\muaman_store\pdfium.dll
2026-08-16 01:44:33.104   Time stamp of our file: 2024-01-01 01:00:00.000
2026-08-16 01:44:33.104   Installing the file.
2026-08-16 01:44:33.261   Successfully installed the file.
2026-08-16 01:44:33.261   -- File entry --
2026-08-16 01:44:33.263   Dest filename: C:\Users\CodexMuaman13Q\AppData\Local\Programs\muaman_store\printing_plugin.dll
2026-08-16 01:44:33.263   Time stamp of our file: 2024-01-01 01:00:00.000
2026-08-16 01:44:33.263   Installing the file.
2026-08-16 01:44:33.269   Successfully installed the file.
2026-08-16 01:44:33.269   -- File entry --
2026-08-16 01:44:33.269   Dest filename: C:\Users\CodexMuaman13Q\AppData\Local\Programs\muaman_store\data\app.so
2026-08-16 01:44:33.269   Time stamp of our file: 2024-01-01 01:00:00.000
2026-08-16 01:44:33.269   Installing the file.
2026-08-16 01:44:33.269   Creating directory: C:\Users\CodexMuaman13Q\AppData\Local\Programs\muaman_store\data
2026-08-16 01:44:33.518   Successfully installed the file.
2026-08-16 01:44:33.518   -- File entry --
2026-08-16 01:44:33.518   Dest filename: C:\Users\CodexMuaman13Q\AppData\Local\Programs\muaman_store\data\icudtl.dat
2026-08-16 01:44:33.518   Time stamp of our file: 2024-01-01 01:00:00.000
2026-08-16 01:44:33.518   Installing the file.
2026-08-16 01:44:33.533   Successfully installed the file.
2026-08-16 01:44:33.548   -- File entry --
2026-08-16 01:44:33.548   Dest filename: C:\Users\CodexMuaman13Q\AppData\Local\Programs\muaman_store\data\flutter_assets\AssetManifest.bin
2026-08-16 01:44:33.549   Time stamp of our file: 2024-01-01 01:00:00.000
2026-08-16 01:44:33.549   Installing the file.
2026-08-16 01:44:33.549   Creating directory: C:\Users\CodexMuaman13Q\AppData\Local\Programs\muaman_store\data\flutter_assets
2026-08-16 01:44:33.551   Successfully installed the file.
2026-08-16 01:44:33.551   -- File entry --
2026-08-16 01:44:33.551   Dest filename: C:\Users\CodexMuaman13Q\AppData\Local\Programs\muaman_store\data\flutter_assets\AssetManifest.json
2026-08-16 01:44:33.551   Time stamp of our file: 2024-01-01 01:00:00.000
2026-08-16 01:44:33.551   Installing the file.
2026-08-16 01:44:33.553   Successfully installed the file.
2026-08-16 01:44:33.553   -- File entry --
2026-08-16 01:44:33.553   Dest filename: C:\Users\CodexMuaman13Q\AppData\Local\Programs\muaman_store\data\flutter_assets\FontManifest.json
2026-08-16 01:44:33.553   Time stamp of our file: 2024-01-01 01:00:00.000
2026-08-16 01:44:33.553   Installing the file.
2026-08-16 01:44:33.555   Successfully installed the file.
2026-08-16 01:44:33.555   -- File entry --
2026-08-16 01:44:33.555   Dest filename: C:\Users\CodexMuaman13Q\AppData\Local\Programs\muaman_store\data\flutter_assets\NOTICES.Z
2026-08-16 01:44:33.555   Time stamp of our file: 2024-01-01 01:00:00.000
2026-08-16 01:44:33.555   Installing the file.
2026-08-16 01:44:33.555   Successfully installed the file.
2026-08-16 01:44:33.555   -- File entry --
2026-08-16 01:44:33.555   Dest filename: C:\Users\CodexMuaman13Q\AppData\Local\Programs\muaman_store\data\flutter_assets\assets\fonts\NotoSansArabic-Bold.ttf
2026-08-16 01:44:33.555   Time stamp of our file: 2024-01-01 01:00:00.000
2026-08-16 01:44:33.555   Installing the file.
2026-08-16 01:44:33.555   Creating directory: C:\Users\CodexMuaman13Q\AppData\Local\Programs\muaman_store\data\flutter_assets\assets
2026-08-16 01:44:33.555   Creating directory: C:\Users\CodexMuaman13Q\AppData\Local\Programs\muaman_store\data\flutter_assets\assets\fonts
2026-08-16 01:44:33.567   Successfully installed the file.
2026-08-16 01:44:33.567   -- File entry --
2026-08-16 01:44:33.567   Dest filename: C:\Users\CodexMuaman13Q\AppData\Local\Programs\muaman_store\data\flutter_assets\assets\fonts\NotoSansArabic-Regular.ttf
2026-08-16 01:44:33.567   Time stamp of our file: 2024-01-01 01:00:00.000
2026-08-16 01:44:33.567   Installing the file.
2026-08-16 01:44:33.580   Successfully installed the file.
2026-08-16 01:44:33.580   -- File entry --
2026-08-16 01:44:33.580   Dest filename: C:\Users\CodexMuaman13Q\AppData\Local\Programs\muaman_store\data\flutter_assets\assets\fonts\THIRD_PARTY_NOTICES.txt
2026-08-16 01:44:33.580   Time stamp of our file: 2024-01-01 01:00:00.000
2026-08-16 01:44:33.580   Installing the file.
2026-08-16 01:44:33.580   Successfully installed the file.
2026-08-16 01:44:33.580   -- File entry --
2026-08-16 01:44:33.580   Dest filename: C:\Users\CodexMuaman13Q\AppData\Local\Programs\muaman_store\data\flutter_assets\fonts\MaterialIcons-Regular.otf
2026-08-16 01:44:33.585   Time stamp of our file: 2024-01-01 01:00:00.000
2026-08-16 01:44:33.585   Installing the file.
2026-08-16 01:44:33.585   Creating directory: C:\Users\CodexMuaman13Q\AppData\Local\Programs\muaman_store\data\flutter_assets\fonts
2026-08-16 01:44:33.612   Successfully installed the file.
2026-08-16 01:44:33.612   -- File entry --
2026-08-16 01:44:33.612   Dest filename: C:\Users\CodexMuaman13Q\AppData\Local\Programs\muaman_store\data\flutter_assets\packages\cupertino_icons\assets\CupertinoIcons.ttf
2026-08-16 01:44:33.612   Time stamp of our file: 2024-01-01 01:00:00.000
2026-08-16 01:44:33.612   Installing the file.
2026-08-16 01:44:33.612   Creating directory: C:\Users\CodexMuaman13Q\AppData\Local\Programs\muaman_store\data\flutter_assets\packages
2026-08-16 01:44:33.612   Creating directory: C:\Users\CodexMuaman13Q\AppData\Local\Programs\muaman_store\data\flutter_assets\packages\cupertino_icons
2026-08-16 01:44:33.612   Creating directory: C:\Users\CodexMuaman13Q\AppData\Local\Programs\muaman_store\data\flutter_assets\packages\cupertino_icons\assets
2026-08-16 01:44:33.628   Successfully installed the file.
2026-08-16 01:44:33.628   -- File entry --
2026-08-16 01:44:33.628   Dest filename: C:\Users\CodexMuaman13Q\AppData\Local\Programs\muaman_store\data\flutter_assets\shaders\ink_sparkle.frag
2026-08-16 01:44:33.628   Time stamp of our file: 2024-01-01 01:00:00.000
2026-08-16 01:44:33.628   Installing the file.
2026-08-16 01:44:33.628   Creating directory: C:\Users\CodexMuaman13Q\AppData\Local\Programs\muaman_store\data\flutter_assets\shaders
2026-08-16 01:44:33.628   Successfully installed the file.
2026-08-16 01:44:33.628   -- Icon entry --
2026-08-16 01:44:33.628   Dest filename: C:\Users\CodexMuaman13Q\AppData\Roaming\Microsoft\Windows\Start Menu\Programs\I-TECH للتكنولوجيا.lnk
2026-08-16 01:44:33.628   Creating the icon.
2026-08-16 01:44:33.731   Successfully created the icon.
2026-08-16 01:44:33.731   Saving uninstall information.
2026-08-16 01:44:33.731   Creating new uninstall key: HKEY_CURRENT_USER\Software\Microsoft\Windows\CurrentVersion\Uninstall\{299ADF2A-0E9E-4A25-916C-1CB8328D0E5E}_is1
2026-08-16 01:44:33.731   Writing uninstall key values.
2026-08-16 01:44:33.734   Detected previous administrative 64-bit install? No
2026-08-16 01:44:33.734   Detected previous administrative 32-bit install? No
2026-08-16 01:44:33.739   Installation process succeeded.
2026-08-16 01:44:33.739   Need to restart Windows? No
2026-08-16 01:44:33.739   Deinitializing Setup.
2026-08-16 01:44:33.755   Log closed.
