2026-08-16 01:45:26.249   Log opened. (Time zone: UTC+03:00)
2026-08-16 01:45:26.249   Setup version: Inno Setup version 6.7.3
2026-08-16 01:45:26.249   Original Setup EXE: C:\mu13o-acceptance\m13q\run\20260816-014426\installer\muaman-windows-installer.exe
2026-08-16 01:45:26.249   Setup command line: /SL5="$2A0A12,12019182,893952,C:\mu13o-acceptance\m13q\run\20260816-014426\installer\muaman-windows-installer.exe" /VERYSILENT /SUPPRESSMSGBOXES /NORESTART /SP- /LOG="C:\mu13o-acceptance\m13q\run\20260816-014426\evidence\logs\install2.log"
2026-08-16 01:45:26.249   Windows version: 10.0.26200
2026-08-16 01:45:26.249   Windows architecture: x64 (64-bit)
2026-08-16 01:45:26.249   Machine types supported by system: x86 x64
2026-08-16 01:45:26.249   User privileges: None
2026-08-16 01:45:26.249   Administrative install mode: No
2026-08-16 01:45:26.249   Install mode root key: HKEY_CURRENT_USER
2026-08-16 01:45:26.249   64-bit install mode: Yes
2026-08-16 01:45:26.249   RedirectionGuard status for current process: Enabled in enforcing mode
2026-08-16 01:45:26.256   Created temporary directory: C:\Users\CODEXM~1\AppData\Local\Temp\is-BE1CDLVEGB.tmp
2026-08-16 01:45:26.362   Starting the installation process.
2026-08-16 01:45:26.364   Directory for uninstall files: C:\Users\CodexMuaman13Q\AppData\Local\Programs\muaman_store
2026-08-16 01:45:26.364   Creating new uninstall log: C:\Users\CodexMuaman13Q\AppData\Local\Programs\muaman_store\unins000.dat
2026-08-16 01:45:26.364   -- File entry --
2026-08-16 01:45:26.364   Dest filename: C:\Users\CodexMuaman13Q\AppData\Local\Programs\muaman_store\unins000.exe
2026-08-16 01:45:26.364   Non-default bitness: 32-bit
2026-08-16 01:45:26.364   Time stamp of our file: 2026-08-16 01:45:25.900
2026-08-16 01:45:26.364   Installing the file.
2026-08-16 01:45:26.376   Successfully installed the file.
2026-08-16 01:45:26.376   -- File entry --
2026-08-16 01:45:26.376   Dest filename: C:\Users\CodexMuaman13Q\AppData\Local\Programs\muaman_store\muaman_store.exe
2026-08-16 01:45:26.376   Time stamp of our file: 2024-01-01 01:00:00.000
2026-08-16 01:45:26.376   Installing the file.
2026-08-16 01:45:26.376   Successfully installed the file.
2026-08-16 01:45:26.376   -- File entry --
2026-08-16 01:45:26.376   Dest filename: C:\Users\CodexMuaman13Q\AppData\Local\Programs\muaman_store\flutter_windows.dll
2026-08-16 01:45:26.376   Time stamp of our file: 2024-01-01 01:00:00.000
2026-08-16 01:45:26.376   Installing the file.
2026-08-16 01:45:26.877   Successfully installed the file.
2026-08-16 01:45:26.877   -- File entry --
2026-08-16 01:45:26.877   Dest filename: C:\Users\CodexMuaman13Q\AppData\Local\Programs\muaman_store\pdfium.dll
2026-08-16 01:45:26.877   Time stamp of our file: 2024-01-01 01:00:00.000
2026-08-16 01:45:26.877   Installing the file.
2026-08-16 01:45:27.028   Successfully installed the file.
2026-08-16 01:45:27.028   -- File entry --
2026-08-16 01:45:27.028   Dest filename: C:\Users\CodexMuaman13Q\AppData\Local\Programs\muaman_store\printing_plugin.dll
2026-08-16 01:45:27.028   Time stamp of our file: 2024-01-01 01:00:00.000
2026-08-16 01:45:27.028   Installing the file.
2026-08-16 01:45:27.035   Successfully installed the file.
2026-08-16 01:45:27.035   -- File entry --
2026-08-16 01:45:27.035   Dest filename: C:\Users\CodexMuaman13Q\AppData\Local\Programs\muaman_store\data\app.so
2026-08-16 01:45:27.035   Time stamp of our file: 2024-01-01 01:00:00.000
2026-08-16 01:45:27.035   Installing the file.
2026-08-16 01:45:27.035   Creating directory: C:\Users\CodexMuaman13Q\AppData\Local\Programs\muaman_store\data
2026-08-16 01:45:27.290   Successfully installed the file.
2026-08-16 01:45:27.290   -- File entry --
2026-08-16 01:45:27.290   Dest filename: C:\Users\CodexMuaman13Q\AppData\Local\Programs\muaman_store\data\icudtl.dat
2026-08-16 01:45:27.292   Time stamp of our file: 2024-01-01 01:00:00.000
2026-08-16 01:45:27.292   Installing the file.
2026-08-16 01:45:27.314   Successfully installed the file.
2026-08-16 01:45:27.314   -- File entry --
2026-08-16 01:45:27.314   Dest filename: C:\Users\CodexMuaman13Q\AppData\Local\Programs\muaman_store\data\flutter_assets\AssetManifest.bin
2026-08-16 01:45:27.314   Time stamp of our file: 2024-01-01 01:00:00.000
2026-08-16 01:45:27.314   Installing the file.
2026-08-16 01:45:27.314   Creating directory: C:\Users\CodexMuaman13Q\AppData\Local\Programs\muaman_store\data\flutter_assets
2026-08-16 01:45:27.314   Successfully installed the file.
2026-08-16 01:45:27.314   -- File entry --
2026-08-16 01:45:27.314   Dest filename: C:\Users\CodexMuaman13Q\AppData\Local\Programs\muaman_store\data\flutter_assets\AssetManifest.json
2026-08-16 01:45:27.314   Time stamp of our file: 2024-01-01 01:00:00.000
2026-08-16 01:45:27.314   Installing the file.
2026-08-16 01:45:27.314   Successfully installed the file.
2026-08-16 01:45:27.314   -- File entry --
2026-08-16 01:45:27.314   Dest filename: C:\Users\CodexMuaman13Q\AppData\Local\Programs\muaman_store\data\flutter_assets\FontManifest.json
2026-08-16 01:45:27.314   Time stamp of our file: 2024-01-01 01:00:00.000
2026-08-16 01:45:27.314   Installing the file.
2026-08-16 01:45:27.314   Successfully installed the file.
2026-08-16 01:45:27.314   -- File entry --
2026-08-16 01:45:27.314   Dest filename: C:\Users\CodexMuaman13Q\AppData\Local\Programs\muaman_store\data\flutter_assets\NOTICES.Z
2026-08-16 01:45:27.314   Time stamp of our file: 2024-01-01 01:00:00.000
2026-08-16 01:45:27.314   Installing the file.
2026-08-16 01:45:27.330   Successfully installed the file.
2026-08-16 01:45:27.330   -- File entry --
2026-08-16 01:45:27.330   Dest filename: C:\Users\CodexMuaman13Q\AppData\Local\Programs\muaman_store\data\flutter_assets\assets\fonts\NotoSansArabic-Bold.ttf
2026-08-16 01:45:27.330   Time stamp of our file: 2024-01-01 01:00:00.000
2026-08-16 01:45:27.330   Installing the file.
2026-08-16 01:45:27.330   Creating directory: C:\Users\CodexMuaman13Q\AppData\Local\Programs\muaman_store\data\flutter_assets\assets
2026-08-16 01:45:27.330   Creating directory: C:\Users\CodexMuaman13Q\AppData\Local\Programs\muaman_store\data\flutter_assets\assets\fonts
2026-08-16 01:45:27.336   Successfully installed the file.
2026-08-16 01:45:27.336   -- File entry --
2026-08-16 01:45:27.336   Dest filename: C:\Users\CodexMuaman13Q\AppData\Local\Programs\muaman_store\data\flutter_assets\assets\fonts\NotoSansArabic-Regular.ttf
2026-08-16 01:45:27.336   Time stamp of our file: 2024-01-01 01:00:00.000
2026-08-16 01:45:27.336   Installing the file.
2026-08-16 01:45:27.336   Successfully installed the file.
2026-08-16 01:45:27.336   -- File entry --
2026-08-16 01:45:27.336   Dest filename: C:\Users\CodexMuaman13Q\AppData\Local\Programs\muaman_store\data\flutter_assets\assets\fonts\THIRD_PARTY_NOTICES.txt
2026-08-16 01:45:27.336   Time stamp of our file: 2024-01-01 01:00:00.000
2026-08-16 01:45:27.336   Installing the file.
2026-08-16 01:45:27.336   Successfully installed the file.
2026-08-16 01:45:27.336   -- File entry --
2026-08-16 01:45:27.352   Dest filename: C:\Users\CodexMuaman13Q\AppData\Local\Programs\muaman_store\data\flutter_assets\fonts\MaterialIcons-Regular.otf
2026-08-16 01:45:27.352   Time stamp of our file: 2024-01-01 01:00:00.000
2026-08-16 01:45:27.352   Installing the file.
2026-08-16 01:45:27.352   Creating directory: C:\Users\CodexMuaman13Q\AppData\Local\Programs\muaman_store\data\flutter_assets\fonts
2026-08-16 01:45:27.391   Successfully installed the file.
2026-08-16 01:45:27.391   -- File entry --
2026-08-16 01:45:27.391   Dest filename: C:\Users\CodexMuaman13Q\AppData\Local\Programs\muaman_store\data\flutter_assets\packages\cupertino_icons\assets\CupertinoIcons.ttf
2026-08-16 01:45:27.391   Time stamp of our file: 2024-01-01 01:00:00.000
2026-08-16 01:45:27.391   Installing the file.
2026-08-16 01:45:27.391   Creating directory: C:\Users\CodexMuaman13Q\AppData\Local\Programs\muaman_store\data\flutter_assets\packages
2026-08-16 01:45:27.391   Creating directory: C:\Users\CodexMuaman13Q\AppData\Local\Programs\muaman_store\data\flutter_assets\packages\cupertino_icons
2026-08-16 01:45:27.391   Creating directory: C:\Users\CodexMuaman13Q\AppData\Local\Programs\muaman_store\data\flutter_assets\packages\cupertino_icons\assets
2026-08-16 01:45:27.402   Successfully installed the file.
2026-08-16 01:45:27.402   -- File entry --
2026-08-16 01:45:27.402   Dest filename: C:\Users\CodexMuaman13Q\AppData\Local\Programs\muaman_store\data\flutter_assets\shaders\ink_sparkle.frag
2026-08-16 01:45:27.402   Time stamp of our file: 2024-01-01 01:00:00.000
2026-08-16 01:45:27.402   Installing the file.
2026-08-16 01:45:27.402   Creating directory: C:\Users\CodexMuaman13Q\AppData\Local\Programs\muaman_store\data\flutter_assets\shaders
2026-08-16 01:45:27.405   Successfully installed the file.
2026-08-16 01:45:27.407   -- Icon entry --
2026-08-16 01:45:27.407   Dest filename: C:\Users\CodexMuaman13Q\AppData\Roaming\Microsoft\Windows\Start Menu\Programs\I-TECH للتكنولوجيا.lnk
2026-08-16 01:45:27.407   Creating the icon.
2026-08-16 01:45:27.434   Successfully created the icon.
2026-08-16 01:45:27.434   Saving uninstall information.
2026-08-16 01:45:27.434   Creating new uninstall key: HKEY_CURRENT_USER\Software\Microsoft\Windows\CurrentVersion\Uninstall\{299ADF2A-0E9E-4A25-916C-1CB8328D0E5E}_is1
2026-08-16 01:45:27.434   Writing uninstall key values.
2026-08-16 01:45:27.434   Detected previous administrative 64-bit install? No
2026-08-16 01:45:27.434   Detected previous administrative 32-bit install? No
2026-08-16 01:45:27.434   Installation process succeeded.
2026-08-16 01:45:27.434   Need to restart Windows? No
2026-08-16 01:45:27.434   Deinitializing Setup.
2026-08-16 01:45:27.456   Log closed.
