2026-08-16 01:45:23.113   Log opened. (Time zone: UTC+03:00)
2026-08-16 01:45:23.113   Setup version: Inno Setup version 6.7.3
2026-08-16 01:45:23.113   Original Uninstall EXE: C:\Users\CodexMuaman13Q\AppData\Local\Programs\muaman_store\unins000.exe
2026-08-16 01:45:23.113   Uninstall DAT: C:\Users\CodexMuaman13Q\AppData\Local\Programs\muaman_store\unins000.dat
2026-08-16 01:45:23.113   Current Uninstall EXE: C:\Users\CODEXM~1\AppData\Local\Temp\is-MT72IFAIR8-uninstall.tmp\_unins.tmp
2026-08-16 01:45:23.113   Uninstall command line: /SECONDPHASE="C:\Users\CodexMuaman13Q\AppData\Local\Programs\muaman_store\unins000.exe" /FIRSTPHASEWND=$3909F0 /VERYSILENT /SUPPRESSMSGBOXES /NORESTART /LOG="C:\mu13o-acceptance\m13q\run\20260816-014426\evidence\logs\uninstall.log"
2026-08-16 01:45:23.113   Windows version: 10.0.26200
2026-08-16 01:45:23.113   Windows architecture: x64 (64-bit)
2026-08-16 01:45:23.113   Machine types supported by system: x86 x64
2026-08-16 01:45:23.113   User privileges: None
2026-08-16 01:45:23.113   Administrative install mode: No
2026-08-16 01:45:23.113   Install mode root key: HKEY_CURRENT_USER
2026-08-16 01:45:23.113   RedirectionGuard status for current process: Enabled in enforcing mode
2026-08-16 01:45:23.113   Cleaning up any residual temporary files from previous Uninstall runs.
2026-08-16 01:45:23.113   Deleted file: C:\Users\CODEXM~1\AppData\Local\Temp\is-KX8CBM5JT0-uninstall.tmp\_unins.tmp
2026-08-16 01:45:23.113   Cleanup finished (2 directories found, 2 directories checked, 1 files deleted).
2026-08-16 01:45:23.113   Created temporary directory: C:\Users\CODEXM~1\AppData\Local\Temp\is-8TODTHTESU.tmp
2026-08-16 01:45:23.141   Starting the uninstallation process.
2026-08-16 01:45:23.141   Deleting registry key: HKEY_CURRENT_USER\Software\Microsoft\Windows\CurrentVersion\Uninstall\{299ADF2A-0E9E-4A25-916C-1CB8328D0E5E}_is1
2026-08-16 01:45:23.275   Deleting file: C:\Users\CodexMuaman13Q\AppData\Roaming\Microsoft\Windows\Start Menu\Programs\I-TECH للتكنولوجيا.lnk
2026-08-16 01:45:23.276   Deleting file: C:\Users\CodexMuaman13Q\AppData\Local\Programs\muaman_store\data\flutter_assets\shaders\ink_sparkle.frag
2026-08-16 01:45:23.276   Deleting directory: C:\Users\CodexMuaman13Q\AppData\Local\Programs\muaman_store\data\flutter_assets\shaders
2026-08-16 01:45:23.276   Deleting file: C:\Users\CodexMuaman13Q\AppData\Local\Programs\muaman_store\data\flutter_assets\packages\cupertino_icons\assets\CupertinoIcons.ttf
2026-08-16 01:45:23.276   Deleting directory: C:\Users\CodexMuaman13Q\AppData\Local\Programs\muaman_store\data\flutter_assets\packages\cupertino_icons\assets
2026-08-16 01:45:23.276   Deleting directory: C:\Users\CodexMuaman13Q\AppData\Local\Programs\muaman_store\data\flutter_assets\packages\cupertino_icons
2026-08-16 01:45:23.276   Deleting directory: C:\Users\CodexMuaman13Q\AppData\Local\Programs\muaman_store\data\flutter_assets\packages
2026-08-16 01:45:23.276   Deleting file: C:\Users\CodexMuaman13Q\AppData\Local\Programs\muaman_store\data\flutter_assets\fonts\MaterialIcons-Regular.otf
2026-08-16 01:45:23.276   Deleting directory: C:\Users\CodexMuaman13Q\AppData\Local\Programs\muaman_store\data\flutter_assets\fonts
2026-08-16 01:45:23.276   Deleting file: C:\Users\CodexMuaman13Q\AppData\Local\Programs\muaman_store\data\flutter_assets\assets\fonts\THIRD_PARTY_NOTICES.txt
2026-08-16 01:45:23.276   Deleting file: C:\Users\CodexMuaman13Q\AppData\Local\Programs\muaman_store\data\flutter_assets\assets\fonts\NotoSansArabic-Regular.ttf
2026-08-16 01:45:23.276   Deleting file: C:\Users\CodexMuaman13Q\AppData\Local\Programs\muaman_store\data\flutter_assets\assets\fonts\NotoSansArabic-Bold.ttf
2026-08-16 01:45:23.276   Deleting directory: C:\Users\CodexMuaman13Q\AppData\Local\Programs\muaman_store\data\flutter_assets\assets\fonts
2026-08-16 01:45:23.276   Deleting directory: C:\Users\CodexMuaman13Q\AppData\Local\Programs\muaman_store\data\flutter_assets\assets
2026-08-16 01:45:23.276   Deleting file: C:\Users\CodexMuaman13Q\AppData\Local\Programs\muaman_store\data\flutter_assets\NOTICES.Z
2026-08-16 01:45:23.276   Deleting file: C:\Users\CodexMuaman13Q\AppData\Local\Programs\muaman_store\data\flutter_assets\FontManifest.json
2026-08-16 01:45:23.276   Deleting file: C:\Users\CodexMuaman13Q\AppData\Local\Programs\muaman_store\data\flutter_assets\AssetManifest.json
2026-08-16 01:45:23.276   Deleting file: C:\Users\CodexMuaman13Q\AppData\Local\Programs\muaman_store\data\flutter_assets\AssetManifest.bin
2026-08-16 01:45:23.276   Deleting directory: C:\Users\CodexMuaman13Q\AppData\Local\Programs\muaman_store\data\flutter_assets
2026-08-16 01:45:23.276   Deleting file: C:\Users\CodexMuaman13Q\AppData\Local\Programs\muaman_store\data\icudtl.dat
2026-08-16 01:45:23.276   Deleting file: C:\Users\CodexMuaman13Q\AppData\Local\Programs\muaman_store\data\app.so
2026-08-16 01:45:23.276   Deleting directory: C:\Users\CodexMuaman13Q\AppData\Local\Programs\muaman_store\data
2026-08-16 01:45:23.276   Deleting file: C:\Users\CodexMuaman13Q\AppData\Local\Programs\muaman_store\printing_plugin.dll
2026-08-16 01:45:23.276   Deleting file: C:\Users\CodexMuaman13Q\AppData\Local\Programs\muaman_store\pdfium.dll
2026-08-16 01:45:23.285   Deleting file: C:\Users\CodexMuaman13Q\AppData\Local\Programs\muaman_store\flutter_windows.dll
2026-08-16 01:45:23.288   Deleting file: C:\Users\CodexMuaman13Q\AppData\Local\Programs\muaman_store\muaman_store.exe
2026-08-16 01:45:23.288   Deleting directory: C:\Users\CodexMuaman13Q\AppData\Local\Programs\muaman_store
2026-08-16 01:45:23.288   Failed to delete directory (145). Will retry later.
2026-08-16 01:45:23.288   Deleting Uninstall data files.
2026-08-16 01:45:23.290   Creating "_unins-done.tmp" file.
2026-08-16 01:45:23.807   Deleting directory: C:\Users\CodexMuaman13Q\AppData\Local\Programs\muaman_store
2026-08-16 01:45:23.807   Failed to delete directory (145).
2026-08-16 01:45:23.807   Uninstallation process succeeded.
2026-08-16 01:45:23.807   Removed all? Yes
2026-08-16 01:45:23.807   Need to restart Windows? No
2026-08-16 01:45:23.807   Log closed.
