2026-08-16T00:30:08.049Z runId=REGUARD-STRESS-20260816-000301-c007 metadata saved
2026-08-16T00:30:08.086Z STEP S01-launch start
2026-08-16T00:30:14.039Z STEP S01-launch PASS
2026-08-16T00:30:14.043Z STEP S02-setup-owner start
2026-08-16T00:30:15.073Z Fill-Field setup-name try=1 row=left:1320 right:1402 top:377 bottom:401
2026-08-16T00:30:22.318Z Fill-Field setup-user try=1 row=left:1243 right:1404 top:454 bottom:481
2026-08-16T00:30:26.876Z Fill-Field setup-pass try=1 row=left:1272 right:1401 top:533 bottom:559
2026-08-16T00:30:31.164Z Fill-Field setup-confirm try=1 row=left:1225 right:1402 top:613 bottom:640
2026-08-16T00:30:35.359Z Click-OcrExact setup-b try=1 words=28 btn=True {part=[إنشاء] hits=2}
2026-08-16T00:30:37.441Z STEP S02-setup-owner PASS
2026-08-16T00:30:37.450Z STEP S03-login-owner start
2026-08-16T00:30:38.322Z Fill-Field login-user try=1 row=left:1243 right:1402 top:457 bottom:481
2026-08-16T00:30:42.895Z Fill-Field login-pass try=1 row=left:1272 right:1401 top:533 bottom:559
2026-08-16T00:30:47.047Z Click-OcrExact login-b try=1 words=14 btn=True {part=[تسجيل] hits=2}
2026-08-16T00:30:49.414Z STEP S03-login-owner PASS
2026-08-16T00:30:49.419Z STEP S04-add-product start
2026-08-16T00:30:50.476Z Click-NavTileByRank nav-inv rank=1 try=1 word='المخدن' screen=(1150,852)
2026-08-16T00:30:58.081Z Fill-Field prod-name try=1 row=left:787 right:878 top:351 bottom:373
2026-08-16T00:31:02.714Z Fill-Field prod-cost try=1 row=left:781 right:879 top:426 bottom:446
2026-08-16T00:31:07.353Z Fill-Field prod-qty try=1 row=left:777 right:880 top:471 bottom:486
2026-08-16T00:31:14.436Z STEP S04-add-product PASS
2026-08-16T00:31:14.439Z STEP S05-create-sale start
2026-08-16T00:31:15.384Z Click-NavTileByRank nav-sales rank=2 try=1 word='المبيعات' screen=(902,851)
2026-08-16T00:31:18.961Z Click-OcrCropped fab-inv try=1 hit='جديدة' imgX=75 imgY=716 screen=(105,746) exact=True
2026-08-16T00:31:33.065Z Fill-FloatingLabelField sale-customer try=1 probe=17W NOT in band [571,646)
2026-08-16T00:31:39.932Z Click-OcrExact save-inv try=1 words=54 btn=True {part=[حفظ] hits=1}
2026-08-16T00:31:42.097Z STEP S05-create-sale PASS
2026-08-16T00:31:42.099Z STEP S06-save-pdf start
2026-08-16T00:31:43.107Z Click-OcrExact save-pdf try=1 words=38 btn=True {part=[حفظ] hits=1}
2026-08-16T00:32:03.796Z STEP S06-save-pdf PASS
2026-08-16T00:32:03.799Z STEP S07-open-pdf start
2026-08-16T00:32:36.768Z STEP S07-open-pdf PASS
2026-08-16T00:32:36.770Z STEP S08-print-dialog start
2026-08-16T00:32:37.763Z Click-OcrExact print try=1 words=38 btn=True {part=[طباعة] hits=1}
2026-08-16T00:33:11.653Z STEP S08-print-dialog PASS
2026-08-16T00:33:11.654Z STEP S09-sales-history start
2026-08-16T00:33:17.297Z receipt icon color-scan clusters=13 top=(X=98 Y=303 N=35)
2026-08-16T00:33:20.990Z STEP S09-sales-history PASS
2026-08-16T00:33:20.993Z STEP S10-add-cashier start
2026-08-16T00:33:21.981Z Click-AppBarIcon users dx=0 name=[69..247]@y=75 screen=(349,105)
2026-08-16T00:33:28.618Z Fill-Field newuser-name try=1 row=left:834 right:878 top:239 bottom:261
2026-08-16T00:33:33.198Z Fill-Field newuser-user try=1 row=left:757 right:879 top:314 bottom:336
2026-08-16T00:33:37.836Z Fill-Field newuser-pass try=1 row=left:786 right:880 top:389 bottom:408
2026-08-16T00:33:42.020Z Fill-Field newuser-confirm try=1 row=left:739 right:879 top:459 bottom:483
2026-08-16T00:33:52.225Z Click-OcrExact create-user-1 try=1 words=33 btn=True {part=[إنشاء] hits=2}
2026-08-16T00:33:57.621Z STEP S10-add-cashier PASS
2026-08-16T00:33:57.623Z STEP S11-cashier-denied start
2026-08-16T00:33:58.623Z Click-AppBarIcon logout dx=0 name=[69..247]@y=75 screen=(75,105)
2026-08-16T00:34:02.734Z Fill-Field cashier-login-user try=1 row=left:1243 right:1402 top:457 bottom:481
2026-08-16T00:34:07.216Z Fill-Field cashier-login-pass try=1 row=left:1272 right:1401 top:533 bottom:559
2026-08-16T00:34:11.299Z Click-OcrExact cashier-login-b try=1 words=14 btn=True {part=[تسجيل] hits=2}
2026-08-16T00:34:13.413Z STEP S11-cashier-denied PASS
2026-08-16T00:34:13.415Z STEP S12-logout-close start
2026-08-16T00:34:14.283Z Click-AppBarIcon logout dx=0 name=[21..280]@y=75 screen=(27,105)
2026-08-16T00:34:30.339Z Click-AppBarIcon logout dx=16 name=[21..280]@y=75 screen=(43,105)
2026-08-16T00:34:34.904Z STEP S12-logout-close PASS
2026-08-16T00:34:34.904Z STEP S13-final-evidence start
2026-08-16T00:34:34.937Z STEP S13-final-evidence PASS
2026-08-16T00:34:34.954Z WORKER DONE aborted=False
