2026-08-13T02:34:11.748Z runId=REPRO2-20260813-053410 metadata saved
2026-08-13T02:34:11.761Z STEP S01-launch start
2026-08-13T02:34:17.986Z STEP S01-launch PASS
2026-08-13T02:34:17.991Z STEP S02-setup-owner start
2026-08-13T02:34:19.167Z Fill-Field setup-name try=1 row=left:1320 right:1402 top:377 bottom:401
2026-08-13T02:34:26.408Z Fill-Field setup-user try=1 row=left:1243 right:1404 top:454 bottom:481
2026-08-13T02:34:31.009Z Fill-Field setup-pass try=1 row=left:1272 right:1401 top:533 bottom:559
2026-08-13T02:34:35.283Z Fill-Field setup-confirm try=1 row=left:1225 right:1402 top:613 bottom:640
2026-08-13T02:34:39.493Z Click-OcrExact setup-b try=1 words=28 btn=True {part=[إنشاء] hits=2}
2026-08-13T02:34:41.588Z STEP S02-setup-owner PASS
2026-08-13T02:34:41.591Z STEP S03-login-owner start
2026-08-13T02:34:42.515Z Fill-Field login-user try=1 row=left:1243 right:1402 top:457 bottom:481
2026-08-13T02:34:47.027Z Fill-Field login-pass try=1 row=left:1272 right:1401 top:533 bottom:559
2026-08-13T02:34:51.218Z Click-OcrExact login-b try=1 words=14 btn=True {part=[تسجيل] hits=2}
2026-08-13T02:34:53.740Z STEP S03-login-owner PASS
2026-08-13T02:34:53.744Z STEP S04-add-product start
2026-08-13T02:34:54.848Z Click-NavTileByRank nav-inv rank=1 try=1 word='المخدن' screen=(1150,852)
2026-08-13T02:35:02.855Z Fill-Field prod-name try=1 row=left:787 right:878 top:351 bottom:373
2026-08-13T02:35:07.632Z Fill-Field prod-cost try=1 row=left:781 right:879 top:426 bottom:446
2026-08-13T02:35:12.474Z Fill-Field prod-qty try=1 row=left:777 right:880 top:471 bottom:486
2026-08-13T02:35:19.790Z STEP S04-add-product PASS
2026-08-13T02:35:19.794Z STEP S05-create-sale start
2026-08-13T02:35:20.750Z Click-NavTileByRank nav-sales rank=2 try=1 word='المبيعات' screen=(902,851)
2026-08-13T02:35:24.661Z Click-OcrCropped fab-inv try=1 hit='جديدة' imgX=74 imgY=725 screen=(104,755) exact=True
2026-08-13T02:36:10.597Z Fill-FloatingLabelField sale-customer try=1 probe=17W NOT in band [571,646)
2026-08-13T02:36:18.413Z Click-OcrExact save-inv try=1 words=87 btn=True {part=[حفظ] hits=1}
2026-08-13T02:36:20.633Z STEP S05-create-sale PASS
2026-08-13T02:36:20.634Z STEP S06-save-pdf start
2026-08-13T02:36:21.668Z Click-OcrExact save-pdf try=1 words=38 btn=True {part=[حفظ] hits=1}
2026-08-13T02:36:44.210Z STEP S06-save-pdf PASS
2026-08-13T02:36:44.213Z STEP S07-open-pdf start
2026-08-13T02:36:48.991Z STEP S07-open-pdf PASS
2026-08-13T02:36:48.993Z STEP S08-print-dialog start
2026-08-13T02:36:50.005Z Click-OcrExact print try=1 words=38 btn=True {part=[طباعة] hits=1}
2026-08-13T02:37:24.814Z STEP S08-print-dialog PASS
2026-08-13T02:37:24.818Z STEP S09-sales-history start
2026-08-13T02:37:30.702Z receipt icon color-scan clusters=13 top=(X=98 Y=303 N=35)
2026-08-13T02:37:34.463Z STEP S09-sales-history PASS
2026-08-13T02:37:34.466Z STEP S10-add-cashier start
2026-08-13T02:37:35.648Z Click-AppBarIcon users dx=0 name=[69..247]@y=75 screen=(349,105)
2026-08-13T02:37:42.361Z Fill-Field newuser-name try=1 row=left:834 right:878 top:239 bottom:261
2026-08-13T02:37:46.986Z Fill-Field newuser-user try=1 row=left:757 right:879 top:314 bottom:336
2026-08-13T02:37:51.578Z Fill-Field newuser-pass try=1 row=left:786 right:880 top:389 bottom:408
2026-08-13T02:37:55.760Z Fill-Field newuser-confirm try=1 row=left:739 right:879 top:459 bottom:483
2026-08-13T02:38:05.957Z Click-OcrExact create-user-1 try=1 words=33 btn=True {part=[إنشاء] hits=2}
2026-08-13T02:38:11.387Z STEP S10-add-cashier PASS
2026-08-13T02:38:11.390Z STEP S11-cashier-denied start
2026-08-13T02:38:12.532Z Click-AppBarIcon logout dx=0 name=[69..247]@y=75 screen=(75,105)
2026-08-13T02:38:16.665Z Fill-Field cashier-login-user try=1 row=left:1243 right:1402 top:457 bottom:481
2026-08-13T02:38:21.178Z Fill-Field cashier-login-pass try=1 row=left:1272 right:1401 top:533 bottom:559
2026-08-13T02:38:25.265Z Click-OcrExact cashier-login-b try=1 words=14 btn=True {part=[تسجيل] hits=2}
2026-08-13T02:38:27.387Z STEP S11-cashier-denied PASS
2026-08-13T02:38:27.390Z STEP S12-logout-close start
2026-08-13T02:38:28.288Z Click-AppBarIcon logout dx=0 name=[21..280]@y=75 screen=(27,105)
2026-08-13T02:38:45.503Z Click-AppBarIcon logout dx=16 name=[21..280]@y=75 screen=(43,105)
2026-08-13T02:38:53.025Z STEP S12-logout-close PASS
2026-08-13T02:38:53.029Z STEP S13-final-evidence start
2026-08-13T02:38:53.041Z STEP S13-final-evidence PASS
2026-08-13T02:38:53.061Z WORKER DONE aborted=False
