2026-08-16T00:53:23.590Z runId=REGUARD-STRESS-B-20260816-005321-c001 metadata saved
2026-08-16T00:53:23.638Z STEP S01-launch start
2026-08-16T00:53:30.420Z STEP S01-launch PASS
2026-08-16T00:53:30.429Z STEP S02-setup-owner start
2026-08-16T00:53:32.021Z Fill-Field setup-name try=1 row=left:1320 right:1402 top:377 bottom:401
2026-08-16T00:53:40.398Z Fill-Field setup-user try=1 row=left:1243 right:1404 top:454 bottom:481
2026-08-16T00:53:45.670Z Fill-Field setup-pass try=1 row=left:1272 right:1401 top:533 bottom:559
2026-08-16T00:53:50.696Z Fill-Field setup-confirm try=1 row=left:1225 right:1402 top:613 bottom:640
2026-08-16T00:53:55.769Z Click-OcrExact setup-b try=1 words=27 btn=True {part=[إنشاء] hits=2}
2026-08-16T00:53:58.315Z STEP S02-setup-owner PASS
2026-08-16T00:53:58.320Z STEP S03-login-owner start
2026-08-16T00:53:59.498Z Fill-Field login-user try=1 row=left:1243 right:1402 top:457 bottom:481
2026-08-16T00:54:04.547Z Fill-Field login-pass try=1 row=left:1272 right:1401 top:533 bottom:559
2026-08-16T00:54:09.255Z Click-OcrExact login-b try=1 words=15 btn=True {part=[تسجيل] hits=2}
2026-08-16T00:54:12.550Z STEP S03-login-owner PASS
2026-08-16T00:54:12.558Z STEP S04-add-product start
2026-08-16T00:54:14.299Z Click-NavTileByRank nav-inv rank=1 try=1 word='المخدن' screen=(1150,852)
2026-08-16T00:54:23.303Z Fill-Field prod-name try=1 row=left:787 right:878 top:351 bottom:373
2026-08-16T00:54:28.761Z Fill-Field prod-cost try=1 row=left:781 right:879 top:426 bottom:446
2026-08-16T00:54:34.292Z Fill-Field prod-qty try=1 row=left:777 right:880 top:471 bottom:486
2026-08-16T00:54:42.498Z STEP S04-add-product PASS
2026-08-16T00:54:42.504Z STEP S05-create-sale start
2026-08-16T00:54:43.994Z Click-NavTileByRank nav-sales rank=2 try=1 word='المبيعات' screen=(902,851)
2026-08-16T00:54:48.142Z Click-OcrCropped fab-inv try=1 hit='جديدة' imgX=75 imgY=716 screen=(105,746) exact=True
2026-08-16T00:55:05.763Z Fill-FloatingLabelField sale-customer try=1 probe=17W NOT in band [571,646)
2026-08-16T00:55:15.244Z Click-OcrExact save-inv try=1 words=54 btn=True {part=[حفظ] hits=1}
2026-08-16T00:55:17.927Z STEP S05-create-sale PASS
2026-08-16T00:55:17.937Z STEP S06-save-pdf start
2026-08-16T00:55:19.479Z Click-OcrExact save-pdf try=1 words=38 btn=True {part=[حفظ] hits=1}
2026-08-16T00:55:41.563Z STEP S06-save-pdf PASS
2026-08-16T00:55:41.568Z STEP S07-open-pdf start
2026-08-16T00:56:14.708Z STEP S07-open-pdf PASS
2026-08-16T00:56:14.713Z STEP S08-print-dialog start
2026-08-16T00:56:16.326Z Click-OcrExact print try=1 words=38 btn=True {part=[طباعة] hits=1}
2026-08-16T00:56:50.699Z STEP S08-print-dialog PASS
2026-08-16T00:56:50.704Z STEP S09-sales-history start
2026-08-16T00:56:57.312Z receipt icon color-scan clusters=13 top=(X=98 Y=303 N=35)
2026-08-16T00:57:01.708Z STEP S09-sales-history PASS
2026-08-16T00:57:01.713Z STEP S10-add-cashier start
2026-08-16T00:57:03.228Z Click-AppBarIcon users dx=0 name=[69..247]@y=75 screen=(349,105)
2026-08-16T00:57:11.046Z Fill-Field newuser-name try=1 row=left:834 right:878 top:239 bottom:261
2026-08-16T00:57:16.481Z Fill-Field newuser-user try=1 row=left:757 right:879 top:314 bottom:336
2026-08-16T00:57:22.017Z Fill-Field newuser-pass try=1 row=left:786 right:880 top:389 bottom:408
2026-08-16T00:57:27.082Z Fill-Field newuser-confirm try=1 row=left:739 right:879 top:459 bottom:483
2026-08-16T00:57:39.052Z Click-OcrExact create-user-1 try=1 words=33 btn=True {part=[إنشاء] hits=2}
2026-08-16T00:57:45.369Z STEP S10-add-cashier PASS
2026-08-16T00:57:45.376Z STEP S11-cashier-denied start
2026-08-16T00:57:46.786Z Click-AppBarIcon logout dx=0 name=[69..247]@y=75 screen=(75,105)
2026-08-16T00:57:51.827Z Fill-Field cashier-login-user try=1 row=left:1243 right:1402 top:457 bottom:481
2026-08-16T00:57:56.877Z Fill-Field cashier-login-pass try=1 row=left:1272 right:1401 top:533 bottom:559
2026-08-16T00:58:01.618Z Click-OcrExact cashier-login-b try=1 words=15 btn=True {part=[تسجيل] hits=2}
2026-08-16T00:58:04.148Z STEP S11-cashier-denied PASS
2026-08-16T00:58:04.153Z STEP S12-logout-close start
2026-08-16T00:58:05.371Z Click-AppBarIcon logout dx=0 name=[21..280]@y=75 screen=(27,105)
2026-08-16T00:58:21.436Z Click-AppBarIcon logout dx=16 name=[21..280]@y=75 screen=(43,105)
2026-08-16T00:58:26.275Z STEP S12-logout-close PASS
2026-08-16T00:58:26.275Z STEP S13-final-evidence start
2026-08-16T00:58:26.310Z STEP S13-final-evidence PASS
2026-08-16T00:58:26.355Z WORKER DONE aborted=False
