### B-proper (existing dirs)
  APPDATA=[C:\dev\muaman-13i-environment-b-independent-home-root\appdata\roaming]
  LOCALAPPDATA=[C:\dev\muaman-13i-environment-b-independent-home-root\appdata\local]
  USERPROFILE=[C:\dev\muaman-13i-environment-b-independent-home-root]
  PROGRAMDATA=[]
  TEMP=[C:\dev\muaman-13i-environment-b-independent-temp-root]
  GetTempPath=[C:\dev\muaman-13i-environment-b-independent-temp-root\]
  GFP(ApplicationData)=[C:\dev\muaman-13i-environment-b-independent-home-root\AppData\Roaming]
  GFP(LocalApplicationData)=[C:\dev\muaman-13i-environment-b-independent-home-root\AppData\Local]
  GFP(CommonApplicationData)=[C:\ProgramData]
  GFP(UserProfile)=[C:\Users\saber]
  GFP(MyDocuments)=[C:\Users\saber\OneDrive\Documents]
  GFP(Desktop)=[C:\Users\saber\OneDrive\Desktop]
  FileTracker.s_tempPath = [C:\dev\muaman-13i-environment-b-independent-temp-root\]
  FileTracker.s_tempShortPath = [C:\DEV\MU3DCC~1\]
  FileTracker.s_tempLongPath = [C:\DEV\MUAMAN-13I-ENVIRONMENT-B-INDEPENDENT-TEMP-ROOT\]
  FileTracker.s_applicationDataPath = [C:\DEV\MUAMAN-13I-ENVIRONMENT-B-INDEPENDENT-HOME-ROOT\APPDATA\ROAMING\]
  FileTracker.s_localApplicationDataPath = [C:\DEV\MUAMAN-13I-ENVIRONMENT-B-INDEPENDENT-HOME-ROOT\APPDATA\LOCAL\]
  FileTracker.s_localLowApplicationDataPath = [C:\USERS\SABER\APPDATA\LOCALLOW\]
  FileTracker.s_commonApplicationDataPaths = ['C:\PROGRAMDATA\' | 'C:\DOCUMENTS AND SETTINGS\ALL USERS\APPLICATION DATA\' | 'C:\USERS\ALL USERS\APPLICATION DATA\']
  FileTracker.pathSeparatorArray = [System.Char[]]
  FileTracker.pathSeparator = [;]
  FileTracker.s_TrackerFilename = [Tracker.exe]
  FileTracker.s_FileTrackerFilename = [FileTracker32.dll]
  FileTracker.pathEnvironmentVariableName = [PATH]

### B temp nonexistent
  APPDATA=[C:\dev\muaman-13i-environment-b-independent-home-root\appdata\roaming]
  LOCALAPPDATA=[C:\dev\muaman-13i-environment-b-independent-home-root\appdata\local]
  USERPROFILE=[C:\dev\muaman-13i-environment-b-independent-home-root]
  PROGRAMDATA=[]
  TEMP=[C:\dev\muaman-13i-environment-b-independent-temp-root-DOES-NOT-EXIST]
  GetTempPath=[C:\dev\muaman-13i-environment-b-independent-temp-root-DOES-NOT-EXIST\]
  GFP(ApplicationData)=[C:\dev\muaman-13i-environment-b-independent-home-root\AppData\Roaming]
  GFP(LocalApplicationData)=[C:\dev\muaman-13i-environment-b-independent-home-root\AppData\Local]
  GFP(CommonApplicationData)=[C:\ProgramData]
  GFP(UserProfile)=[C:\Users\saber]
  GFP(MyDocuments)=[C:\Users\saber\OneDrive\Documents]
  GFP(Desktop)=[C:\Users\saber\OneDrive\Desktop]
  FileTracker.s_tempPath = [C:\dev\muaman-13i-environment-b-independent-temp-root\]
  FileTracker.s_tempShortPath = [C:\DEV\MU3DCC~1\]
  FileTracker.s_tempLongPath = [C:\DEV\MUAMAN-13I-ENVIRONMENT-B-INDEPENDENT-TEMP-ROOT\]
  FileTracker.s_applicationDataPath = [C:\DEV\MUAMAN-13I-ENVIRONMENT-B-INDEPENDENT-HOME-ROOT\APPDATA\ROAMING\]
  FileTracker.s_localApplicationDataPath = [C:\DEV\MUAMAN-13I-ENVIRONMENT-B-INDEPENDENT-HOME-ROOT\APPDATA\LOCAL\]
  FileTracker.s_localLowApplicationDataPath = [C:\USERS\SABER\APPDATA\LOCALLOW\]
  FileTracker.s_commonApplicationDataPaths = ['C:\PROGRAMDATA\' | 'C:\DOCUMENTS AND SETTINGS\ALL USERS\APPLICATION DATA\' | 'C:\USERS\ALL USERS\APPLICATION DATA\']
  FileTracker.pathSeparatorArray = [System.Char[]]
  FileTracker.pathSeparator = [;]
  FileTracker.s_TrackerFilename = [Tracker.exe]
  FileTracker.s_FileTrackerFilename = [FileTracker32.dll]
  FileTracker.pathEnvironmentVariableName = [PATH]

### B appdata/local/profile nonexistent
  APPDATA=[C:\dev\muaman-13i-environment-b-independent-home-root\appdata\roaming-DOES-NOT-EXIST]
  LOCALAPPDATA=[C:\dev\muaman-13i-environment-b-independent-home-root\appdata\local-DOES-NOT-EXIST]
  USERPROFILE=[C:\dev\muaman-13i-environment-b-independent-home-root-DOES-NOT-EXIST]
  PROGRAMDATA=[]
  TEMP=[C:\dev\muaman-13i-environment-b-independent-temp-root-DOES-NOT-EXIST]
  GetTempPath=[C:\dev\muaman-13i-environment-b-independent-temp-root-DOES-NOT-EXIST\]
  GFP(ApplicationData)=[C:\dev\muaman-13i-environment-b-independent-home-root\AppData\Roaming]
  GFP(LocalApplicationData)=[C:\dev\muaman-13i-environment-b-independent-home-root\AppData\Local]
  GFP(CommonApplicationData)=[C:\ProgramData]
  GFP(UserProfile)=[C:\Users\saber]
  GFP(MyDocuments)=[C:\Users\saber\OneDrive\Documents]
  GFP(Desktop)=[C:\Users\saber\OneDrive\Desktop]
  FileTracker.s_tempPath = [C:\dev\muaman-13i-environment-b-independent-temp-root\]
  FileTracker.s_tempShortPath = [C:\DEV\MU3DCC~1\]
  FileTracker.s_tempLongPath = [C:\DEV\MUAMAN-13I-ENVIRONMENT-B-INDEPENDENT-TEMP-ROOT\]
  FileTracker.s_applicationDataPath = [C:\DEV\MUAMAN-13I-ENVIRONMENT-B-INDEPENDENT-HOME-ROOT\APPDATA\ROAMING\]
  FileTracker.s_localApplicationDataPath = [C:\DEV\MUAMAN-13I-ENVIRONMENT-B-INDEPENDENT-HOME-ROOT\APPDATA\LOCAL\]
  FileTracker.s_localLowApplicationDataPath = [C:\USERS\SABER\APPDATA\LOCALLOW\]
  FileTracker.s_commonApplicationDataPaths = ['C:\PROGRAMDATA\' | 'C:\DOCUMENTS AND SETTINGS\ALL USERS\APPLICATION DATA\' | 'C:\USERS\ALL USERS\APPLICATION DATA\']
  FileTracker.pathSeparatorArray = [System.Char[]]
  FileTracker.pathSeparator = [;]
  FileTracker.s_TrackerFilename = [Tracker.exe]
  FileTracker.s_FileTrackerFilename = [FileTracker32.dll]
  FileTracker.pathEnvironmentVariableName = [PATH]

### B appdata on nonexistent drive
  APPDATA=[C:\NO-SUCH-DRIVE-Z\roaming]
  LOCALAPPDATA=[C:\NO-SUCH-DRIVE-Z\local]
  USERPROFILE=[C:\NO-SUCH-DRIVE-Z]
  PROGRAMDATA=[]
  TEMP=[C:\dev\muaman-13i-environment-b-independent-temp-root-DOES-NOT-EXIST]
  GetTempPath=[C:\dev\muaman-13i-environment-b-independent-temp-root-DOES-NOT-EXIST\]
  GFP(ApplicationData)=[C:\dev\muaman-13i-environment-b-independent-home-root\AppData\Roaming]
  GFP(LocalApplicationData)=[C:\dev\muaman-13i-environment-b-independent-home-root\AppData\Local]
  GFP(CommonApplicationData)=[C:\ProgramData]
  GFP(UserProfile)=[C:\Users\saber]
  GFP(MyDocuments)=[C:\Users\saber\OneDrive\Documents]
  GFP(Desktop)=[C:\Users\saber\OneDrive\Desktop]
  FileTracker.s_tempPath = [C:\dev\muaman-13i-environment-b-independent-temp-root\]
  FileTracker.s_tempShortPath = [C:\DEV\MU3DCC~1\]
  FileTracker.s_tempLongPath = [C:\DEV\MUAMAN-13I-ENVIRONMENT-B-INDEPENDENT-TEMP-ROOT\]
  FileTracker.s_applicationDataPath = [C:\DEV\MUAMAN-13I-ENVIRONMENT-B-INDEPENDENT-HOME-ROOT\APPDATA\ROAMING\]
  FileTracker.s_localApplicationDataPath = [C:\DEV\MUAMAN-13I-ENVIRONMENT-B-INDEPENDENT-HOME-ROOT\APPDATA\LOCAL\]
  FileTracker.s_localLowApplicationDataPath = [C:\USERS\SABER\APPDATA\LOCALLOW\]
  FileTracker.s_commonApplicationDataPaths = ['C:\PROGRAMDATA\' | 'C:\DOCUMENTS AND SETTINGS\ALL USERS\APPLICATION DATA\' | 'C:\USERS\ALL USERS\APPLICATION DATA\']
  FileTracker.pathSeparatorArray = [System.Char[]]
  FileTracker.pathSeparator = [;]
  FileTracker.s_TrackerFilename = [Tracker.exe]
  FileTracker.s_FileTrackerFilename = [FileTracker32.dll]
  FileTracker.pathEnvironmentVariableName = [PATH]

### all empty string
  APPDATA=[]
  LOCALAPPDATA=[]
  USERPROFILE=[]
  PROGRAMDATA=[]
  TEMP=[]
  GetTempPath=[C:\WINDOWS\]
  GFP(ApplicationData)=[C:\dev\muaman-13i-environment-b-independent-home-root\AppData\Roaming]
  GFP(LocalApplicationData)=[C:\dev\muaman-13i-environment-b-independent-home-root\AppData\Local]
  GFP(CommonApplicationData)=[C:\ProgramData]
  GFP(UserProfile)=[C:\Users\saber]
  GFP(MyDocuments)=[C:\Users\saber\OneDrive\Documents]
  GFP(Desktop)=[C:\Users\saber\OneDrive\Desktop]
  FileTracker.s_tempPath = [C:\dev\muaman-13i-environment-b-independent-temp-root\]
  FileTracker.s_tempShortPath = [C:\DEV\MU3DCC~1\]
  FileTracker.s_tempLongPath = [C:\DEV\MUAMAN-13I-ENVIRONMENT-B-INDEPENDENT-TEMP-ROOT\]
  FileTracker.s_applicationDataPath = [C:\DEV\MUAMAN-13I-ENVIRONMENT-B-INDEPENDENT-HOME-ROOT\APPDATA\ROAMING\]
  FileTracker.s_localApplicationDataPath = [C:\DEV\MUAMAN-13I-ENVIRONMENT-B-INDEPENDENT-HOME-ROOT\APPDATA\LOCAL\]
  FileTracker.s_localLowApplicationDataPath = [C:\USERS\SABER\APPDATA\LOCALLOW\]
  FileTracker.s_commonApplicationDataPaths = ['C:\PROGRAMDATA\' | 'C:\DOCUMENTS AND SETTINGS\ALL USERS\APPLICATION DATA\' | 'C:\USERS\ALL USERS\APPLICATION DATA\']
  FileTracker.pathSeparatorArray = [System.Char[]]
  FileTracker.pathSeparator = [;]
  FileTracker.s_TrackerFilename = [Tracker.exe]
  FileTracker.s_FileTrackerFilename = [FileTracker32.dll]
  FileTracker.pathEnvironmentVariableName = [PATH]

### all unset (null)
  APPDATA=[]
  LOCALAPPDATA=[]
  USERPROFILE=[]
  PROGRAMDATA=[]
  TEMP=[]
  GetTempPath=[C:\WINDOWS\]
  GFP(ApplicationData)=[C:\dev\muaman-13i-environment-b-independent-home-root\AppData\Roaming]
  GFP(LocalApplicationData)=[C:\dev\muaman-13i-environment-b-independent-home-root\AppData\Local]
  GFP(CommonApplicationData)=[C:\ProgramData]
  GFP(UserProfile)=[C:\Users\saber]
  GFP(MyDocuments)=[C:\Users\saber\OneDrive\Documents]
  GFP(Desktop)=[C:\Users\saber\OneDrive\Desktop]
  FileTracker.s_tempPath = [C:\dev\muaman-13i-environment-b-independent-temp-root\]
  FileTracker.s_tempShortPath = [C:\DEV\MU3DCC~1\]
  FileTracker.s_tempLongPath = [C:\DEV\MUAMAN-13I-ENVIRONMENT-B-INDEPENDENT-TEMP-ROOT\]
  FileTracker.s_applicationDataPath = [C:\DEV\MUAMAN-13I-ENVIRONMENT-B-INDEPENDENT-HOME-ROOT\APPDATA\ROAMING\]
  FileTracker.s_localApplicationDataPath = [C:\DEV\MUAMAN-13I-ENVIRONMENT-B-INDEPENDENT-HOME-ROOT\APPDATA\LOCAL\]
  FileTracker.s_localLowApplicationDataPath = [C:\USERS\SABER\APPDATA\LOCALLOW\]
  FileTracker.s_commonApplicationDataPaths = ['C:\PROGRAMDATA\' | 'C:\DOCUMENTS AND SETTINGS\ALL USERS\APPLICATION DATA\' | 'C:\USERS\ALL USERS\APPLICATION DATA\']
  FileTracker.pathSeparatorArray = [System.Char[]]
  FileTracker.pathSeparator = [;]
  FileTracker.s_TrackerFilename = [Tracker.exe]
  FileTracker.s_FileTrackerFilename = [FileTracker32.dll]
  FileTracker.pathEnvironmentVariableName = [PATH]

### all relative dot
  APPDATA=[.]
  LOCALAPPDATA=[.]
  USERPROFILE=[.]
  PROGRAMDATA=[.]
  TEMP=[.]
  GetTempPath=[C:\dev\muaman.worktrees\]
  GFP(ApplicationData)=[C:\dev\muaman-13i-environment-b-independent-home-root\AppData\Roaming]
  GFP(LocalApplicationData)=[C:\dev\muaman-13i-environment-b-independent-home-root\AppData\Local]
  GFP(CommonApplicationData)=[C:\ProgramData]
  GFP(UserProfile)=[C:\Users\saber]
  GFP(MyDocuments)=[C:\Users\saber\OneDrive\Documents]
  GFP(Desktop)=[C:\Users\saber\OneDrive\Desktop]
  FileTracker.s_tempPath = [C:\dev\muaman-13i-environment-b-independent-temp-root\]
  FileTracker.s_tempShortPath = [C:\DEV\MU3DCC~1\]
  FileTracker.s_tempLongPath = [C:\DEV\MUAMAN-13I-ENVIRONMENT-B-INDEPENDENT-TEMP-ROOT\]
  FileTracker.s_applicationDataPath = [C:\DEV\MUAMAN-13I-ENVIRONMENT-B-INDEPENDENT-HOME-ROOT\APPDATA\ROAMING\]
  FileTracker.s_localApplicationDataPath = [C:\DEV\MUAMAN-13I-ENVIRONMENT-B-INDEPENDENT-HOME-ROOT\APPDATA\LOCAL\]
  FileTracker.s_localLowApplicationDataPath = [C:\USERS\SABER\APPDATA\LOCALLOW\]
  FileTracker.s_commonApplicationDataPaths = ['C:\PROGRAMDATA\' | 'C:\DOCUMENTS AND SETTINGS\ALL USERS\APPLICATION DATA\' | 'C:\USERS\ALL USERS\APPLICATION DATA\']
  FileTracker.pathSeparatorArray = [System.Char[]]
  FileTracker.pathSeparator = [;]
  FileTracker.s_TrackerFilename = [Tracker.exe]
  FileTracker.s_FileTrackerFilename = [FileTracker32.dll]
  FileTracker.pathEnvironmentVariableName = [PATH]

