[  +69 ms] Artifact Instance of 'AndroidGenSnapshotArtifacts' is not required, skipping update.
[   +8 ms] Artifact Instance of 'AndroidInternalBuildArtifacts' is not required, skipping update.
[        ] Artifact Instance of 'IOSEngineArtifacts' is not required, skipping update.
[        ] Artifact Instance of 'FlutterWebSdk' is not required, skipping update.
[        ] Artifact Instance of 'LegacyCanvasKitRemover' is not required, skipping update.
[   +7 ms] Artifact Instance of 'WindowsEngineArtifacts' is not required, skipping update.
[        ] Artifact Instance of 'MacOSEngineArtifacts' is not required, skipping update.
[        ] Artifact Instance of 'LinuxEngineArtifacts' is not required, skipping update.
[        ] Artifact Instance of 'LinuxFuchsiaSDKArtifacts' is not required, skipping update.
[        ] Artifact Instance of 'MacOSFuchsiaSDKArtifacts' is not required, skipping update.
[        ] Artifact Instance of 'FlutterRunnerSDKArtifacts' is not required, skipping update.
[        ] Artifact Instance of 'FlutterRunnerDebugSymbols' is not required, skipping update.
[  +92 ms] Artifact Instance of 'MaterialFonts' is not required, skipping update.
[        ] Artifact Instance of 'GradleWrapper' is not required, skipping update.
[        ] Artifact Instance of 'AndroidGenSnapshotArtifacts' is not required, skipping update.
[        ] Artifact Instance of 'AndroidInternalBuildArtifacts' is not required, skipping update.
[        ] Artifact Instance of 'IOSEngineArtifacts' is not required, skipping update.
[        ] Artifact Instance of 'FlutterWebSdk' is not required, skipping update.
[        ] Artifact Instance of 'LegacyCanvasKitRemover' is not required, skipping update.
[        ] Artifact Instance of 'FlutterSdk' is not required, skipping update.
[   +7 ms] Artifact Instance of 'MacOSEngineArtifacts' is not required, skipping update.
[        ] Artifact Instance of 'LinuxEngineArtifacts' is not required, skipping update.
[        ] Artifact Instance of 'LinuxFuchsiaSDKArtifacts' is not required, skipping update.
[        ] Artifact Instance of 'MacOSFuchsiaSDKArtifacts' is not required, skipping update.
[        ] Artifact Instance of 'FlutterRunnerSDKArtifacts' is not required, skipping update.
[        ] Artifact Instance of 'FlutterRunnerDebugSymbols' is not required, skipping update.
[        ] Artifact Instance of 'IosUsbArtifacts' is not required, skipping update.
[        ] Artifact Instance of 'IosUsbArtifacts' is not required, skipping update.
[        ] Artifact Instance of 'IosUsbArtifacts' is not required, skipping update.
[        ] Artifact Instance of 'IosUsbArtifacts' is not required, skipping update.
[        ] Artifact Instance of 'IosUsbArtifacts' is not required, skipping update.
[        ] Artifact Instance of 'FontSubsetArtifacts' is not required, skipping update.
[        ] Artifact Instance of 'PubDependencies' is not required, skipping update.
[ +138 ms] Skipping pub get: version match.
[ +127 ms] Found plugin file_picker at C:\Users\saber\AppData\Local\Pub\Cache\hosted\pub.dev\file_picker-8.3.7\
[  +21 ms] Found plugin flutter_plugin_android_lifecycle at C:\Users\saber\AppData\Local\Pub\Cache\hosted\pub.dev\flutter_plugin_android_lifecycle-2.0.26\
[  +73 ms] Found plugin printing at C:\Users\saber\AppData\Local\Pub\Cache\hosted\pub.dev\printing-5.14.3\
[  +20 ms] Found plugin sqflite at C:\Users\saber\AppData\Local\Pub\Cache\hosted\pub.dev\sqflite-2.4.1\
[   +4 ms] Found plugin sqflite_android at C:\Users\saber\AppData\Local\Pub\Cache\hosted\pub.dev\sqflite_android-2.4.0\
[  +12 ms] Found plugin sqflite_darwin at C:\Users\saber\AppData\Local\Pub\Cache\hosted\pub.dev\sqflite_darwin-2.4.1+1\
[ +135 ms] Found plugin integration_test at C:\src\flutter\packages\integration_test\
[ +129 ms] Found plugin file_picker at C:\Users\saber\AppData\Local\Pub\Cache\hosted\pub.dev\file_picker-8.3.7\
[   +4 ms] Found plugin flutter_plugin_android_lifecycle at C:\Users\saber\AppData\Local\Pub\Cache\hosted\pub.dev\flutter_plugin_android_lifecycle-2.0.26\
[  +59 ms] Found plugin printing at C:\Users\saber\AppData\Local\Pub\Cache\hosted\pub.dev\printing-5.14.3\
[  +22 ms] Found plugin sqflite at C:\Users\saber\AppData\Local\Pub\Cache\hosted\pub.dev\sqflite-2.4.1\
[   +5 ms] Found plugin sqflite_android at C:\Users\saber\AppData\Local\Pub\Cache\hosted\pub.dev\sqflite_android-2.4.0\
[  +11 ms] Found plugin sqflite_darwin at C:\Users\saber\AppData\Local\Pub\Cache\hosted\pub.dev\sqflite_darwin-2.4.1+1\
[  +86 ms] Found plugin integration_test at C:\src\flutter\packages\integration_test\
[ +101 ms] Found plugin file_picker at C:\Users\saber\AppData\Local\Pub\Cache\hosted\pub.dev\file_picker-8.3.7\
[   +8 ms] Found plugin flutter_plugin_android_lifecycle at C:\Users\saber\AppData\Local\Pub\Cache\hosted\pub.dev\flutter_plugin_android_lifecycle-2.0.26\
[  +51 ms] Found plugin printing at C:\Users\saber\AppData\Local\Pub\Cache\hosted\pub.dev\printing-5.14.3\
[  +12 ms] Found plugin sqflite at C:\Users\saber\AppData\Local\Pub\Cache\hosted\pub.dev\sqflite-2.4.1\
[   +3 ms] Found plugin sqflite_android at C:\Users\saber\AppData\Local\Pub\Cache\hosted\pub.dev\sqflite_android-2.4.0\
[   +7 ms] Found plugin sqflite_darwin at C:\Users\saber\AppData\Local\Pub\Cache\hosted\pub.dev\sqflite_darwin-2.4.1+1\
[  +74 ms] Found plugin integration_test at C:\src\flutter\packages\integration_test\
[   +6 ms] Generating C:\dev\muaman.worktrees\muaman-19-safe-demo-data-commissioning-clean-start\app\android\app\src\main\java\io\flutter\plugins\GeneratedPluginRegistrant.java
[ +180 ms] executing: C:\Program Files (x86)\Microsoft Visual Studio\Installer\vswhere.exe -format json -products * -utf8 -latest -version 16 -requires Microsoft.VisualStudio.Workload.NativeDesktop Microsoft.VisualStudio.Component.VC.Tools.x86.x64 Microsoft.VisualStudio.Component.VC.CMake.Project
[ +112 ms] Exit code 0 from: C:\Program Files (x86)\Microsoft Visual Studio\Installer\vswhere.exe -format json -products * -utf8 -latest -version 16 -requires Microsoft.VisualStudio.Workload.NativeDesktop Microsoft.VisualStudio.Component.VC.Tools.x86.x64 Microsoft.VisualStudio.Component.VC.CMake.Project
[        ] []
[        ] executing: C:\Program Files (x86)\Microsoft Visual Studio\Installer\vswhere.exe -format json -products * -utf8 -latest -version 16 -requires Microsoft.VisualStudio.Workload.VCTools Microsoft.VisualStudio.Component.VC.Tools.x86.x64 Microsoft.VisualStudio.Component.VC.CMake.Project
[ +105 ms] Exit code 0 from: C:\Program Files (x86)\Microsoft Visual Studio\Installer\vswhere.exe -format json -products * -utf8 -latest -version 16 -requires Microsoft.VisualStudio.Workload.VCTools Microsoft.VisualStudio.Component.VC.Tools.x86.x64 Microsoft.VisualStudio.Component.VC.CMake.Project
[        ] [
             {
               "instanceId": "f0522534",
               "installDate": "2026-05-15T15:33:58Z",
               "installationName": "VisualStudio/18.6.0+11806.211",
               "installationPath": "C:\\Program Files (x86)\\Microsoft Visual Studio\\18\\BuildTools",
               "installationVersion": "18.6.11806.211",
               "productId": "Microsoft.VisualStudio.Product.BuildTools",
               "productPath": "C:\\Program Files (x86)\\Microsoft Visual Studio\\18\\BuildTools\\Common7\\Tools\\LaunchDevCmd.bat",
               "state": 4294967295,
               "isComplete": true,
               "isLaunchable": true,
               "isPrerelease": false,
               "isRebootRequired": false,
               "displayName": "Visual Studio Build Tools 2026",
               "description": "Essential MSBuild and compiler tools – no IDE required.",
               "channelId": "VisualStudio.18.Release",
               "channelUri": "https://aka.ms/vs/18/stable/channel",
               "enginePath": "C:\\Program Files (x86)\\Microsoft Visual Studio\\Installer\\resources\\app\\ServiceHub\\Services\\Microsoft.VisualStudio.Setup.Service",
               "installedChannelId": "VisualStudio.18.Release",
               "installedChannelUri": "https://aka.ms/vs/18/stable/channel",
               "releaseNotes": "https://docs.microsoft.com/en-us/visualstudio/releases/18/release-notes-v18.6#18.6.0",
               "resolvedInstallationPath": "C:\\Program Files (x86)\\Microsoft Visual Studio\\18\\BuildTools",
               "thirdPartyNotices": "https://go.microsoft.com/fwlink/?LinkId=661480",
               "updateDate": "2026-05-15T15:33:58.4356134Z",
               "catalog": {
                 "buildBranch": "stable",
                 "buildVersion": "18.6.11806.211",
                 "featureReleaseMonth": "05",
                 "featureReleaseYear": "2026",
                 "id": "VisualStudio/18.6.0+11806.211",
                 "includeBuildVersionInDisplayVersion": "False",
                 "localBuild": "build-lab",
                 "manifestName": "VisualStudio",
                 "manifestType": "installer",
                 "productDisplayVersion": "18.6.0",
                 "productLine": "Dev18",
                 "productLineVersion": "18",
                 "productMilestone": "RTW",
                 "productMilestoneIsPreRelease": "False",
                 "productName": "Visual Studio",
                 "productPatchVersion": "0",
                 "productPreReleaseMilestoneSuffix": "4.0",
                 "productRelease": "RTW",
                 "productSemanticVersion": "18.6.0+11806.211",
                 "requiredEngineVersion": "4.6.58.48107"
               },
               "properties": {
                 "campaignId": "",
                 "channelManifestId": "VisualStudio.18.Release/18.6.0+11806.211",
                 "includeRecommended": "0",
                 "nickname": "",
                 "setupEngineFilePath": "C:\\Program Files (x86)\\Microsoft Visual Studio\\Installer\\setup.exe"
               }
             }
           ]
[  +10 ms] Building Windows application...
[   +5 ms] executing: C:\Program Files (x86)\Microsoft Visual Studio\18\BuildTools\Common7\IDE\CommonExtensions\Microsoft\CMake\CMake\bin\cmake.exe -S C:\dev\muaman.worktrees\muaman-19-safe-demo-data-commissioning-clean-start\app\windows -B C:\dev\muaman.worktrees\muaman-19-safe-demo-data-commissioning-clean-start\app\build\windows\x64 -G Visual Studio 18 2026 -A x64 -DFLUTTER_TARGET_PLATFORM=windows-x64
[ +255 ms] -- Selecting Windows SDK version 10.0.26100.0 to target Windows 10.0.26200.
[+7746 ms] -- The CXX compiler identification is MSVC 19.51.36243.0
[  +71 ms] -- Detecting CXX compiler ABI info
[+3849 ms] -- Detecting CXX compiler ABI info - done
[ +130 ms] -- Check for working CXX compiler: C:/Program Files (x86)/Microsoft Visual Studio/18/BuildTools/VC/Tools/MSVC/14.51.36231/bin/Hostx64/x64/cl.exe - skipped
[   +2 ms] -- Detecting CXX compile features
[   +2 ms] -- Detecting CXX compile features - done
[  +41 ms] -- Downloading/updating pdfium
[  +72 ms] -- Selecting Windows SDK version 10.0.26100.0 to target Windows 10.0.26200.
[+2860 ms] -- Configuring done (2.9s)
[  +84 ms] -- Generating done (0.1s)
[   +3 ms] -- Build files have been written to: C:/dev/muaman.worktrees/muaman-19-safe-demo-data-commissioning-clean-start/app/build/windows/x64/pdfium-download
[ +293 ms] MSBuild version 18.6.3+84d3e95b4 for .NET Framework
[+2420 ms]   1>Checking Build System
[ +404 ms]   Creating directories for 'pdfium-download'
[ +111 ms]   Building Custom Rule C:/dev/muaman.worktrees/muaman-19-safe-demo-data-commissioning-clean-start/app/build/windows/x64/pdfium-download/CMakeLists.txt
[  +63 ms]   Performing download step (download, verify and extract) for 'pdfium-download'
[  +47 ms]   -- Downloading...
[        ]      dst='C:/dev/muaman.worktrees/muaman-19-safe-demo-data-commissioning-clean-start/app/build/windows/x64/pdfium-download/pdfium-download-prefix/src/pdfium-win-x64.tgz'
[        ]      timeout='none'
[        ]      inactivity timeout='none'
[        ]   -- Using src='https://github.com/bblanchon/pdfium-binaries/releases/download/chromium/5200/pdfium-win-x64.tgz'
[ +791 ms]   -- [download 0% complete]
[  +18 ms]   -- [download 1% complete]
[  +64 ms]   -- [download 2% complete]
[  +31 ms]   -- [download 3% complete]
[  +49 ms]   -- [download 4% complete]
[  +21 ms]   -- [download 5% complete]
[  +39 ms]   -- [download 6% complete]
[  +42 ms]   -- [download 7% complete]
[  +37 ms]   -- [download 8% complete]
[  +27 ms]   -- [download 9% complete]
[  +51 ms]   -- [download 10% complete]
[  +32 ms]   -- [download 11% complete]
[  +39 ms]   -- [download 12% complete]
[  +48 ms]   -- [download 13% complete]
[  +12 ms]   -- [download 14% complete]
[  +43 ms]   -- [download 15% complete]
[  +23 ms]   -- [download 16% complete]
[  +37 ms]   -- [download 17% complete]
[  +39 ms]   -- [download 18% complete]
[  +15 ms]   -- [download 19% complete]
[  +35 ms]   -- [download 20% complete]
[  +45 ms]   -- [download 21% complete]
[  +12 ms]   -- [download 22% complete]
[  +34 ms]   -- [download 23% complete]
[  +14 ms]   -- [download 24% complete]
[  +35 ms]   -- [download 25% complete]
[  +38 ms]   -- [download 26% complete]
[  +10 ms]   -- [download 27% complete]
[  +38 ms]   -- [download 28% complete]
[  +11 ms]   -- [download 29% complete]
[  +36 ms]   -- [download 30% complete]
[  +30 ms]   -- [download 31% complete]
[  +13 ms]   -- [download 32% complete]
[  +29 ms]   -- [download 33% complete]
[  +17 ms]   -- [download 34% complete]
[  +34 ms]   -- [download 35% complete]
[  +26 ms]   -- [download 36% complete]
[  +16 ms]   -- [download 37% complete]
[  +37 ms]   -- [download 38% complete]
[   +8 ms]   -- [download 39% complete]
[  +31 ms]   -- [download 40% complete]
[  +33 ms]   -- [download 41% complete]
[  +17 ms]   -- [download 42% complete]
[  +33 ms]   -- [download 43% complete]
[  +14 ms]   -- [download 44% complete]
[  +27 ms]   -- [download 45% complete]
[  +30 ms]   -- [download 46% complete]
[  +16 ms]   -- [download 47% complete]
[  +32 ms]   -- [download 48% complete]
[  +17 ms]   -- [download 49% complete]
[  +31 ms]   -- [download 50% complete]
[  +29 ms]   -- [download 51% complete]
[  +16 ms]   -- [download 52% complete]
[  +29 ms]   -- [download 53% complete]
[  +14 ms]   -- [download 54% complete]
[  +32 ms]   -- [download 55% complete]
[  +29 ms]   -- [download 56% complete]
[  +15 ms]   -- [download 57% complete]
[  +34 ms]   -- [download 58% complete]
[  +28 ms]   -- [download 59% complete]
[  +14 ms]   -- [download 60% complete]
[  +35 ms]   -- [download 61% complete]
[  +13 ms]   -- [download 62% complete]
[  +31 ms]   -- [download 63% complete]
[  +27 ms]   -- [download 64% complete]
[  +18 ms]   -- [download 65% complete]
[  +31 ms]   -- [download 66% complete]
[  +14 ms]   -- [download 67% complete]
[  +37 ms]   -- [download 68% complete]
[  +34 ms]   -- [download 69% complete]
[  +14 ms]   -- [download 70% complete]
[  +22 ms]   -- [download 71% complete]
[  +15 ms]   -- [download 72% complete]
[  +41 ms]   -- [download 73% complete]
[  +23 ms]   -- [download 74% complete]
[  +13 ms]   -- [download 75% complete]
[  +37 ms]   -- [download 76% complete]
[  +15 ms]   -- [download 77% complete]
[  +24 ms]   -- [download 78% complete]
[  +32 ms]   -- [download 79% complete]
[  +12 ms]   -- [download 80% complete]
[  +33 ms]   -- [download 81% complete]
[  +14 ms]   -- [download 82% complete]
[  +30 ms]   -- [download 83% complete]
[  +30 ms]   -- [download 84% complete]
[  +17 ms]   -- [download 85% complete]
[  +29 ms]   -- [download 86% complete]
[  +15 ms]   -- [download 87% complete]
[  +31 ms]   -- [download 88% complete]
[  +33 ms]   -- [download 89% complete]
[  +18 ms]   -- [download 90% complete]
[  +27 ms]   -- [download 91% complete]
[  +16 ms]   -- [download 92% complete]
[  +27 ms]   -- [download 93% complete]
[  +33 ms]   -- [download 94% complete]
[  +15 ms]   -- [download 95% complete]
[  +30 ms]   -- [download 96% complete]
[  +13 ms]   -- [download 97% complete]
[  +32 ms]   -- [download 98% complete]
[  +39 ms]   -- [download 99% complete]
[  +15 ms]   -- [download 100% complete]
[   +3 ms]   -- Downloading... done
[  +86 ms]   -- extracting...
[        ]        src='C:/dev/muaman.worktrees/muaman-19-safe-demo-data-commissioning-clean-start/app/build/windows/x64/pdfium-download/pdfium-download-prefix/src/pdfium-win-x64.tgz'
[        ]        dst='C:/dev/muaman.worktrees/muaman-19-safe-demo-data-commissioning-clean-start/app/build/windows/x64/pdfium-src'
[   +2 ms]   -- extracting... [tar xf]
[ +213 ms]   -- extracting... [analysis]
[   +1 ms]   -- extracting... [rename]
[   +3 ms]   -- extracting... [clean up]
[        ]   -- extracting... done
[  +52 ms]   No update step for 'pdfium-download'
[  +87 ms]   No patch step for 'pdfium-download'
[  +77 ms]   No configure step for 'pdfium-download'
[  +79 ms]   No build step for 'pdfium-download'
[ +133 ms]   No install step for 'pdfium-download'
[  +99 ms]   No test step for 'pdfium-download'
[  +75 ms]   Completed 'pdfium-download'
[ +244 ms]   Building Custom Rule C:/dev/muaman.worktrees/muaman-19-safe-demo-data-commissioning-clean-start/app/build/windows/x64/pdfium-download/CMakeLists.txt
[ +183 ms] -- Found PDFium: C:/dev/muaman.worktrees/muaman-19-safe-demo-data-commissioning-clean-start/app/build/windows/x64/pdfium-src/bin/pdfium.dll (found version "106.0.5200.0")
[   +9 ms] -- Configuring done (23.2s)
[ +336 ms] -- Generating done (0.3s)
[  +85 ms] -- Build files have been written to: C:/dev/muaman.worktrees/muaman-19-safe-demo-data-commissioning-clean-start/app/build/windows/x64
[  +17 ms] executing: C:\Program Files (x86)\Microsoft Visual Studio\18\BuildTools\Common7\IDE\CommonExtensions\Microsoft\CMake\CMake\bin\cmake.exe --build C:\dev\muaman.worktrees\muaman-19-safe-demo-data-commissioning-clean-start\app\build\windows\x64 --config Release --target INSTALL --verbose
[ +119 ms] Change Dir: 'C:/dev/muaman.worktrees/muaman-19-safe-demo-data-commissioning-clean-start/app/build/windows/x64'
[        ] Run Build Command(s): "C:/Program Files (x86)/Microsoft Visual Studio/18/BuildTools/MSBuild/Current/Bin/amd64/MSBuild.exe" INSTALL.vcxproj /p:Configuration=Release /p:Platform=x64 /p:VisualStudioVersion=18.0 /v:n
[ +162 ms] MSBuild version 18.6.3+84d3e95b4 for .NET Framework
[ +481 ms] Build started 8/14/2026 3:21:41 PM.
[+1514 ms] Project "C:\dev\muaman.worktrees\muaman-19-safe-demo-data-commissioning-clean-start\app\build\windows\x64\INSTALL.vcxproj" on node 1 (default targets).
[        ] Project "C:\dev\muaman.worktrees\muaman-19-safe-demo-data-commissioning-clean-start\app\build\windows\x64\INSTALL.vcxproj" (1) is building "C:\dev\muaman.worktrees\muaman-19-safe-demo-data-commissioning-clean-start\app\build\windows\x64\ZERO_CHECK.vcxproj" (2) on node 1 (default targets).
[        ] PrepareForBuild:
[        ]   Creating directory "x64\Release\ZERO_CHECK\".
[  +17 ms]   Structured output is enabled. The formatting of compiler diagnostics will reflect the error hierarchy. See https://aka.ms/cpp/structured-output for more details.
[        ]   Creating directory "x64\Release\ZERO_CHECK\ZERO_CHECK.tlog\".
[  +19 ms] InitializeBuildStatus:
[        ]   Creating "x64\Release\ZERO_CHECK\ZERO_CHECK.tlog\unsuccessfulbuild" because "AlwaysCreate" was specified.
[        ]   Touching "x64\Release\ZERO_CHECK\ZERO_CHECK.tlog\unsuccessfulbuild".
[ +180 ms] CustomBuild:
[        ]   1>Checking Build System
[ +141 ms] FinalizeBuildStatus:
[        ]   Deleting file "x64\Release\ZERO_CHECK\ZERO_CHECK.tlog\unsuccessfulbuild".
[        ]   Touching "x64\Release\ZERO_CHECK\ZERO_CHECK.tlog\ZERO_CHECK.lastbuildstate".
[  +26 ms] Done Building Project "C:\dev\muaman.worktrees\muaman-19-safe-demo-data-commissioning-clean-start\app\build\windows\x64\ZERO_CHECK.vcxproj" (default targets).
[ +215 ms] Project "C:\dev\muaman.worktrees\muaman-19-safe-demo-data-commissioning-clean-start\app\build\windows\x64\INSTALL.vcxproj" (1) is building "C:\dev\muaman.worktrees\muaman-19-safe-demo-data-commissioning-clean-start\app\build\windows\x64\ALL_BUILD.vcxproj" (3) on node 1 (default targets).
[        ] Project "C:\dev\muaman.worktrees\muaman-19-safe-demo-data-commissioning-clean-start\app\build\windows\x64\ALL_BUILD.vcxproj" (3) is building "C:\dev\muaman.worktrees\muaman-19-safe-demo-data-commissioning-clean-start\app\build\windows\x64\flutter\flutter_wrapper_app.vcxproj" (4) on node 1 (default targets).
[        ] Project "C:\dev\muaman.worktrees\muaman-19-safe-demo-data-commissioning-clean-start\app\build\windows\x64\flutter\flutter_wrapper_app.vcxproj" (4) is building "C:\dev\muaman.worktrees\muaman-19-safe-demo-data-commissioning-clean-start\app\build\windows\x64\flutter\flutter_assemble.vcxproj" (5) on node 1 (default targets).
[        ] Project "C:\dev\muaman.worktrees\muaman-19-safe-demo-data-commissioning-clean-start\app\build\windows\x64\flutter\flutter_assemble.vcxproj" (5) is building "C:\dev\muaman.worktrees\muaman-19-safe-demo-data-commissioning-clean-start\app\build\windows\x64\flutter\muaman_inject_registrant.vcxproj" (6) on node 1 (default targets).
[        ] PrepareForBuild:
[        ]   Creating directory "x64\Release\muaman_inject_registrant\".
[   +2 ms]   Structured output is enabled. The formatting of compiler diagnostics will reflect the error hierarchy. See https://aka.ms/cpp/structured-output for more details.
[        ]   Creating directory "x64\Release\muaman_inject_registrant\muaman_i.9DE8FA62.tlog\".
[   +6 ms] InitializeBuildStatus:
[        ]   Creating "x64\Release\muaman_inject_registrant\muaman_i.9DE8FA62.tlog\unsuccessfulbuild" because "AlwaysCreate" was specified.
[        ]   Touching "x64\Release\muaman_inject_registrant\muaman_i.9DE8FA62.tlog\unsuccessfulbuild".
[  +98 ms] CustomBuild:
[        ]   MUAMAN-13E: injecting canonical dart plugin registrant package mapping
[+1711 ms]   injected '_muaman_registrant' into C:\dev\muaman.worktrees\muaman-19-safe-demo-data-commissioning-clean-start\app\.dart_tool\package_config.json
[  +69 ms]   Building Custom Rule C:/dev/muaman.worktrees/muaman-19-safe-demo-data-commissioning-clean-start/app/windows/flutter/CMakeLists.txt
[  +74 ms] FinalizeBuildStatus:
[        ]   Deleting file "x64\Release\muaman_inject_registrant\muaman_i.9DE8FA62.tlog\unsuccessfulbuild".
[        ]   Touching "x64\Release\muaman_inject_registrant\muaman_i.9DE8FA62.tlog\muaman_inject_registrant.lastbuildstate".
[        ] Done Building Project "C:\dev\muaman.worktrees\muaman-19-safe-demo-data-commissioning-clean-start\app\build\windows\x64\flutter\muaman_inject_registrant.vcxproj" (default targets).
[   +7 ms] PrepareForBuild:
[        ]   Creating directory "x64\Release\flutter_assemble\".
[   +1 ms]   Structured output is enabled. The formatting of compiler diagnostics will reflect the error hierarchy. See https://aka.ms/cpp/structured-output for more details.
[        ]   Creating directory "x64\Release\flutter_assemble\flutter_assemble.tlog\".
[   +2 ms] InitializeBuildStatus:
[        ]   Creating "x64\Release\flutter_assemble\flutter_assemble.tlog\unsuccessfulbuild" because "AlwaysCreate" was specified.
[        ]   Touching "x64\Release\flutter_assemble\flutter_assemble.tlog\unsuccessfulbuild".
[        ] ComputeCustomBuildOutput:
[        ]   Creating directory "C:\dev\muaman.worktrees\muaman-19-safe-demo-data-commissioning-clean-start\app\windows\flutter\ephemeral\cpp_client_wrapper\".
[   +1 ms] CustomBuild:
[        ]   "The build of 'C:\dev\muaman.worktrees\muaman-19-safe-demo-data-commissioning-clean-start\app\build\windows\x64\CMakeFiles\59802ab54e3431bc561b80f5ea236399\flutter_assemble.rule' depends on 'C:\DEV\MUAMAN.WORKTREES\MUAMAN-19-SAFE-DEMO-DATA-COMMISSIONING-CLEAN-START\APP\WINDOWS\FLUTTER\EPHEMERAL\FLUTTER_WINDOWS.DLL' which is produced by the build of 'C:\dev\muaman.worktrees\muaman-19-safe-demo-data-commissioning-clean-start\app\build\windows\x64\CMakeFiles\6eb54dc59159ab68574e7250bfecb6b3\flutter_windows.dll.rule'. The items cannot be built in parallel."
[  +69 ms]   Generating C:/dev/muaman.worktrees/muaman-19-safe-demo-data-commissioning-clean-start/app/windows/flutter/ephemeral/flutter_windows.dll, C:/dev/muaman.worktrees/muaman-19-safe-demo-data-commissioning-clean-start/app/windows/flutter/ephemeral/flutter_export.h, C:/dev/muaman.worktrees/muaman-19-safe-demo-data-commissioning-clean-start/app/windows/flutter/ephemeral/flutter_windows.h, C:/dev/muaman.worktrees/muaman-19-safe-demo-data-commissioning-clean-start/app/windows/flutter/ephemeral/flutter_messenger.h, C:/dev/muaman.worktrees/muaman-19-safe-demo-data-commissioning-clean-start/app/windows/flutter/ephemeral/flutter_plugin_registrar.h, C:/dev/muaman.worktrees/muaman-19-safe-demo-data-commissioning-clean-start/app/windows/flutter/ephemeral/flutter_texture_registrar.h, C:/dev/muaman.worktrees/muaman-19-safe-demo-data-commissioning-clean-start/app/windows/flutter/ephemeral/cpp_client_wrapper/core_implementations.cc, C:/dev/muaman.worktrees/muaman-19-safe-demo-data-commissioning-clean-start/app/windows/flutter/ephemeral/cpp_client_wrapper/standard_codec.cc, C:/dev/muaman.worktrees/muaman-19-safe-demo-data-commissioning-clean-start/app/windows/flutter/ephemeral/cpp_client_wrapper/plugin_registrar.cc, C:/dev/muaman.worktrees/muaman-19-safe-demo-data-commissioning-clean-start/app/windows/flutter/ephemeral/cpp_client_wrapper/flutter_engine.cc, C:/dev/muaman.worktrees/muaman-19-safe-demo-data-commissioning-clean-start/app/windows/flutter/ephemeral/cpp_client_wrapper/flutter_view_controller.cc, _phony_
[ +975 ms]   [  +55 ms] Artifact Instance of 'AndroidGenSnapshotArtifacts' is not required, skipping update.
[        ]   [   +8 ms] Artifact Instance of 'AndroidInternalBuildArtifacts' is not required, skipping update.
[        ]   [        ] Artifact Instance of 'IOSEngineArtifacts' is not required, skipping update.
[        ]   [        ] Artifact Instance of 'FlutterWebSdk' is not required, skipping update.
[        ]   [        ] Artifact Instance of 'LegacyCanvasKitRemover' is not required, skipping update.
[        ]   [   +3 ms] Artifact Instance of 'WindowsEngineArtifacts' is not required, skipping update.
[        ]   [        ] Artifact Instance of 'MacOSEngineArtifacts' is not required, skipping update.
[        ]   [        ] Artifact Instance of 'LinuxEngineArtifacts' is not required, skipping update.
[        ]   [        ] Artifact Instance of 'LinuxFuchsiaSDKArtifacts' is not required, skipping update.
[        ]   [        ] Artifact Instance of 'MacOSFuchsiaSDKArtifacts' is not required, skipping update.
[        ]   [        ] Artifact Instance of 'FlutterRunnerSDKArtifacts' is not required, skipping update.
[        ]   [        ] Artifact Instance of 'FlutterRunnerDebugSymbols' is not required, skipping update.
[ +118 ms]   [ +132 ms] Artifact Instance of 'MaterialFonts' is not required, skipping update.
[        ]   [   +1 ms] Artifact Instance of 'GradleWrapper' is not required, skipping update.
[        ]   [        ] Artifact Instance of 'AndroidGenSnapshotArtifacts' is not required, skipping update.
[        ]   [        ] Artifact Instance of 'AndroidInternalBuildArtifacts' is not required, skipping update.
[        ]   [        ] Artifact Instance of 'IOSEngineArtifacts' is not required, skipping update.
[        ]   [        ] Artifact Instance of 'FlutterWebSdk' is not required, skipping update.
[        ]   [        ] Artifact Instance of 'LegacyCanvasKitRemover' is not required, skipping update.
[        ]   [        ] Artifact Instance of 'FlutterSdk' is not required, skipping update.
[   +2 ms]   [   +2 ms] Artifact Instance of 'MacOSEngineArtifacts' is not required, skipping update.
[        ]   [        ] Artifact Instance of 'LinuxEngineArtifacts' is not required, skipping update.
[        ]   [        ] Artifact Instance of 'LinuxFuchsiaSDKArtifacts' is not required, skipping update.
[        ]   [        ] Artifact Instance of 'MacOSFuchsiaSDKArtifacts' is not required, skipping update.
[        ]   [        ] Artifact Instance of 'FlutterRunnerSDKArtifacts' is not required, skipping update.
[        ]   [        ] Artifact Instance of 'FlutterRunnerDebugSymbols' is not required, skipping update.
[        ]   [        ] Artifact Instance of 'IosUsbArtifacts' is not required, skipping update.
[        ]   [        ] Artifact Instance of 'IosUsbArtifacts' is not required, skipping update.
[        ]   [        ] Artifact Instance of 'IosUsbArtifacts' is not required, skipping update.
[        ]   [        ] Artifact Instance of 'IosUsbArtifacts' is not required, skipping update.
[        ]   [        ] Artifact Instance of 'IosUsbArtifacts' is not required, skipping update.
[        ]   [        ] Artifact Instance of 'FontSubsetArtifacts' is not required, skipping update.
[        ]   [        ] Artifact Instance of 'PubDependencies' is not required, skipping update.
[  +37 ms]   [  +35 ms] Initializing file store
[  +36 ms]   [  +38 ms] Skipping target: gen_localizations
[  +20 ms]   [  +20 ms] gen_dart_plugin_registrant: Starting due to {InvalidatedReasonKind.inputChanged: The following inputs have updated contents: C:\dev\muaman.worktrees\muaman-19-safe-demo-data-commissioning-clean-start\app\.dart_tool\package_config_subset}
[   +7 ms]   [   +7 ms] unpack_windows: Starting due to {}
[+2259 ms]   [+2259 ms] unpack_windows: Complete
[+5951 ms]   [+5951 ms] Found plugin file_picker at C:\Users\saber\AppData\Local\Pub\Cache\hosted\pub.dev\file_picker-8.3.7\
[  +17 ms]   [  +17 ms] Found plugin flutter_plugin_android_lifecycle at C:\Users\saber\AppData\Local\Pub\Cache\hosted\pub.dev\flutter_plugin_android_lifecycle-2.0.26\
[  +52 ms]   [  +52 ms] Found plugin printing at C:\Users\saber\AppData\Local\Pub\Cache\hosted\pub.dev\printing-5.14.3\
[  +11 ms]   [  +10 ms] Found plugin sqflite at C:\Users\saber\AppData\Local\Pub\Cache\hosted\pub.dev\sqflite-2.4.1\
[   +3 ms]   [   +4 ms] Found plugin sqflite_android at C:\Users\saber\AppData\Local\Pub\Cache\hosted\pub.dev\sqflite_android-2.4.0\
[  +16 ms]   [  +16 ms] Found plugin sqflite_darwin at C:\Users\saber\AppData\Local\Pub\Cache\hosted\pub.dev\sqflite_darwin-2.4.1+1\
[ +118 ms]   [ +117 ms] Found plugin integration_test at C:\src\flutter\packages\integration_test\
[  +42 ms]   [  +41 ms] gen_dart_plugin_registrant: Complete
[   +4 ms]   [   +6 ms] kernel_snapshot_program: Starting due to {}
[  +14 ms]   [  +13 ms] C:\src\flutter\bin\cache\dart-sdk\bin\dartaotruntime.exe --disable-dart-dev C:\src\flutter\bin\cache\dart-sdk\bin\snapshots\frontend_server_aot.dart.snapshot --sdk-root C:\src\flutter\bin\cache\artifacts\engine\common\flutter_patched_sdk_product/ --target=flutter --no-print-incremental-dependencies -Ddart.vm.profile=false -Ddart.vm.product=true --delete-tostring-package-uri=dart:ui --delete-tostring-package-uri=package:flutter --aot --tfa --target-os windows --packages C:\dev\muaman.worktrees\muaman-19-safe-demo-data-commissioning-clean-start\app\.dart_tool\package_config.json --output-dill C:\dev\muaman.worktrees\muaman-19-safe-demo-data-commissioning-clean-start\app\.dart_tool\flutter_build\bc1cd9156b09c75b80d47b13693b471c\program.dill --depfile C:\dev\muaman.worktrees\muaman-19-safe-demo-data-commissioning-clean-start\app\.dart_tool\flutter_build\bc1cd9156b09c75b80d47b13693b471c\kernel_snapshot_program.d --source package:_muaman_registrant/flutter_build/dart_plugin_registrant.dart --source package:flutter/src/dart_plugin_registrant.dart -Dflutter.dart_plugin_registrant=package:_muaman_registrant/flutter_build/dart_plugin_registrant.dart --verbosity=error package:muaman_store/main.dart
[+35589 ms]   [+35588 ms] kernel_snapshot_program: Complete
[+1622 ms]   [+1623 ms] native_assets: Starting due to {}
[  +46 ms]   [  +46 ms] No packages with native assets. Skipping native assets compilation.
[        ]   [        ] Writing native_assets.yaml.
[  +16 ms]   [  +16 ms] Writing C:\dev\muaman.worktrees\muaman-19-safe-demo-data-commissioning-clean-start\app\.dart_tool\flutter_build\bc1cd9156b09c75b80d47b13693b471c\native_assets.yaml done.
[   +2 ms]   [   +2 ms] native_assets: Complete
[   +9 ms]   [   +9 ms] kernel_snapshot_native_assets: Starting due to {InvalidatedReasonKind.inputChanged: The following inputs have updated contents: C:\dev\muaman.worktrees\muaman-19-safe-demo-data-commissioning-clean-start\app\.dart_tool\flutter_build\bc1cd9156b09c75b80d47b13693b471c\native_assets.yaml,C:\dev\muaman.worktrees\muaman-19-safe-demo-data-commissioning-clean-start\app\.dart_tool\package_config_subset,C:\src\flutter\packages\flutter_tools\lib\src\build_system\targets\common.dart,C:\src\flutter\bin\internal\engine.version,C:\src\flutter\bin\internal\engine.version,C:\src\flutter\bin\internal\engine.version,C:\src\flutter\bin\internal\engine.version}
[   +4 ms]   [   +4 ms] kernel_snapshot_native_assets: Complete
[   +2 ms]   [   +3 ms] kernel_snapshot: Starting due to {InvalidatedReasonKind.inputChanged: The following inputs have updated contents: C:\dev\muaman.worktrees\muaman-19-safe-demo-data-commissioning-clean-start\app\.dart_tool\flutter_build\bc1cd9156b09c75b80d47b13693b471c\program.dill,C:\dev\muaman.worktrees\muaman-19-safe-demo-data-commissioning-clean-start\app\.dart_tool\flutter_build\bc1cd9156b09c75b80d47b13693b471c\native_assets.dill}
[  +66 ms]   [  +66 ms] kernel_snapshot: Complete
[ +345 ms]   [ +345 ms] aot_elf_release: Starting due to {InvalidatedReasonKind.inputChanged: The following inputs have updated contents: C:\src\flutter\packages\flutter_tools\lib\src\build_system\targets\common.dart,C:\src\flutter\bin\internal\engine.version,C:\src\flutter\bin\internal\engine.version,C:\src\flutter\bin\internal\engine.version,C:\dev\muaman.worktrees\muaman-19-safe-demo-data-commissioning-clean-start\app\.dart_tool\flutter_build\bc1cd9156b09c75b80d47b13693b471c\app.dill}
[   +4 ms]   [   +4 ms] targetingApplePlatform = false
[        ]   [        ] extractAppleDebugSymbols = true
[        ]   [        ] Will strip AOT snapshot during build.
[   +1 ms]   [   +1 ms] executing: C:\src\flutter\bin\cache\artifacts\engine\windows-x64-release\gen_snapshot --deterministic --snapshot_kind=app-aot-elf --elf=C:\dev\muaman.worktrees\muaman-19-safe-demo-data-commissioning-clean-start\app\.dart_tool\flutter_build\bc1cd9156b09c75b80d47b13693b471c\app.so --strip C:\dev\muaman.worktrees\muaman-19-safe-demo-data-commissioning-clean-start\app\.dart_tool\flutter_build\bc1cd9156b09c75b80d47b13693b471c\app.dill
[+22332 ms]   [+22330 ms] aot_elf_release: Complete
[  +83 ms]   [  +84 ms] windows_aot_bundle: Starting due to {InvalidatedReasonKind.inputChanged: The following inputs have updated contents: C:\dev\muaman.worktrees\muaman-19-safe-demo-data-commissioning-clean-start\app\.dart_tool\flutter_build\bc1cd9156b09c75b80d47b13693b471c\app.so}
[   +9 ms]   [  +11 ms] windows_aot_bundle: Complete
[  +84 ms]   [  +84 ms] release_bundle_windows-x64_assets: Starting due to {}
[ +210 ms]   [ +209 ms] Manifest contained wildcard assets. Inserting missing file into build graph to force rerun. for more information see #56466.
[  +17 ms]   [  +18 ms] shaderc command: [C:\src\flutter\bin\cache\artifacts\engine\windows-x64\impellerc.exe, --sksl, --runtime-stage-gles, --runtime-stage-vulkan, --iplr, --sl=C:\dev\muaman.worktrees\muaman-19-safe-demo-data-commissioning-clean-start\app\build\flutter_assets\shaders/ink_sparkle.frag, --spirv=C:\dev\muaman.worktrees\muaman-19-safe-demo-data-commissioning-clean-start\app\build\flutter_assets\shaders/ink_sparkle.frag.spirv, --input=C:\src\flutter\packages\flutter\lib\src\material\shaders\ink_sparkle.frag, --input-type=frag, --include=C:\src\flutter\packages\flutter\lib\src\material\shaders, --include=C:\src\flutter\bin\cache\artifacts\engine\windows-x64\shader_lib]
[+1245 ms]   [+1244 ms] release_bundle_windows-x64_assets: Complete
[ +247 ms]   [ +246 ms] Persisting file store
[  +32 ms]   [  +32 ms] Done persisting file store
[  +23 ms]   [  +24 ms] build succeeded.
[  +15 ms]   [  +16 ms] "flutter assemble" took 70,776ms.
[   +2 ms]   [   +2 ms] ensureAnalyticsSent: 0ms
[        ]   [        ] Running 1 shutdown hook
[        ]   [        ] Shutdown hooks complete
[        ]   [        ] exiting with code 0
[ +127 ms]   Building Custom Rule C:/dev/muaman.worktrees/muaman-19-safe-demo-data-commissioning-clean-start/app/windows/flutter/CMakeLists.txt
[  +89 ms] FinalizeBuildStatus:
[        ]   Deleting file "x64\Release\flutter_assemble\flutter_assemble.tlog\unsuccessfulbuild".
[        ]   Touching "x64\Release\flutter_assemble\flutter_assemble.tlog\flutter_assemble.lastbuildstate".
[        ] Done Building Project "C:\dev\muaman.worktrees\muaman-19-safe-demo-data-commissioning-clean-start\app\build\windows\x64\flutter\flutter_assemble.vcxproj" (default targets).
[  +10 ms] PrepareForBuild:
[        ]   Structured output is enabled. The formatting of compiler diagnostics will reflect the error hierarchy. See https://aka.ms/cpp/structured-output for more details.
[        ]   Creating directory "C:\dev\muaman.worktrees\muaman-19-safe-demo-data-commissioning-clean-start\app\build\windows\x64\flutter\Release\".
[        ]   Creating directory "flutter_wrapper_app.dir\Release\flutter_.2F734C2E.tlog\".
[   +2 ms] InitializeBuildStatus:
[        ]   Creating "flutter_wrapper_app.dir\Release\flutter_.2F734C2E.tlog\unsuccessfulbuild" because "AlwaysCreate" was specified.
[        ]   Touching "flutter_wrapper_app.dir\Release\flutter_.2F734C2E.tlog\unsuccessfulbuild".
[  +89 ms] CustomBuild:
[   +1 ms]   Building Custom Rule C:/dev/muaman.worktrees/muaman-19-safe-demo-data-commissioning-clean-start/app/windows/flutter/CMakeLists.txt
[ +135 ms] ClCompile:
[        ]   C:\Program Files (x86)\Microsoft Visual Studio\18\BuildTools\VC\Tools\MSVC\14.51.36231\bin\HostX64\x64\CL.exe /c /I"C:\dev\muaman.worktrees\muaman-19-safe-demo-data-commissioning-clean-start\app\windows\flutter\ephemeral\cpp_client_wrapper\include" /I"C:\dev\muaman.worktrees\muaman-19-safe-demo-data-commissioning-clean-start\app\windows\flutter\ephemeral" /nologo /W4 /WX /diagnostics:column /O2 /Ob2 /D _UNICODE /D UNICODE /D WIN32 /D _WINDOWS /D NDEBUG /D _HAS_EXCEPTIONS=0 /D UNICODE /D _UNICODE /D "CMAKE_INTDIR=\"Release\"" /EHsc /MD /GR /std:c++17 /Fo"flutter_wrapper_app.dir\Release\\" /Fd"C:\dev\muaman.worktrees\muaman-19-safe-demo-data-commissioning-clean-start\app\build\windows\x64\flutter\Release\flutter_wrapper_app.pdb" /external:W4 /TP /wd4100 /errorReport:queue  /experimental:deterministic /pathmap:C:\dev\muaman.worktrees\muaman-19-safe-demo-data-commissioning-clean-start\app=\muaman\src "C:\dev\muaman.worktrees\muaman-19-safe-demo-data-commissioning-clean-start\app\windows\flutter\ephemeral\cpp_client_wrapper\core_implementations.cc" "C:\dev\muaman.worktrees\muaman-19-safe-demo-data-commissioning-clean-start\app\windows\flutter\ephemeral\cpp_client_wrapper\standard_codec.cc" "C:\dev\muaman.worktrees\muaman-19-safe-demo-data-commissioning-clean-start\app\windows\flutter\ephemeral\cpp_client_wrapper\flutter_engine.cc" "C:\dev\muaman.worktrees\muaman-19-safe-demo-data-commissioning-clean-start\app\windows\flutter\ephemeral\cpp_client_wrapper\flutter_view_controller.cc"
[ +135 ms]   core_implementations.cc
[+1509 ms]   standard_codec.cc
[+1518 ms]   flutter_engine.cc
[+1565 ms]   flutter_view_controller.cc
[+1497 ms]   Generating Code...
[+2919 ms] Lib:
[        ]   C:\Program Files (x86)\Microsoft Visual Studio\18\BuildTools\VC\Tools\MSVC\14.51.36231\bin\HostX64\x64\Lib.exe /OUT:"C:\dev\muaman.worktrees\muaman-19-safe-demo-data-commissioning-clean-start\app\build\windows\x64\flutter\Release\flutter_wrapper_app.lib" /NOLOGO /MACHINE:X64  /machine:x64 flutter_wrapper_app.dir\Release\core_implementations.obj
[        ]   flutter_wrapper_app.dir\Release\standard_codec.obj
[        ]   flutter_wrapper_app.dir\Release\flutter_engine.obj
[        ]   flutter_wrapper_app.dir\Release\flutter_view_controller.obj
[ +243 ms]   flutter_wrapper_app.vcxproj -> C:\dev\muaman.worktrees\muaman-19-safe-demo-data-commissioning-clean-start\app\build\windows\x64\flutter\Release\flutter_wrapper_app.lib
[  +39 ms] FinalizeBuildStatus:
[        ]   Deleting file "flutter_wrapper_app.dir\Release\flutter_.2F734C2E.tlog\unsuccessfulbuild".
[        ]   Touching "flutter_wrapper_app.dir\Release\flutter_.2F734C2E.tlog\flutter_wrapper_app.lastbuildstate".
[        ] Done Building Project "C:\dev\muaman.worktrees\muaman-19-safe-demo-data-commissioning-clean-start\app\build\windows\x64\flutter\flutter_wrapper_app.vcxproj" (default targets).
[  +42 ms] Project "C:\dev\muaman.worktrees\muaman-19-safe-demo-data-commissioning-clean-start\app\build\windows\x64\ALL_BUILD.vcxproj" (3) is building "C:\dev\muaman.worktrees\muaman-19-safe-demo-data-commissioning-clean-start\app\build\windows\x64\flutter\flutter_wrapper_plugin.vcxproj" (7) on node 1 (default targets).
[        ] PrepareForBuild:
[        ]   Structured output is enabled. The formatting of compiler diagnostics will reflect the error hierarchy. See https://aka.ms/cpp/structured-output for more details.
[        ]   Creating directory "flutter_wrapper_plugin.dir\Release\flutter_.07239C46.tlog\".
[   +3 ms] InitializeBuildStatus:
[        ]   Creating "flutter_wrapper_plugin.dir\Release\flutter_.07239C46.tlog\unsuccessfulbuild" because "AlwaysCreate" was specified.
[        ]   Touching "flutter_wrapper_plugin.dir\Release\flutter_.07239C46.tlog\unsuccessfulbuild".
[  +67 ms] CustomBuild:
[        ]   Building Custom Rule C:/dev/muaman.worktrees/muaman-19-safe-demo-data-commissioning-clean-start/app/windows/flutter/CMakeLists.txt
[  +70 ms] ClCompile:
[        ]   C:\Program Files (x86)\Microsoft Visual Studio\18\BuildTools\VC\Tools\MSVC\14.51.36231\bin\HostX64\x64\CL.exe /c /I"C:\dev\muaman.worktrees\muaman-19-safe-demo-data-commissioning-clean-start\app\windows\flutter\ephemeral\cpp_client_wrapper\include" /I"C:\dev\muaman.worktrees\muaman-19-safe-demo-data-commissioning-clean-start\app\windows\flutter\ephemeral" /nologo /W4 /WX /diagnostics:column /O2 /Ob2 /D _UNICODE /D UNICODE /D WIN32 /D _WINDOWS /D NDEBUG /D _HAS_EXCEPTIONS=0 /D UNICODE /D _UNICODE /D "CMAKE_INTDIR=\"Release\"" /EHsc /MD /GR /std:c++17 /Fo"flutter_wrapper_plugin.dir\Release\\" /Fd"C:\dev\muaman.worktrees\muaman-19-safe-demo-data-commissioning-clean-start\app\build\windows\x64\flutter\Release\flutter_wrapper_plugin.pdb" /external:W4 /TP /wd4100 /errorReport:queue  /experimental:deterministic /pathmap:C:\dev\muaman.worktrees\muaman-19-safe-demo-data-commissioning-clean-start\app=\muaman\src "C:\dev\muaman.worktrees\muaman-19-safe-demo-data-commissioning-clean-start\app\windows\flutter\ephemeral\cpp_client_wrapper\core_implementations.cc" "C:\dev\muaman.worktrees\muaman-19-safe-demo-data-commissioning-clean-start\app\windows\flutter\ephemeral\cpp_client_wrapper\standard_codec.cc" "C:\dev\muaman.worktrees\muaman-19-safe-demo-data-commissioning-clean-start\app\windows\flutter\ephemeral\cpp_client_wrapper\plugin_registrar.cc"
[  +85 ms]   core_implementations.cc
[+1435 ms]   standard_codec.cc
[+1568 ms]   plugin_registrar.cc
[ +887 ms]   Generating Code...
[+2916 ms] Lib:
[        ]   C:\Program Files (x86)\Microsoft Visual Studio\18\BuildTools\VC\Tools\MSVC\14.51.36231\bin\HostX64\x64\Lib.exe /OUT:"C:\dev\muaman.worktrees\muaman-19-safe-demo-data-commissioning-clean-start\app\build\windows\x64\flutter\Release\flutter_wrapper_plugin.lib" /NOLOGO /MACHINE:X64  /machine:x64 flutter_wrapper_plugin.dir\Release\core_implementations.obj
[        ]   flutter_wrapper_plugin.dir\Release\standard_codec.obj
[        ]   flutter_wrapper_plugin.dir\Release\plugin_registrar.obj
[ +249 ms]   flutter_wrapper_plugin.vcxproj -> C:\dev\muaman.worktrees\muaman-19-safe-demo-data-commissioning-clean-start\app\build\windows\x64\flutter\Release\flutter_wrapper_plugin.lib
[  +14 ms] FinalizeBuildStatus:
[        ]   Deleting file "flutter_wrapper_plugin.dir\Release\flutter_.07239C46.tlog\unsuccessfulbuild".
[        ]   Touching "flutter_wrapper_plugin.dir\Release\flutter_.07239C46.tlog\flutter_wrapper_plugin.lastbuildstate".
[   +1 ms] Done Building Project "C:\dev\muaman.worktrees\muaman-19-safe-demo-data-commissioning-clean-start\app\build\windows\x64\flutter\flutter_wrapper_plugin.vcxproj" (default targets).
[  +79 ms] Project "C:\dev\muaman.worktrees\muaman-19-safe-demo-data-commissioning-clean-start\app\build\windows\x64\ALL_BUILD.vcxproj" (3) is building "C:\dev\muaman.worktrees\muaman-19-safe-demo-data-commissioning-clean-start\app\build\windows\x64\runner\muaman_store.vcxproj" (8) on node 1 (default targets).
[        ] Project "C:\dev\muaman.worktrees\muaman-19-safe-demo-data-commissioning-clean-start\app\build\windows\x64\runner\muaman_store.vcxproj" (8) is building "C:\dev\muaman.worktrees\muaman-19-safe-demo-data-commissioning-clean-start\app\build\windows\x64\plugins\printing\printing_plugin.vcxproj" (9) on node 1 (default targets).
[        ] PrepareForBuild:
[        ]   Structured output is enabled. The formatting of compiler diagnostics will reflect the error hierarchy. See https://aka.ms/cpp/structured-output for more details.
[        ]   Creating directory "C:\dev\muaman.worktrees\muaman-19-safe-demo-data-commissioning-clean-start\app\build\windows\x64\plugins\printing\Release\".
[        ]   Creating directory "printing_plugin.dir\Release\printing_plugin.tlog\".
[   +2 ms] InitializeBuildStatus:
[        ]   Creating "printing_plugin.dir\Release\printing_plugin.tlog\unsuccessfulbuild" because "AlwaysCreate" was specified.
[        ]   Touching "printing_plugin.dir\Release\printing_plugin.tlog\unsuccessfulbuild".
[  +65 ms] CustomBuild:
[        ]   Building Custom Rule C:/dev/muaman.worktrees/muaman-19-safe-demo-data-commissioning-clean-start/app/windows/flutter/ephemeral/.plugin_symlinks/printing/windows/CMakeLists.txt
[  +76 ms] ClCompile:
[        ]   C:\Program Files (x86)\Microsoft Visual Studio\18\BuildTools\VC\Tools\MSVC\14.51.36231\bin\HostX64\x64\CL.exe /c /I"C:\dev\muaman.worktrees\muaman-19-safe-demo-data-commissioning-clean-start\app\windows\flutter\ephemeral" /I"C:\dev\muaman.worktrees\muaman-19-safe-demo-data-commissioning-clean-start\app\windows\flutter\ephemeral\cpp_client_wrapper\include" /nologo /W4 /WX /diagnostics:column /O2 /Ob2 /D _WINDLL /D _UNICODE /D UNICODE /D WIN32 /D _WINDOWS /D NDEBUG /D _HAS_EXCEPTIONS=0 /D FLUTTER_PLUGIN_IMPL /D UNICODE /D _UNICODE /D "CMAKE_INTDIR=\"Release\"" /D printing_plugin_EXPORTS /EHsc /MD /GR /std:c++17 /Fo"printing_plugin.dir\Release\\" /Fd"printing_plugin.dir\Release\vc145.pdb" /external:W0 /TP /wd4100 /errorReport:queue  /external:I "C:/dev/muaman.worktrees/muaman-19-safe-demo-data-commissioning-clean-start/app/build/windows/x64/pdfium-src/include" /external:I "C:/dev/muaman.worktrees/muaman-19-safe-demo-data-commissioning-clean-start/app/build/windows/x64/pdfium-src/include/cpp" /experimental:deterministic /pathmap:C:\dev\muaman.worktrees\muaman-19-safe-demo-data-commissioning-clean-start\app=\muaman\src "C:\dev\muaman.worktrees\muaman-19-safe-demo-data-commissioning-clean-start\app\windows\flutter\ephemeral\.plugin_symlinks\printing\windows\printing.cpp" "C:\dev\muaman.worktrees\muaman-19-safe-demo-data-commissioning-clean-start\app\windows\flutter\ephemeral\.plugin_symlinks\printing\windows\printing_plugin.cpp" "C:\dev\muaman.worktrees\muaman-19-safe-demo-data-commissioning-clean-start\app\windows\flutter\ephemeral\.plugin_symlinks\printing\windows\print_job.cpp"
[  +82 ms]   printing.cpp
[+2151 ms]   printing_plugin.cpp
[+2346 ms]   print_job.cpp
[+2195 ms]   Generating Code...
[+4095 ms] Link:
[        ]   C:\Program Files (x86)\Microsoft Visual Studio\18\BuildTools\VC\Tools\MSVC\14.51.36231\bin\HostX64\x64\link.exe /OUT:"C:\dev\muaman.worktrees\muaman-19-safe-demo-data-commissioning-clean-start\app\build\windows\x64\plugins\printing\Release\printing_plugin.dll" /INCREMENTAL:NO /NOLOGO "..\..\pdfium-src\lib\pdfium.dll.lib" ..\..\flutter\Release\flutter_wrapper_plugin.lib "C:\dev\muaman.worktrees\muaman-19-safe-demo-data-commissioning-clean-start\app\windows\flutter\ephemeral\flutter_windows.dll.lib" kernel32.lib user32.lib gdi32.lib winspool.lib shell32.lib ole32.lib oleaut32.lib uuid.lib comdlg32.lib advapi32.lib /MANIFEST /MANIFESTUAC:"level='asInvoker' uiAccess='false'" /manifest:embed /PDB:"C:/dev/muaman.worktrees/muaman-19-safe-demo-data-commissioning-clean-start/app/build/windows/x64/plugins/printing/Release/printing_plugin.pdb" /SUBSYSTEM:CONSOLE /TLBID:1 /IMPLIB:"C:/dev/muaman.worktrees/muaman-19-safe-demo-data-commissioning-clean-start/app/build/windows/x64/plugins/printing/Release/printing_plugin.lib" /MACHINE:X64  /machine:x64 /Brepro /DLL printing_plugin.dir\Release\printing.obj
[        ]   printing_plugin.dir\Release\printing_plugin.obj
[        ]   printing_plugin.dir\Release\print_job.obj
[ +156 ms]      Creating library C:/dev/muaman.worktrees/muaman-19-safe-demo-data-commissioning-clean-start/app/build/windows/x64/plugins/printing/Release/printing_plugin.lib and object C:/dev/muaman.worktrees/muaman-19-safe-demo-data-commissioning-clean-start/app/build/windows/x64/plugins/printing/Release/printing_plugin.exp
[ +187 ms]   printing_plugin.vcxproj -> C:\dev\muaman.worktrees\muaman-19-safe-demo-data-commissioning-clean-start\app\build\windows\x64\plugins\printing\Release\printing_plugin.dll
[  +16 ms] FinalizeBuildStatus:
[   +1 ms]   Deleting file "printing_plugin.dir\Release\printing_plugin.tlog\unsuccessfulbuild".
[   +1 ms]   Touching "printing_plugin.dir\Release\printing_plugin.tlog\printing_plugin.lastbuildstate".
[   +2 ms] Done Building Project "C:\dev\muaman.worktrees\muaman-19-safe-demo-data-commissioning-clean-start\app\build\windows\x64\plugins\printing\printing_plugin.vcxproj" (default targets).
[  +10 ms] PrepareForBuild:
[        ]   Structured output is enabled. The formatting of compiler diagnostics will reflect the error hierarchy. See https://aka.ms/cpp/structured-output for more details.
[        ]   Creating directory "C:\dev\muaman.worktrees\muaman-19-safe-demo-data-commissioning-clean-start\app\build\windows\x64\runner\Release\".
[        ]   Creating directory "muaman_store.dir\Release\muaman_store.tlog\".
[   +6 ms] InitializeBuildStatus:
[        ]   Creating "muaman_store.dir\Release\muaman_store.tlog\unsuccessfulbuild" because "AlwaysCreate" was specified.
[        ]   Touching "muaman_store.dir\Release\muaman_store.tlog\unsuccessfulbuild".
[  +91 ms] CustomBuild:
[        ]   Building Custom Rule C:/dev/muaman.worktrees/muaman-19-safe-demo-data-commissioning-clean-start/app/windows/runner/CMakeLists.txt
[  +81 ms] ClCompile:
[        ]   C:\Program Files (x86)\Microsoft Visual Studio\18\BuildTools\VC\Tools\MSVC\14.51.36231\bin\HostX64\x64\CL.exe /c /I"C:\dev\muaman.worktrees\muaman-19-safe-demo-data-commissioning-clean-start\app\windows" /I"C:\dev\muaman.worktrees\muaman-19-safe-demo-data-commissioning-clean-start\app\windows\flutter\ephemeral" /I"C:\dev\muaman.worktrees\muaman-19-safe-demo-data-commissioning-clean-start\app\windows\flutter\ephemeral\cpp_client_wrapper\include" /I"C:\dev\muaman.worktrees\muaman-19-safe-demo-data-commissioning-clean-start\app\windows\flutter\ephemeral\.plugin_symlinks\printing\windows\include" /nologo /W4 /WX /diagnostics:column /O2 /Ob2 /D _UNICODE /D UNICODE /D WIN32 /D _WINDOWS /D NDEBUG /D _HAS_EXCEPTIONS=0 /D "FLUTTER_VERSION=\"1.0.0+1\"" /D FLUTTER_VERSION_MAJOR=1 /D FLUTTER_VERSION_MINOR=0 /D FLUTTER_VERSION_PATCH=0 /D FLUTTER_VERSION_BUILD=1 /D NOMINMAX /D UNICODE /D _UNICODE /D "CMAKE_INTDIR=\"Release\"" /EHsc /MD /GR /std:c++17 /Fo"muaman_store.dir\Release\\" /Fd"muaman_store.dir\Release\vc145.pdb" /external:W4 /TP /wd4100 /errorReport:queue  /experimental:deterministic /pathmap:C:\dev\muaman.worktrees\muaman-19-safe-demo-data-commissioning-clean-start\app=\muaman\src "C:\dev\muaman.worktrees\muaman-19-safe-demo-data-commissioning-clean-start\app\windows\runner\flutter_window.cpp" "C:\dev\muaman.worktrees\muaman-19-safe-demo-data-commissioning-clean-start\app\windows\runner\main.cpp" "C:\dev\muaman.worktrees\muaman-19-safe-demo-data-commissioning-clean-start\app\windows\runner\utils.cpp" "C:\dev\muaman.worktrees\muaman-19-safe-demo-data-commissioning-clean-start\app\windows\runner\win32_window.cpp" "C:\dev\muaman.worktrees\muaman-19-safe-demo-data-commissioning-clean-start\app\windows\flutter\generated_plugin_registrant.cc"
[  +97 ms]   flutter_window.cpp
[+1461 ms]   main.cpp
[+1261 ms]   utils.cpp
[+1334 ms]   win32_window.cpp
[+1135 ms]   generated_plugin_registrant.cc
[ +463 ms]   Generating Code...
[ +455 ms] ResourceCompile:
[        ]   C:\Program Files (x86)\Windows Kits\10\bin\10.0.26100.0\x64\rc.exe /D _UNICODE /D UNICODE /D WIN32 /D _WINDOWS /D NDEBUG /D _HAS_EXCEPTIONS=0 /D "FLUTTER_VERSION=\\\"1.0.0+1\\\"" /D FLUTTER_VERSION_MAJOR=1 /D FLUTTER_VERSION_MINOR=0 /D FLUTTER_VERSION_PATCH=0 /D FLUTTER_VERSION_BUILD=1 /D NOMINMAX /D UNICODE /D _UNICODE /D "CMAKE_INTDIR=\\\"Release\\\"" /l"0x0409" /I"C:\dev\muaman.worktrees\muaman-19-safe-demo-data-commissioning-clean-start\app\windows" /I"C:\dev\muaman.worktrees\muaman-19-safe-demo-data-commissioning-clean-start\app\windows\flutter\ephemeral" /I"C:\dev\muaman.worktrees\muaman-19-safe-demo-data-commissioning-clean-start\app\windows\flutter\ephemeral\cpp_client_wrapper\include" /I"C:\dev\muaman.worktrees\muaman-19-safe-demo-data-commissioning-clean-start\app\windows\flutter\ephemeral\.plugin_symlinks\printing\windows\include" /nologo /fo"muaman_store.dir\Release\Runner.res" "C:\dev\muaman.worktrees\muaman-19-safe-demo-data-commissioning-clean-start\app\windows\runner\Runner.rc" 
[ +104 ms] Link:
[        ]   C:\Program Files (x86)\Microsoft Visual Studio\18\BuildTools\VC\Tools\MSVC\14.51.36231\bin\HostX64\x64\link.exe /OUT:"C:\dev\muaman.worktrees\muaman-19-safe-demo-data-commissioning-clean-start\app\build\windows\x64\runner\Release\muaman_store.exe" /INCREMENTAL:NO /NOLOGO ..\flutter\Release\flutter_wrapper_app.lib dwmapi.lib ..\plugins\printing\Release\printing_plugin.lib "C:\dev\muaman.worktrees\muaman-19-safe-demo-data-commissioning-clean-start\app\windows\flutter\ephemeral\flutter_windows.dll.lib" kernel32.lib user32.lib gdi32.lib winspool.lib shell32.lib ole32.lib oleaut32.lib uuid.lib comdlg32.lib advapi32.lib /MANIFEST /MANIFESTUAC:"level='asInvoker' uiAccess='false'" /manifest:embed /manifestinput:"C:\dev\muaman.worktrees\muaman-19-safe-demo-data-commissioning-clean-start\app\windows\runner\runner.exe.manifest" /PDB:"C:/dev/muaman.worktrees/muaman-19-safe-demo-data-commissioning-clean-start/app/build/windows/x64/runner/Release/muaman_store.pdb" /SUBSYSTEM:WINDOWS /TLBID:1 /IMPLIB:"C:/dev/muaman.worktrees/muaman-19-safe-demo-data-commissioning-clean-start/app/build/windows/x64/runner/Release/muaman_store.lib" /MACHINE:X64  /machine:x64 /Brepro muaman_store.dir\Release\Runner.res
[        ]   muaman_store.dir\Release\flutter_window.obj
[        ]   muaman_store.dir\Release\main.obj
[        ]   muaman_store.dir\Release\utils.obj
[        ]   muaman_store.dir\Release\win32_window.obj
[        ]   muaman_store.dir\Release\generated_plugin_registrant.obj
[ +321 ms]   muaman_store.vcxproj -> C:\dev\muaman.worktrees\muaman-19-safe-demo-data-commissioning-clean-start\app\build\windows\x64\runner\Release\muaman_store.exe
[   +9 ms] FinalizeBuildStatus:
[        ]   Deleting file "muaman_store.dir\Release\muaman_store.tlog\unsuccessfulbuild".
[        ]   Touching "muaman_store.dir\Release\muaman_store.tlog\muaman_store.lastbuildstate".
[        ] Done Building Project "C:\dev\muaman.worktrees\muaman-19-safe-demo-data-commissioning-clean-start\app\build\windows\x64\runner\muaman_store.vcxproj" (default targets).
[   +8 ms] PrepareForBuild:
[        ]   Creating directory "x64\Release\ALL_BUILD\".
[   +2 ms]   Structured output is enabled. The formatting of compiler diagnostics will reflect the error hierarchy. See https://aka.ms/cpp/structured-output for more details.
[        ]   Creating directory "x64\Release\ALL_BUILD\ALL_BUILD.tlog\".
[   +2 ms] InitializeBuildStatus:
[        ]   Creating "x64\Release\ALL_BUILD\ALL_BUILD.tlog\unsuccessfulbuild" because "AlwaysCreate" was specified.
[        ]   Touching "x64\Release\ALL_BUILD\ALL_BUILD.tlog\unsuccessfulbuild".
[  +62 ms] CustomBuild:
[        ]   Building Custom Rule C:/dev/muaman.worktrees/muaman-19-safe-demo-data-commissioning-clean-start/app/windows/CMakeLists.txt
[  +79 ms] FinalizeBuildStatus:
[        ]   Deleting file "x64\Release\ALL_BUILD\ALL_BUILD.tlog\unsuccessfulbuild".
[        ]   Touching "x64\Release\ALL_BUILD\ALL_BUILD.tlog\ALL_BUILD.lastbuildstate".
[        ] Done Building Project "C:\dev\muaman.worktrees\muaman-19-safe-demo-data-commissioning-clean-start\app\build\windows\x64\ALL_BUILD.vcxproj" (default targets).
[   +4 ms] PrepareForBuild:
[        ]   Creating directory "x64\Release\INSTALL\".
[   +1 ms]   Structured output is enabled. The formatting of compiler diagnostics will reflect the error hierarchy. See https://aka.ms/cpp/structured-output for more details.
[        ]   Creating directory "x64\Release\INSTALL\INSTALL.tlog\".
[   +2 ms] InitializeBuildStatus:
[        ]   Creating "x64\Release\INSTALL\INSTALL.tlog\unsuccessfulbuild" because "AlwaysCreate" was specified.
[        ]   Touching "x64\Release\INSTALL\INSTALL.tlog\unsuccessfulbuild".
[  +62 ms] CustomBuild:
[        ]   1>
[  +28 ms] PostBuildEvent:
[        ]   setlocal
[        ]   "C:\Program Files (x86)\Microsoft Visual Studio\18\BuildTools\Common7\IDE\CommonExtensions\Microsoft\CMake\CMake\bin\cmake.exe" -DBUILD_TYPE=Release -P cmake_install.cmake
[        ]   if %errorlevel% neq 0 goto :cmEnd
[        ]   :cmEnd
[        ]   endlocal & call :cmErrorLevel %errorlevel% & goto :cmDone
[        ]   :cmErrorLevel
[        ]   exit /b %1
[        ]   :cmDone
[        ]   if %errorlevel% neq 0 goto :VCEnd
[        ]   :VCEnd
[ +122 ms]   -- Install configuration: "Release"
[ +147 ms]   -- Installing: C:/dev/muaman.worktrees/muaman-19-safe-demo-data-commissioning-clean-start/app/build/windows/x64/runner/Release/data/icudtl.dat
[  +10 ms]   -- Installing: C:/dev/muaman.worktrees/muaman-19-safe-demo-data-commissioning-clean-start/app/build/windows/x64/runner/Release/flutter_windows.dll
[ +245 ms]   -- Installing: C:/dev/muaman.worktrees/muaman-19-safe-demo-data-commissioning-clean-start/app/build/windows/x64/runner/Release/printing_plugin.dll
[ +269 ms]   -- Installing: C:/dev/muaman.worktrees/muaman-19-safe-demo-data-commissioning-clean-start/app/build/windows/x64/runner/Release/pdfium.dll
[  +31 ms]   -- Up-to-date: C:/dev/muaman.worktrees/muaman-19-safe-demo-data-commissioning-clean-start/app/build/windows/x64/runner/Release
[   +1 ms]   -- Installing: C:/dev/muaman.worktrees/muaman-19-safe-demo-data-commissioning-clean-start/app/build/windows/x64/runner/Release/data/flutter_assets
[   +3 ms]   -- Installing: C:/dev/muaman.worktrees/muaman-19-safe-demo-data-commissioning-clean-start/app/build/windows/x64/runner/Release/data/flutter_assets/AssetManifest.bin
[   +2 ms]   -- Installing: C:/dev/muaman.worktrees/muaman-19-safe-demo-data-commissioning-clean-start/app/build/windows/x64/runner/Release/data/flutter_assets/AssetManifest.json
[   +1 ms]   -- Installing: C:/dev/muaman.worktrees/muaman-19-safe-demo-data-commissioning-clean-start/app/build/windows/x64/runner/Release/data/flutter_assets/assets
[   +2 ms]   -- Installing: C:/dev/muaman.worktrees/muaman-19-safe-demo-data-commissioning-clean-start/app/build/windows/x64/runner/Release/data/flutter_assets/assets/fonts
[   +4 ms]   -- Installing: C:/dev/muaman.worktrees/muaman-19-safe-demo-data-commissioning-clean-start/app/build/windows/x64/runner/Release/data/flutter_assets/assets/fonts/NotoSansArabic-Bold.ttf
[   +4 ms]   -- Installing: C:/dev/muaman.worktrees/muaman-19-safe-demo-data-commissioning-clean-start/app/build/windows/x64/runner/Release/data/flutter_assets/assets/fonts/NotoSansArabic-Regular.ttf
[   +2 ms]   -- Installing: C:/dev/muaman.worktrees/muaman-19-safe-demo-data-commissioning-clean-start/app/build/windows/x64/runner/Release/data/flutter_assets/assets/fonts/THIRD_PARTY_NOTICES.txt
[   +1 ms]   -- Installing: C:/dev/muaman.worktrees/muaman-19-safe-demo-data-commissioning-clean-start/app/build/windows/x64/runner/Release/data/flutter_assets/FontManifest.json
[   +1 ms]   -- Installing: C:/dev/muaman.worktrees/muaman-19-safe-demo-data-commissioning-clean-start/app/build/windows/x64/runner/Release/data/flutter_assets/fonts
[   +2 ms]   -- Installing: C:/dev/muaman.worktrees/muaman-19-safe-demo-data-commissioning-clean-start/app/build/windows/x64/runner/Release/data/flutter_assets/fonts/MaterialIcons-Regular.otf
[   +9 ms]   -- Installing: C:/dev/muaman.worktrees/muaman-19-safe-demo-data-commissioning-clean-start/app/build/windows/x64/runner/Release/data/flutter_assets/NOTICES.Z
[   +1 ms]   -- Installing: C:/dev/muaman.worktrees/muaman-19-safe-demo-data-commissioning-clean-start/app/build/windows/x64/runner/Release/data/flutter_assets/packages
[   +1 ms]   -- Installing: C:/dev/muaman.worktrees/muaman-19-safe-demo-data-commissioning-clean-start/app/build/windows/x64/runner/Release/data/flutter_assets/packages/cupertino_icons
[   +1 ms]   -- Installing: C:/dev/muaman.worktrees/muaman-19-safe-demo-data-commissioning-clean-start/app/build/windows/x64/runner/Release/data/flutter_assets/packages/cupertino_icons/assets
[   +1 ms]   -- Installing: C:/dev/muaman.worktrees/muaman-19-safe-demo-data-commissioning-clean-start/app/build/windows/x64/runner/Release/data/flutter_assets/packages/cupertino_icons/assets/CupertinoIcons.ttf
[   +1 ms]   -- Installing: C:/dev/muaman.worktrees/muaman-19-safe-demo-data-commissioning-clean-start/app/build/windows/x64/runner/Release/data/flutter_assets/shaders
[   +1 ms]   -- Installing: C:/dev/muaman.worktrees/muaman-19-safe-demo-data-commissioning-clean-start/app/build/windows/x64/runner/Release/data/flutter_assets/shaders/ink_sparkle.frag
[   +3 ms]   -- Installing: C:/dev/muaman.worktrees/muaman-19-safe-demo-data-commissioning-clean-start/app/build/windows/x64/runner/Release/data/app.so
[  +58 ms] FinalizeBuildStatus:
[        ]   Deleting file "x64\Release\INSTALL\INSTALL.tlog\unsuccessfulbuild".
[        ]   Touching "x64\Release\INSTALL\INSTALL.tlog\INSTALL.lastbuildstate".
[   +1 ms] Done Building Project "C:\dev\muaman.worktrees\muaman-19-safe-demo-data-commissioning-clean-start\app\build\windows\x64\INSTALL.vcxproj" (default targets).
[  +44 ms] Build succeeded.
[        ]     0 Warning(s)
[        ]     0 Error(s)
[        ] Time Elapsed 00:01:52.69
[  +97 ms] Building Windows application... (completed in 137.3s)
[   +8 ms] √ Built build\windows\x64\runner\Release\muaman_store.exe
[   +5 ms] "flutter windows" took 139,026ms.
[   +5 ms] ensureAnalyticsSent: 0ms
[        ] Running 1 shutdown hook
[   +1 ms] Shutdown hooks complete
[        ] exiting with code 0
