2026-08-13T16:29:08.216Z runId=STRESS-FIX-20260813-155815-c007 metadata saved
2026-08-13T16:29:08.250Z STEP S01-launch start
2026-08-13T16:29:14.240Z STEP S01-launch PASS
2026-08-13T16:29:14.245Z STEP S02-setup-owner start
2026-08-13T16:29:15.262Z Fill-Field setup-name try=1 row=left:1320 right:1402 top:377 bottom:401
2026-08-13T16:29:22.495Z Fill-Field setup-user try=1 row=left:1243 right:1404 top:454 bottom:481
2026-08-13T16:29:27.063Z Fill-Field setup-pass try=1 row=left:1272 right:1401 top:533 bottom:559
2026-08-13T16:29:31.238Z Fill-Field setup-confirm try=1 row=left:1225 right:1402 top:613 bottom:640
2026-08-13T16:29:35.436Z Click-OcrExact setup-b try=1 words=28 btn=True {part=[إنشاء] hits=2}
2026-08-13T16:29:37.531Z STEP S02-setup-owner PASS
2026-08-13T16:29:37.532Z STEP S03-login-owner start
2026-08-13T16:29:38.432Z Fill-Field login-user try=1 row=left:1243 right:1402 top:457 bottom:481
2026-08-13T16:29:42.875Z Fill-Field login-pass try=1 row=left:1272 right:1401 top:533 bottom:559
2026-08-13T16:29:46.985Z Click-OcrExact login-b try=1 words=14 btn=True {part=[تسجيل] hits=2}
2026-08-13T16:29:49.338Z STEP S03-login-owner PASS
2026-08-13T16:29:49.341Z STEP S04-add-product start
2026-08-13T16:29:50.381Z Click-NavTileByRank nav-inv rank=1 try=1 word='المخدن' screen=(1150,852)
2026-08-13T16:29:58.266Z Fill-Field prod-name try=1 row=left:787 right:878 top:351 bottom:373
2026-08-13T16:30:03.025Z Fill-Field prod-cost try=1 row=left:781 right:879 top:426 bottom:446
2026-08-13T16:30:07.749Z Fill-Field prod-qty try=1 row=left:777 right:880 top:471 bottom:486
2026-08-13T16:30:15.033Z STEP S04-add-product PASS
2026-08-13T16:30:15.034Z STEP S05-create-sale start
2026-08-13T16:30:15.967Z Click-NavTileByRank nav-sales rank=2 try=1 word='المبيعات' screen=(902,851)
2026-08-13T16:30:19.714Z Click-OcrCropped fab-inv try=1 hit='جديدة' imgX=74 imgY=725 screen=(104,755) exact=True
2026-08-13T16:31:04.413Z Fill-FloatingLabelField sale-customer try=1 probe=17W NOT in band [571,646)
2026-08-13T16:31:11.952Z Click-OcrExact save-inv try=1 words=87 btn=True {part=[حفظ] hits=1}
2026-08-13T16:31:14.097Z STEP S05-create-sale PASS
2026-08-13T16:31:14.100Z STEP S06-save-pdf start
2026-08-13T16:31:15.118Z Click-OcrExact save-pdf try=1 words=38 btn=True {part=[حفظ] hits=1}
2026-08-13T16:31:36.348Z STEP S06-save-pdf PASS
2026-08-13T16:31:36.350Z STEP S07-open-pdf start
2026-08-13T16:32:09.250Z STEP S07-open-pdf PASS
2026-08-13T16:32:09.252Z STEP S08-print-dialog start
2026-08-13T16:32:10.294Z Click-OcrExact print try=1 words=38 btn=True {part=[طباعة] hits=1}
2026-08-13T16:32:44.380Z STEP S08-print-dialog PASS
2026-08-13T16:32:44.383Z STEP S09-sales-history start
2026-08-13T16:32:50.210Z receipt icon color-scan clusters=13 top=(X=98 Y=303 N=35)
2026-08-13T16:32:53.926Z STEP S09-sales-history PASS
2026-08-13T16:32:53.930Z STEP S10-add-cashier start
2026-08-13T16:32:55.055Z Click-AppBarIcon users dx=0 name=[69..247]@y=75 screen=(349,105)
2026-08-13T16:33:01.675Z Fill-Field newuser-name try=1 row=left:834 right:878 top:239 bottom:261
2026-08-13T16:33:06.259Z Fill-Field newuser-user try=1 row=left:757 right:879 top:314 bottom:336
2026-08-13T16:33:10.881Z Fill-Field newuser-pass try=1 row=left:786 right:880 top:389 bottom:408
2026-08-13T16:33:15.059Z Fill-Field newuser-confirm try=1 row=left:739 right:879 top:459 bottom:483
2026-08-13T16:33:25.220Z Click-OcrExact create-user-1 try=1 words=33 btn=True {part=[إنشاء] hits=2}
2026-08-13T16:33:30.572Z STEP S10-add-cashier PASS
2026-08-13T16:33:30.576Z STEP S11-cashier-denied start
2026-08-13T16:33:31.713Z Click-AppBarIcon logout dx=0 name=[69..247]@y=75 screen=(75,105)
2026-08-13T16:33:35.786Z Fill-Field cashier-login-user try=1 row=left:1243 right:1402 top:457 bottom:481
2026-08-13T16:33:40.260Z Fill-Field cashier-login-pass try=1 row=left:1272 right:1401 top:533 bottom:559
2026-08-13T16:33:44.371Z Click-OcrExact cashier-login-b try=1 words=14 btn=True {part=[تسجيل] hits=2}
2026-08-13T16:33:46.497Z STEP S11-cashier-denied PASS
2026-08-13T16:33:46.499Z STEP S12-logout-close start
2026-08-13T16:33:47.366Z Click-AppBarIcon logout dx=0 name=[21..280]@y=75 screen=(27,105)
2026-08-13T16:34:03.438Z Click-AppBarIcon logout dx=16 name=[21..280]@y=75 screen=(43,105)
2026-08-13T16:34:07.939Z STEP S12-logout-close PASS
2026-08-13T16:34:07.939Z STEP S13-final-evidence start
2026-08-13T16:34:08.008Z STEP S13-final-evidence PASS
2026-08-13T16:34:08.044Z WORKER DONE aborted=False
