
  ╔════════════════════════════════════════════════════════════════════════════╗
  ║                 Welcome to Flutter! - https://flutter.dev                  ║
  ║                                                                            ║
  ║ The Flutter tool uses Google Analytics to anonymously report feature usage ║
  ║ statistics and basic crash reports. This data is used to help improve      ║
  ║ Flutter tools over time.                                                   ║
  ║                                                                            ║
  ║ Flutter tool analytics are not sent on the very first run. To disable      ║
  ║ reporting, type 'flutter config --no-analytics'. To display the current    ║
  ║ setting, type 'flutter config'. If you opt out of analytics, an opt-out    ║
  ║ event will be sent, and then no further information will be sent by the    ║
  ║ Flutter tool.                                                              ║
  ║                                                                            ║
  ║ By downloading the Flutter SDK, you agree to the Google Terms of Service.  ║
  ║ The Google Privacy Policy describes how data is handled in this service.   ║
  ║                                                                            ║
  ║ Moreover, Flutter includes the Dart SDK, which may send usage metrics and  ║
  ║ crash reports to Google.                                                   ║
  ║                                                                            ║
  ║ Read about data we send with crash reports:                                ║
  ║ https://flutter.dev/to/crash-reporting                                     ║
  ║                                                                            ║
  ║ See Google's privacy policy:                                               ║
  ║ https://policies.google.com/privacy                                        ║
  ║                                                                            ║
  ║ To disable animations in this tool, use                                    ║
  ║ 'flutter config --no-cli-animations'.                                      ║
  ╚════════════════════════════════════════════════════════════════════════════╝

Deleting build...                                                  254ms
Deleting .dart_tool...                                              14ms
Deleting Generated.xcconfig...                                       0ms
Deleting flutter_export_environment.sh...                            0ms
Deleting ephemeral...                                                3ms
Deleting ephemeral...                                                1ms
Deleting ephemeral...                                               20ms
Deleting .flutter-plugins-dependencies...                            0ms
Deleting .flutter-plugins...                                         0ms
