2026-08-16T01:19:17.371Z runId=REGUARD-STRESS-B-20260816-005321-c006 metadata saved
2026-08-16T01:19:17.402Z STEP S01-launch start
2026-08-16T01:19:24.187Z STEP S01-launch PASS
2026-08-16T01:19:24.198Z STEP S02-setup-owner start
2026-08-16T01:19:25.856Z Fill-Field setup-name try=1 row=left:1320 right:1402 top:377 bottom:401
2026-08-16T01:19:34.241Z Fill-Field setup-user try=1 row=left:1243 right:1404 top:454 bottom:481
2026-08-16T01:19:39.500Z Fill-Field setup-pass try=1 row=left:1272 right:1401 top:533 bottom:559
2026-08-16T01:19:44.550Z Fill-Field setup-confirm try=1 row=left:1225 right:1402 top:613 bottom:640
2026-08-16T01:19:49.565Z Click-OcrExact setup-b try=1 words=27 btn=True {part=[إنشاء] hits=2}
2026-08-16T01:19:51.951Z STEP S02-setup-owner PASS
2026-08-16T01:19:51.957Z STEP S03-login-owner start
2026-08-16T01:19:53.200Z Fill-Field login-user try=1 row=left:1243 right:1402 top:457 bottom:481
2026-08-16T01:19:58.275Z Fill-Field login-pass try=1 row=left:1272 right:1401 top:533 bottom:559
2026-08-16T01:20:02.964Z Click-OcrExact login-b try=1 words=15 btn=True {part=[تسجيل] hits=2}
2026-08-16T01:20:06.332Z STEP S03-login-owner PASS
2026-08-16T01:20:06.340Z STEP S04-add-product start
2026-08-16T01:20:08.098Z Click-NavTileByRank nav-inv rank=1 try=1 word='المخدن' screen=(1150,852)
2026-08-16T01:20:17.118Z Fill-Field prod-name try=1 row=left:787 right:878 top:351 bottom:373
2026-08-16T01:20:22.560Z Fill-Field prod-cost try=1 row=left:781 right:879 top:426 bottom:446
2026-08-16T01:20:28.204Z Fill-Field prod-qty try=1 row=left:777 right:880 top:471 bottom:486
2026-08-16T01:20:36.475Z STEP S04-add-product PASS
2026-08-16T01:20:36.491Z STEP S05-create-sale start
2026-08-16T01:20:37.957Z Click-NavTileByRank nav-sales rank=2 try=1 word='المبيعات' screen=(902,851)
2026-08-16T01:20:42.169Z Click-OcrCropped fab-inv try=1 hit='جديدة' imgX=75 imgY=716 screen=(105,746) exact=True
2026-08-16T01:20:59.699Z Fill-FloatingLabelField sale-customer try=1 probe=17W NOT in band [571,646)
2026-08-16T01:21:08.947Z Click-OcrExact save-inv try=1 words=54 btn=True {part=[حفظ] hits=1}
2026-08-16T01:21:11.697Z STEP S05-create-sale PASS
2026-08-16T01:21:11.704Z STEP S06-save-pdf start
2026-08-16T01:21:13.210Z Click-OcrExact save-pdf try=1 words=38 btn=True {part=[حفظ] hits=1}
2026-08-16T01:21:35.155Z STEP S06-save-pdf PASS
2026-08-16T01:21:35.159Z STEP S07-open-pdf start
2026-08-16T01:22:08.851Z STEP S07-open-pdf PASS
2026-08-16T01:22:08.857Z STEP S08-print-dialog start
2026-08-16T01:22:10.329Z Click-OcrExact print try=1 words=38 btn=True {part=[طباعة] hits=1}
2026-08-16T01:22:44.410Z STEP S08-print-dialog PASS
2026-08-16T01:22:44.415Z STEP S09-sales-history start
2026-08-16T01:22:50.990Z receipt icon color-scan clusters=13 top=(X=98 Y=303 N=35)
2026-08-16T01:22:55.273Z STEP S09-sales-history PASS
2026-08-16T01:22:55.279Z STEP S10-add-cashier start
2026-08-16T01:22:56.820Z Click-AppBarIcon users dx=0 name=[69..247]@y=75 screen=(349,105)
2026-08-16T01:23:04.499Z Fill-Field newuser-name try=1 row=left:834 right:878 top:239 bottom:261
2026-08-16T01:23:09.958Z Fill-Field newuser-user try=1 row=left:757 right:879 top:314 bottom:336
2026-08-16T01:23:15.453Z Fill-Field newuser-pass try=1 row=left:786 right:880 top:389 bottom:408
2026-08-16T01:23:20.565Z Fill-Field newuser-confirm try=1 row=left:739 right:879 top:459 bottom:483
2026-08-16T01:23:32.500Z Click-OcrExact create-user-1 try=1 words=33 btn=True {part=[إنشاء] hits=2}
2026-08-16T01:23:38.705Z STEP S10-add-cashier PASS
2026-08-16T01:23:38.712Z STEP S11-cashier-denied start
2026-08-16T01:23:40.105Z Click-AppBarIcon logout dx=0 name=[69..247]@y=75 screen=(75,105)
2026-08-16T01:23:45.079Z Fill-Field cashier-login-user try=1 row=left:1243 right:1402 top:457 bottom:481
2026-08-16T01:23:50.238Z Fill-Field cashier-login-pass try=1 row=left:1272 right:1401 top:533 bottom:559
2026-08-16T01:23:54.901Z Click-OcrExact cashier-login-b try=1 words=14 btn=True {part=[تسجيل] hits=2}
2026-08-16T01:23:57.431Z STEP S11-cashier-denied PASS
2026-08-16T01:23:57.435Z STEP S12-logout-close start
2026-08-16T01:23:58.713Z Click-AppBarIcon logout dx=0 name=[21..280]@y=75 screen=(27,105)
2026-08-16T01:24:14.550Z Click-AppBarIcon logout dx=16 name=[21..280]@y=75 screen=(43,105)
2026-08-16T01:24:19.397Z STEP S12-logout-close PASS
2026-08-16T01:24:19.401Z STEP S13-final-evidence start
2026-08-16T01:24:19.443Z STEP S13-final-evidence PASS
2026-08-16T01:24:19.473Z WORKER DONE aborted=False
