2026-08-13T16:39:24.813Z runId=STRESS-FIX-20260813-155815-c009 metadata saved
2026-08-13T16:39:24.863Z STEP S01-launch start
2026-08-13T16:39:30.852Z STEP S01-launch PASS
2026-08-13T16:39:30.856Z STEP S02-setup-owner start
2026-08-13T16:39:31.878Z Fill-Field setup-name try=1 row=left:1320 right:1402 top:377 bottom:401
2026-08-13T16:39:39.070Z Fill-Field setup-user try=1 row=left:1243 right:1404 top:454 bottom:481
2026-08-13T16:39:43.610Z Fill-Field setup-pass try=1 row=left:1272 right:1401 top:533 bottom:559
2026-08-13T16:39:47.830Z Fill-Field setup-confirm try=1 row=left:1225 right:1402 top:613 bottom:640
2026-08-13T16:39:52.001Z Click-OcrExact setup-b try=1 words=28 btn=True {part=[إنشاء] hits=2}
2026-08-13T16:39:54.060Z STEP S02-setup-owner PASS
2026-08-13T16:39:54.066Z STEP S03-login-owner start
2026-08-13T16:39:54.946Z Fill-Field login-user try=1 row=left:1243 right:1402 top:457 bottom:481
2026-08-13T16:39:59.408Z Fill-Field login-pass try=1 row=left:1272 right:1401 top:533 bottom:559
2026-08-13T16:40:03.544Z Click-OcrExact login-b try=1 words=14 btn=True {part=[تسجيل] hits=2}
2026-08-13T16:40:05.895Z STEP S03-login-owner PASS
2026-08-13T16:40:05.899Z STEP S04-add-product start
2026-08-13T16:40:06.920Z Click-NavTileByRank nav-inv rank=1 try=1 word='المخدن' screen=(1150,852)
2026-08-13T16:40:14.828Z Fill-Field prod-name try=1 row=left:787 right:878 top:351 bottom:373
2026-08-13T16:40:19.573Z Fill-Field prod-cost try=1 row=left:781 right:879 top:426 bottom:446
2026-08-13T16:40:24.299Z Fill-Field prod-qty try=1 row=left:777 right:880 top:471 bottom:486
2026-08-13T16:40:31.630Z STEP S04-add-product PASS
2026-08-13T16:40:31.632Z STEP S05-create-sale start
2026-08-13T16:40:32.579Z Click-NavTileByRank nav-sales rank=2 try=1 word='المبيعات' screen=(902,851)
2026-08-13T16:40:36.345Z Click-OcrCropped fab-inv try=1 hit='جديدة' imgX=74 imgY=725 screen=(104,755) exact=True
2026-08-13T16:41:21.177Z Fill-FloatingLabelField sale-customer try=1 probe=17W NOT in band [571,646)
2026-08-13T16:41:28.682Z Click-OcrExact save-inv try=1 words=87 btn=True {part=[حفظ] hits=1}
2026-08-13T16:41:30.830Z STEP S05-create-sale PASS
2026-08-13T16:41:30.832Z STEP S06-save-pdf start
2026-08-13T16:41:31.827Z Click-OcrExact save-pdf try=1 words=38 btn=True {part=[حفظ] hits=1}
2026-08-13T16:41:52.935Z STEP S06-save-pdf PASS
2026-08-13T16:41:52.938Z STEP S07-open-pdf start
2026-08-13T16:42:25.778Z STEP S07-open-pdf PASS
2026-08-13T16:42:25.780Z STEP S08-print-dialog start
2026-08-13T16:42:26.778Z Click-OcrExact print try=1 words=38 btn=True {part=[طباعة] hits=1}
2026-08-13T16:43:00.749Z STEP S08-print-dialog PASS
2026-08-13T16:43:00.751Z STEP S09-sales-history start
2026-08-13T16:43:06.541Z receipt icon color-scan clusters=13 top=(X=98 Y=303 N=35)
2026-08-13T16:43:10.289Z STEP S09-sales-history PASS
2026-08-13T16:43:10.292Z STEP S10-add-cashier start
2026-08-13T16:43:11.473Z Click-AppBarIcon users dx=0 name=[69..247]@y=75 screen=(349,105)
2026-08-13T16:43:18.132Z Fill-Field newuser-name try=1 row=left:834 right:878 top:239 bottom:261
2026-08-13T16:43:22.770Z Fill-Field newuser-user try=1 row=left:757 right:879 top:314 bottom:336
2026-08-13T16:43:27.408Z Fill-Field newuser-pass try=1 row=left:786 right:880 top:389 bottom:408
2026-08-13T16:43:31.662Z Fill-Field newuser-confirm try=1 row=left:739 right:879 top:459 bottom:483
2026-08-13T16:43:41.778Z Click-OcrExact create-user-1 try=1 words=33 btn=True {part=[إنشاء] hits=2}
2026-08-13T16:43:47.097Z STEP S10-add-cashier PASS
2026-08-13T16:43:47.103Z STEP S11-cashier-denied start
2026-08-13T16:43:48.258Z Click-AppBarIcon logout dx=0 name=[69..247]@y=75 screen=(75,105)
2026-08-13T16:43:52.339Z Fill-Field cashier-login-user try=1 row=left:1243 right:1402 top:457 bottom:481
2026-08-13T16:43:56.899Z Fill-Field cashier-login-pass try=1 row=left:1272 right:1401 top:533 bottom:559
2026-08-13T16:44:00.991Z Click-OcrExact cashier-login-b try=1 words=14 btn=True {part=[تسجيل] hits=2}
2026-08-13T16:44:03.142Z STEP S11-cashier-denied PASS
2026-08-13T16:44:03.144Z STEP S12-logout-close start
2026-08-13T16:44:04.030Z Click-AppBarIcon logout dx=0 name=[21..280]@y=75 screen=(27,105)
2026-08-13T16:44:20.174Z Click-AppBarIcon logout dx=16 name=[21..280]@y=75 screen=(43,105)
2026-08-13T16:44:24.656Z STEP S12-logout-close PASS
2026-08-13T16:44:24.664Z STEP S13-final-evidence start
2026-08-13T16:44:24.725Z STEP S13-final-evidence PASS
2026-08-13T16:44:24.755Z WORKER DONE aborted=False
