2026-08-13T16:13:43.472Z runId=STRESS-FIX-20260813-155815-c004 metadata saved
2026-08-13T16:13:43.505Z STEP S01-launch start
2026-08-13T16:13:49.480Z STEP S01-launch PASS
2026-08-13T16:13:49.485Z STEP S02-setup-owner start
2026-08-13T16:13:50.499Z Fill-Field setup-name try=1 row=left:1320 right:1402 top:377 bottom:401
2026-08-13T16:13:57.722Z Fill-Field setup-user try=1 row=left:1243 right:1404 top:454 bottom:481
2026-08-13T16:14:02.269Z Fill-Field setup-pass try=1 row=left:1272 right:1401 top:533 bottom:559
2026-08-13T16:14:06.491Z Fill-Field setup-confirm try=1 row=left:1225 right:1402 top:613 bottom:640
2026-08-13T16:14:10.671Z Click-OcrExact setup-b try=1 words=28 btn=True {part=[إنشاء] hits=2}
2026-08-13T16:14:12.750Z STEP S02-setup-owner PASS
2026-08-13T16:14:12.754Z STEP S03-login-owner start
2026-08-13T16:14:13.635Z Fill-Field login-user try=1 row=left:1243 right:1402 top:457 bottom:481
2026-08-13T16:14:18.091Z Fill-Field login-pass try=1 row=left:1272 right:1401 top:533 bottom:559
2026-08-13T16:14:22.205Z Click-OcrExact login-b try=1 words=14 btn=True {part=[تسجيل] hits=2}
2026-08-13T16:14:24.593Z STEP S03-login-owner PASS
2026-08-13T16:14:24.597Z STEP S04-add-product start
2026-08-13T16:14:25.642Z Click-NavTileByRank nav-inv rank=1 try=1 word='المخدن' screen=(1150,852)
2026-08-13T16:14:33.500Z Fill-Field prod-name try=1 row=left:787 right:878 top:351 bottom:373
2026-08-13T16:14:38.214Z Fill-Field prod-cost try=1 row=left:781 right:879 top:426 bottom:446
2026-08-13T16:14:42.962Z Fill-Field prod-qty try=1 row=left:777 right:880 top:471 bottom:486
2026-08-13T16:14:50.241Z STEP S04-add-product PASS
2026-08-13T16:14:50.244Z STEP S05-create-sale start
2026-08-13T16:14:51.185Z Click-NavTileByRank nav-sales rank=2 try=1 word='المبيعات' screen=(902,851)
2026-08-13T16:14:54.985Z Click-OcrCropped fab-inv try=1 hit='جديدة' imgX=74 imgY=725 screen=(104,755) exact=True
2026-08-13T16:15:39.597Z Fill-FloatingLabelField sale-customer try=1 probe=17W NOT in band [571,646)
2026-08-13T16:15:47.168Z Click-OcrExact save-inv try=1 words=87 btn=True {part=[حفظ] hits=1}
2026-08-13T16:15:49.303Z STEP S05-create-sale PASS
2026-08-13T16:15:49.305Z STEP S06-save-pdf start
2026-08-13T16:15:50.307Z Click-OcrExact save-pdf try=1 words=38 btn=True {part=[حفظ] hits=1}
2026-08-13T16:16:11.474Z STEP S06-save-pdf PASS
2026-08-13T16:16:11.479Z STEP S07-open-pdf start
2026-08-13T16:16:44.384Z STEP S07-open-pdf PASS
2026-08-13T16:16:44.386Z STEP S08-print-dialog start
2026-08-13T16:16:45.393Z Click-OcrExact print try=1 words=38 btn=True {part=[طباعة] hits=1}
2026-08-13T16:17:19.325Z STEP S08-print-dialog PASS
2026-08-13T16:17:19.327Z STEP S09-sales-history start
2026-08-13T16:17:25.106Z receipt icon color-scan clusters=13 top=(X=98 Y=303 N=35)
2026-08-13T16:17:28.844Z STEP S09-sales-history PASS
2026-08-13T16:17:28.848Z STEP S10-add-cashier start
2026-08-13T16:17:30.085Z Click-AppBarIcon users dx=0 name=[69..247]@y=75 screen=(349,105)
2026-08-13T16:17:36.696Z Fill-Field newuser-name try=1 row=left:834 right:878 top:239 bottom:261
2026-08-13T16:17:41.317Z Fill-Field newuser-user try=1 row=left:757 right:879 top:314 bottom:336
2026-08-13T16:17:45.968Z Fill-Field newuser-pass try=1 row=left:786 right:880 top:389 bottom:408
2026-08-13T16:17:50.171Z Fill-Field newuser-confirm try=1 row=left:739 right:879 top:459 bottom:483
2026-08-13T16:18:00.318Z Click-OcrExact create-user-1 try=1 words=33 btn=True {part=[إنشاء] hits=2}
2026-08-13T16:18:05.645Z STEP S10-add-cashier PASS
2026-08-13T16:18:05.649Z STEP S11-cashier-denied start
2026-08-13T16:18:06.768Z Click-AppBarIcon logout dx=0 name=[69..247]@y=75 screen=(75,105)
2026-08-13T16:18:10.832Z Fill-Field cashier-login-user try=1 row=left:1243 right:1402 top:457 bottom:481
2026-08-13T16:18:15.345Z Fill-Field cashier-login-pass try=1 row=left:1272 right:1401 top:533 bottom:559
2026-08-13T16:18:19.410Z Click-OcrExact cashier-login-b try=1 words=14 btn=True {part=[تسجيل] hits=2}
2026-08-13T16:18:21.559Z STEP S11-cashier-denied PASS
2026-08-13T16:18:21.563Z STEP S12-logout-close start
2026-08-13T16:18:22.439Z Click-AppBarIcon logout dx=0 name=[21..280]@y=75 screen=(27,105)
2026-08-13T16:18:38.615Z Click-AppBarIcon logout dx=16 name=[21..280]@y=75 screen=(43,105)
2026-08-13T16:18:43.160Z STEP S12-logout-close PASS
2026-08-13T16:18:43.169Z STEP S13-final-evidence start
2026-08-13T16:18:43.211Z STEP S13-final-evidence PASS
2026-08-13T16:18:43.244Z WORKER DONE aborted=False
