2026-08-16T00:58:34.351Z runId=REGUARD-STRESS-B-20260816-005321-c002 metadata saved
2026-08-16T00:58:34.385Z STEP S01-launch start
2026-08-16T00:58:41.222Z STEP S01-launch PASS
2026-08-16T00:58:41.232Z STEP S02-setup-owner start
2026-08-16T00:58:42.866Z Fill-Field setup-name try=1 row=left:1320 right:1402 top:377 bottom:401
2026-08-16T00:58:51.188Z Fill-Field setup-user try=1 row=left:1243 right:1404 top:454 bottom:481
2026-08-16T00:58:56.523Z Fill-Field setup-pass try=1 row=left:1272 right:1401 top:533 bottom:559
2026-08-16T00:59:01.571Z Fill-Field setup-confirm try=1 row=left:1225 right:1402 top:613 bottom:640
2026-08-16T00:59:06.576Z Click-OcrExact setup-b try=1 words=27 btn=True {part=[إنشاء] hits=2}
2026-08-16T00:59:08.968Z STEP S02-setup-owner PASS
2026-08-16T00:59:08.975Z STEP S03-login-owner start
2026-08-16T00:59:10.199Z Fill-Field login-user try=1 row=left:1243 right:1402 top:457 bottom:481
2026-08-16T00:59:15.265Z Fill-Field login-pass try=1 row=left:1272 right:1401 top:533 bottom:559
2026-08-16T00:59:19.972Z Click-OcrExact login-b try=1 words=15 btn=True {part=[تسجيل] hits=2}
2026-08-16T00:59:23.315Z STEP S03-login-owner PASS
2026-08-16T00:59:23.321Z STEP S04-add-product start
2026-08-16T00:59:24.991Z Click-NavTileByRank nav-inv rank=1 try=1 word='المخدن' screen=(1150,852)
2026-08-16T00:59:34.027Z Fill-Field prod-name try=1 row=left:787 right:878 top:351 bottom:373
2026-08-16T00:59:39.492Z Fill-Field prod-cost try=1 row=left:781 right:879 top:426 bottom:446
2026-08-16T00:59:45.193Z Fill-Field prod-qty try=1 row=left:777 right:880 top:471 bottom:486
2026-08-16T00:59:53.435Z STEP S04-add-product PASS
2026-08-16T00:59:53.439Z STEP S05-create-sale start
2026-08-16T00:59:54.914Z Click-NavTileByRank nav-sales rank=2 try=1 word='المبيعات' screen=(902,851)
2026-08-16T00:59:59.181Z Click-OcrCropped fab-inv try=1 hit='جديدة' imgX=75 imgY=716 screen=(105,746) exact=True
2026-08-16T01:00:16.825Z Fill-FloatingLabelField sale-customer try=1 probe=17W NOT in band [571,646)
2026-08-16T01:00:26.176Z Click-OcrExact save-inv try=1 words=54 btn=True {part=[حفظ] hits=1}
2026-08-16T01:00:28.907Z STEP S05-create-sale PASS
2026-08-16T01:00:28.912Z STEP S06-save-pdf start
2026-08-16T01:00:30.446Z Click-OcrExact save-pdf try=1 words=38 btn=True {part=[حفظ] hits=1}
2026-08-16T01:00:52.669Z STEP S06-save-pdf PASS
2026-08-16T01:00:52.674Z STEP S07-open-pdf start
2026-08-16T01:01:26.443Z STEP S07-open-pdf PASS
2026-08-16T01:01:26.449Z STEP S08-print-dialog start
2026-08-16T01:01:27.941Z Click-OcrExact print try=1 words=38 btn=True {part=[طباعة] hits=1}
2026-08-16T01:02:02.446Z STEP S08-print-dialog PASS
2026-08-16T01:02:02.450Z STEP S09-sales-history start
2026-08-16T01:02:09.126Z receipt icon color-scan clusters=13 top=(X=98 Y=303 N=35)
2026-08-16T01:02:13.396Z STEP S09-sales-history PASS
2026-08-16T01:02:13.401Z STEP S10-add-cashier start
2026-08-16T01:02:14.884Z Click-AppBarIcon users dx=0 name=[69..247]@y=75 screen=(349,105)
2026-08-16T01:02:22.678Z Fill-Field newuser-name try=1 row=left:834 right:878 top:239 bottom:261
2026-08-16T01:02:28.080Z Fill-Field newuser-user try=1 row=left:757 right:879 top:314 bottom:336
2026-08-16T01:02:33.616Z Fill-Field newuser-pass try=1 row=left:786 right:880 top:389 bottom:408
2026-08-16T01:02:38.672Z Fill-Field newuser-confirm try=1 row=left:739 right:879 top:459 bottom:483
2026-08-16T01:02:50.680Z Click-OcrExact create-user-1 try=1 words=33 btn=True {part=[إنشاء] hits=2}
2026-08-16T01:02:56.943Z STEP S10-add-cashier PASS
2026-08-16T01:02:56.947Z STEP S11-cashier-denied start
2026-08-16T01:02:58.361Z Click-AppBarIcon logout dx=0 name=[69..247]@y=75 screen=(75,105)
2026-08-16T01:03:03.368Z Fill-Field cashier-login-user try=1 row=left:1243 right:1402 top:457 bottom:481
2026-08-16T01:03:08.413Z Fill-Field cashier-login-pass try=1 row=left:1272 right:1401 top:533 bottom:559
2026-08-16T01:03:13.181Z Click-OcrExact cashier-login-b try=1 words=15 btn=True {part=[تسجيل] hits=2}
2026-08-16T01:03:15.673Z STEP S11-cashier-denied PASS
2026-08-16T01:03:15.678Z STEP S12-logout-close start
2026-08-16T01:03:16.850Z Click-AppBarIcon logout dx=0 name=[21..280]@y=75 screen=(27,105)
2026-08-16T01:03:32.854Z Click-AppBarIcon logout dx=16 name=[21..280]@y=75 screen=(43,105)
2026-08-16T01:03:37.740Z STEP S12-logout-close PASS
2026-08-16T01:03:37.740Z STEP S13-final-evidence start
2026-08-16T01:03:37.783Z STEP S13-final-evidence PASS
2026-08-16T01:03:37.820Z WORKER DONE aborted=False
