2026-08-13T13:05:19.523Z runId=ACCEPT-FIX-DUMP2-20260813-130516 metadata saved
2026-08-13T13:05:19.542Z STEP S01-launch start
2026-08-13T13:05:25.633Z STEP S01-launch PASS
2026-08-13T13:05:25.636Z STEP S02-setup-owner start
2026-08-13T13:05:26.680Z Fill-Field setup-name try=1 row=left:1320 right:1402 top:377 bottom:401
2026-08-13T13:05:33.944Z Fill-Field setup-user try=1 row=left:1243 right:1404 top:454 bottom:481
2026-08-13T13:05:38.534Z Fill-Field setup-pass try=1 row=left:1272 right:1401 top:533 bottom:559
2026-08-13T13:05:42.735Z Fill-Field setup-confirm try=1 row=left:1225 right:1402 top:613 bottom:640
2026-08-13T13:05:46.919Z Click-OcrExact setup-b try=1 words=28 btn=True {part=[إنشاء] hits=2}
2026-08-13T13:05:49.017Z STEP S02-setup-owner PASS
2026-08-13T13:05:49.022Z STEP S03-login-owner start
2026-08-13T13:05:49.875Z Fill-Field login-user try=1 row=left:1243 right:1402 top:457 bottom:481
2026-08-13T13:05:54.366Z Fill-Field login-pass try=1 row=left:1272 right:1401 top:533 bottom:559
2026-08-13T13:05:58.484Z Click-OcrExact login-b try=1 words=14 btn=True {part=[تسجيل] hits=2}
2026-08-13T13:06:00.902Z STEP S03-login-owner PASS
2026-08-13T13:06:00.905Z STEP S04-add-product start
2026-08-13T13:06:01.919Z Click-NavTileByRank nav-inv rank=1 try=1 word='المخدن' screen=(1150,852)
2026-08-13T13:06:09.860Z Fill-Field prod-name try=1 row=left:787 right:878 top:351 bottom:373
2026-08-13T13:06:14.649Z Fill-Field prod-cost try=1 row=left:781 right:879 top:426 bottom:446
2026-08-13T13:06:19.455Z Fill-Field prod-qty try=1 row=left:777 right:880 top:471 bottom:486
2026-08-13T13:06:26.771Z STEP S04-add-product PASS
2026-08-13T13:06:26.777Z STEP S05-create-sale start
2026-08-13T13:06:27.721Z Click-NavTileByRank nav-sales rank=2 try=1 word='المبيعات' screen=(902,851)
2026-08-13T13:06:31.444Z Click-OcrCropped fab-inv try=1 hit='جديدة' imgX=74 imgY=725 screen=(104,755) exact=True
2026-08-13T13:07:16.735Z Fill-FloatingLabelField sale-customer try=1 probe=17W NOT in band [571,646)
2026-08-13T13:07:24.328Z Click-OcrExact save-inv try=1 words=87 btn=True {part=[حفظ] hits=1}
2026-08-13T13:07:26.532Z STEP S05-create-sale PASS
2026-08-13T13:07:26.534Z STEP S06-save-pdf start
2026-08-13T13:07:27.548Z Click-OcrExact save-pdf try=1 words=38 btn=True {part=[حفظ] hits=1}
2026-08-13T13:07:48.880Z STEP S06-save-pdf PASS
2026-08-13T13:07:48.881Z STEP S07-open-pdf start
2026-08-13T13:08:21.618Z STEP S07-open-pdf PASS
2026-08-13T13:08:21.621Z STEP S08-print-dialog start
2026-08-13T13:08:22.628Z Click-OcrExact print try=1 words=38 btn=True {part=[طباعة] hits=1}
2026-08-13T13:08:56.600Z STEP S08-print-dialog PASS
2026-08-13T13:08:56.603Z STEP S09-sales-history start
2026-08-13T13:09:02.382Z receipt icon color-scan clusters=13 top=(X=98 Y=303 N=35)
2026-08-13T13:09:06.107Z STEP S09-sales-history PASS
2026-08-13T13:09:06.111Z STEP S10-add-cashier start
2026-08-13T13:09:07.285Z Click-AppBarIcon users dx=0 name=[69..233]@y=74 screen=(335,104)
2026-08-13T13:09:14.015Z Fill-Field newuser-name try=1 row=left:834 right:878 top:239 bottom:261
2026-08-13T13:09:18.633Z Fill-Field newuser-user try=1 row=left:757 right:879 top:314 bottom:336
2026-08-13T13:09:23.237Z Fill-Field newuser-pass try=1 row=left:786 right:880 top:389 bottom:408
2026-08-13T13:09:27.457Z Fill-Field newuser-confirm try=1 row=left:739 right:879 top:459 bottom:483
2026-08-13T13:09:37.631Z Click-OcrExact create-user-1 try=1 words=33 btn=True {part=[إنشاء] hits=2}
2026-08-13T13:09:42.955Z STEP S10-add-cashier PASS
2026-08-13T13:09:42.961Z STEP S11-cashier-denied start
2026-08-13T13:09:44.092Z Click-AppBarIcon logout dx=0 name=[69..233]@y=74 screen=(75,104)
2026-08-13T13:09:48.228Z Fill-Field cashier-login-user try=1 row=left:1243 right:1402 top:457 bottom:481
2026-08-13T13:09:52.757Z Fill-Field cashier-login-pass try=1 row=left:1272 right:1401 top:533 bottom:559
2026-08-13T13:09:56.833Z Click-OcrExact cashier-login-b try=1 words=14 btn=True {part=[تسجيل] hits=2}
2026-08-13T13:09:58.979Z STEP S11-cashier-denied PASS
2026-08-13T13:09:58.981Z STEP S12-logout-close start
2026-08-13T13:09:59.862Z Click-AppBarIcon logout dx=0 name=[21..280]@y=75 screen=(27,105)
2026-08-13T13:10:16.975Z Click-AppBarIcon logout dx=16 name=[21..280]@y=75 screen=(43,105)
2026-08-13T13:10:30.112Z STEP S12-logout-close PASS
2026-08-13T13:10:30.112Z STEP S13-final-evidence start
2026-08-13T13:10:30.149Z STEP S13-final-evidence PASS
2026-08-13T13:10:30.160Z WORKER DONE aborted=False
