2026-08-16 01:29:32.564   Log opened. (Time zone: UTC+03:00)
2026-08-16 01:29:32.564   Setup version: Inno Setup version 6.7.3
2026-08-16 01:29:32.564   Original Setup EXE: C:\mu13o-acceptance\m13p\run\20260816-012927\installer\muaman-windows-installer.exe
2026-08-16 01:29:32.564   Setup command line: /SL5="$3803F0,12019182,893952,C:\mu13o-acceptance\m13p\run\20260816-012927\installer\muaman-windows-installer.exe" /VERYSILENT /SUPPRESSMSGBOXES /NORESTART /SP- /LOG="C:\mu13o-acceptance\m13p\run\20260816-012927\evidence\logs\install.log"
2026-08-16 01:29:32.564   Windows version: 10.0.26200
2026-08-16 01:29:32.564   Windows architecture: x64 (64-bit)
2026-08-16 01:29:32.564   Machine types supported by system: x86 x64
2026-08-16 01:29:32.564   User privileges: None
2026-08-16 01:29:32.564   Administrative install mode: No
2026-08-16 01:29:32.564   Install mode root key: HKEY_CURRENT_USER
2026-08-16 01:29:32.564   64-bit install mode: Yes
2026-08-16 01:29:32.564   RedirectionGuard status for current process: Enabled in enforcing mode
2026-08-16 01:29:32.564   Created temporary directory: C:\Users\CODEXM~1.ISL\AppData\Local\Temp\is-XB2118M2Q1.tmp
2026-08-16 01:29:32.759   Starting the installation process.
2026-08-16 01:29:32.775   Directory for uninstall files: C:\Users\CodexMuaman13P.Islam\AppData\Local\Programs\muaman_store
2026-08-16 01:29:32.775   Creating new uninstall log: C:\Users\CodexMuaman13P.Islam\AppData\Local\Programs\muaman_store\unins000.dat
2026-08-16 01:29:32.786   -- File entry --
2026-08-16 01:29:32.786   Dest filename: C:\Users\CodexMuaman13P.Islam\AppData\Local\Programs\muaman_store\unins000.exe
2026-08-16 01:29:32.786   Non-default bitness: 32-bit
2026-08-16 01:29:32.802   Time stamp of our file: 2026-08-16 01:29:32.119
2026-08-16 01:29:32.802   Installing the file.
2026-08-16 01:29:32.808   Successfully installed the file.
2026-08-16 01:29:32.808   -- File entry --
2026-08-16 01:29:32.808   Dest filename: C:\Users\CodexMuaman13P.Islam\AppData\Local\Programs\muaman_store\muaman_store.exe
2026-08-16 01:29:32.808   Time stamp of our file: 2024-01-01 01:00:00.000
2026-08-16 01:29:32.808   Installing the file.
2026-08-16 01:29:32.821   Successfully installed the file.
2026-08-16 01:29:32.821   -- File entry --
2026-08-16 01:29:32.821   Dest filename: C:\Users\CodexMuaman13P.Islam\AppData\Local\Programs\muaman_store\flutter_windows.dll
2026-08-16 01:29:32.821   Time stamp of our file: 2024-01-01 01:00:00.000
2026-08-16 01:29:32.821   Installing the file.
2026-08-16 01:29:33.329   Successfully installed the file.
2026-08-16 01:29:33.329   -- File entry --
2026-08-16 01:29:33.329   Dest filename: C:\Users\CodexMuaman13P.Islam\AppData\Local\Programs\muaman_store\pdfium.dll
2026-08-16 01:29:33.329   Time stamp of our file: 2024-01-01 01:00:00.000
2026-08-16 01:29:33.329   Installing the file.
2026-08-16 01:29:33.481   Successfully installed the file.
2026-08-16 01:29:33.481   -- File entry --
2026-08-16 01:29:33.481   Dest filename: C:\Users\CodexMuaman13P.Islam\AppData\Local\Programs\muaman_store\printing_plugin.dll
2026-08-16 01:29:33.481   Time stamp of our file: 2024-01-01 01:00:00.000
2026-08-16 01:29:33.481   Installing the file.
2026-08-16 01:29:33.489   Successfully installed the file.
2026-08-16 01:29:33.489   -- File entry --
2026-08-16 01:29:33.489   Dest filename: C:\Users\CodexMuaman13P.Islam\AppData\Local\Programs\muaman_store\data\app.so
2026-08-16 01:29:33.489   Time stamp of our file: 2024-01-01 01:00:00.000
2026-08-16 01:29:33.489   Installing the file.
2026-08-16 01:29:33.489   Creating directory: C:\Users\CodexMuaman13P.Islam\AppData\Local\Programs\muaman_store\data
2026-08-16 01:29:33.825   Successfully installed the file.
2026-08-16 01:29:33.825   -- File entry --
2026-08-16 01:29:33.825   Dest filename: C:\Users\CodexMuaman13P.Islam\AppData\Local\Programs\muaman_store\data\icudtl.dat
2026-08-16 01:29:33.825   Time stamp of our file: 2024-01-01 01:00:00.000
2026-08-16 01:29:33.825   Installing the file.
2026-08-16 01:29:33.855   Successfully installed the file.
2026-08-16 01:29:33.855   -- File entry --
2026-08-16 01:29:33.855   Dest filename: C:\Users\CodexMuaman13P.Islam\AppData\Local\Programs\muaman_store\data\flutter_assets\AssetManifest.bin
2026-08-16 01:29:33.855   Time stamp of our file: 2024-01-01 01:00:00.000
2026-08-16 01:29:33.855   Installing the file.
2026-08-16 01:29:33.855   Creating directory: C:\Users\CodexMuaman13P.Islam\AppData\Local\Programs\muaman_store\data\flutter_assets
2026-08-16 01:29:33.855   Successfully installed the file.
2026-08-16 01:29:33.855   -- File entry --
2026-08-16 01:29:33.855   Dest filename: C:\Users\CodexMuaman13P.Islam\AppData\Local\Programs\muaman_store\data\flutter_assets\AssetManifest.json
2026-08-16 01:29:33.855   Time stamp of our file: 2024-01-01 01:00:00.000
2026-08-16 01:29:33.855   Installing the file.
2026-08-16 01:29:33.855   Successfully installed the file.
2026-08-16 01:29:33.855   -- File entry --
2026-08-16 01:29:33.855   Dest filename: C:\Users\CodexMuaman13P.Islam\AppData\Local\Programs\muaman_store\data\flutter_assets\FontManifest.json
2026-08-16 01:29:33.855   Time stamp of our file: 2024-01-01 01:00:00.000
2026-08-16 01:29:33.855   Installing the file.
2026-08-16 01:29:33.864   Successfully installed the file.
2026-08-16 01:29:33.864   -- File entry --
2026-08-16 01:29:33.864   Dest filename: C:\Users\CodexMuaman13P.Islam\AppData\Local\Programs\muaman_store\data\flutter_assets\NOTICES.Z
2026-08-16 01:29:33.864   Time stamp of our file: 2024-01-01 01:00:00.000
2026-08-16 01:29:33.864   Installing the file.
2026-08-16 01:29:33.864   Successfully installed the file.
2026-08-16 01:29:33.864   -- File entry --
2026-08-16 01:29:33.864   Dest filename: C:\Users\CodexMuaman13P.Islam\AppData\Local\Programs\muaman_store\data\flutter_assets\assets\fonts\NotoSansArabic-Bold.ttf
2026-08-16 01:29:33.864   Time stamp of our file: 2024-01-01 01:00:00.000
2026-08-16 01:29:33.864   Installing the file.
2026-08-16 01:29:33.864   Creating directory: C:\Users\CodexMuaman13P.Islam\AppData\Local\Programs\muaman_store\data\flutter_assets\assets
2026-08-16 01:29:33.864   Creating directory: C:\Users\CodexMuaman13P.Islam\AppData\Local\Programs\muaman_store\data\flutter_assets\assets\fonts
2026-08-16 01:29:33.881   Successfully installed the file.
2026-08-16 01:29:33.883   -- File entry --
2026-08-16 01:29:33.883   Dest filename: C:\Users\CodexMuaman13P.Islam\AppData\Local\Programs\muaman_store\data\flutter_assets\assets\fonts\NotoSansArabic-Regular.ttf
2026-08-16 01:29:33.883   Time stamp of our file: 2024-01-01 01:00:00.000
2026-08-16 01:29:33.883   Installing the file.
2026-08-16 01:29:33.883   Successfully installed the file.
2026-08-16 01:29:33.883   -- File entry --
2026-08-16 01:29:33.883   Dest filename: C:\Users\CodexMuaman13P.Islam\AppData\Local\Programs\muaman_store\data\flutter_assets\assets\fonts\THIRD_PARTY_NOTICES.txt
2026-08-16 01:29:33.883   Time stamp of our file: 2024-01-01 01:00:00.000
2026-08-16 01:29:33.883   Installing the file.
2026-08-16 01:29:33.883   Successfully installed the file.
2026-08-16 01:29:33.883   -- File entry --
2026-08-16 01:29:33.883   Dest filename: C:\Users\CodexMuaman13P.Islam\AppData\Local\Programs\muaman_store\data\flutter_assets\fonts\MaterialIcons-Regular.otf
2026-08-16 01:29:33.883   Time stamp of our file: 2024-01-01 01:00:00.000
2026-08-16 01:29:33.883   Installing the file.
2026-08-16 01:29:33.883   Creating directory: C:\Users\CodexMuaman13P.Islam\AppData\Local\Programs\muaman_store\data\flutter_assets\fonts
2026-08-16 01:29:33.931   Successfully installed the file.
2026-08-16 01:29:33.931   -- File entry --
2026-08-16 01:29:33.931   Dest filename: C:\Users\CodexMuaman13P.Islam\AppData\Local\Programs\muaman_store\data\flutter_assets\packages\cupertino_icons\assets\CupertinoIcons.ttf
2026-08-16 01:29:33.931   Time stamp of our file: 2024-01-01 01:00:00.000
2026-08-16 01:29:33.931   Installing the file.
2026-08-16 01:29:33.931   Creating directory: C:\Users\CodexMuaman13P.Islam\AppData\Local\Programs\muaman_store\data\flutter_assets\packages
2026-08-16 01:29:33.931   Creating directory: C:\Users\CodexMuaman13P.Islam\AppData\Local\Programs\muaman_store\data\flutter_assets\packages\cupertino_icons
2026-08-16 01:29:33.931   Creating directory: C:\Users\CodexMuaman13P.Islam\AppData\Local\Programs\muaman_store\data\flutter_assets\packages\cupertino_icons\assets
2026-08-16 01:29:33.931   Successfully installed the file.
2026-08-16 01:29:33.931   -- File entry --
2026-08-16 01:29:33.931   Dest filename: C:\Users\CodexMuaman13P.Islam\AppData\Local\Programs\muaman_store\data\flutter_assets\shaders\ink_sparkle.frag
2026-08-16 01:29:33.931   Time stamp of our file: 2024-01-01 01:00:00.000
2026-08-16 01:29:33.947   Installing the file.
2026-08-16 01:29:33.947   Creating directory: C:\Users\CodexMuaman13P.Islam\AppData\Local\Programs\muaman_store\data\flutter_assets\shaders
2026-08-16 01:29:33.948   Successfully installed the file.
2026-08-16 01:29:33.948   -- Icon entry --
2026-08-16 01:29:33.948   Dest filename: C:\Users\CodexMuaman13P.Islam\AppData\Roaming\Microsoft\Windows\Start Menu\Programs\I-TECH للتكنولوجيا.lnk
2026-08-16 01:29:33.950   Creating the icon.
2026-08-16 01:29:34.042   Successfully created the icon.
2026-08-16 01:29:34.042   Saving uninstall information.
2026-08-16 01:29:34.042   Deleting uninstall key left over from previous non administrative install.
2026-08-16 01:29:34.042   Creating new uninstall key: HKEY_CURRENT_USER\Software\Microsoft\Windows\CurrentVersion\Uninstall\{299ADF2A-0E9E-4A25-916C-1CB8328D0E5E}_is1
2026-08-16 01:29:34.042   Writing uninstall key values.
2026-08-16 01:29:34.042   Detected previous administrative 64-bit install? No
2026-08-16 01:29:34.042   Detected previous administrative 32-bit install? No
2026-08-16 01:29:34.042   Installation process succeeded.
2026-08-16 01:29:34.042   Need to restart Windows? No
2026-08-16 01:29:34.051   Deinitializing Setup.
2026-08-16 01:29:34.058   Log closed.
