2026-08-15T22:29:29.872Z RUN BEGIN runId=20260816-012927 user=Islam\CodexMuaman13P installDir=C:\Users\CodexMuaman13P.Islam\AppData\Local\Programs\muaman_store
2026-08-15T22:29:30.416Z [STEP:OK] identity
2026-08-15T22:29:31.093Z [STEP:OK] toolIsolation
2026-08-15T22:29:31.659Z [STEP:OK] accountReset
2026-08-15T22:29:31.707Z [STEP:OK] prestate
2026-08-15T22:29:34.138Z [STEP:OK] install
2026-08-15T22:29:34.504Z [STEP:OK] installedState
2026-08-15T22:29:34.843Z [STEP:OK] installedPayload
2026-08-15T22:29:36.547Z [STEP:OK] launch1
2026-08-15T22:29:37.871Z [STEP:OK] launch1Setup
2026-08-15T22:30:02.170Z [STEP:OK] launch1OwnerCreate
2026-08-15T22:30:15.694Z [STEP:OK] launch1Login
2026-08-15T22:30:16.783Z [STEP:OK] launch1Dashboard
2026-08-15T22:30:19.173Z [STEP:OK] database
2026-08-15T22:30:20.893Z [STEP:OK] dataLocations
2026-08-15T22:30:22.927Z [STEP:OK] close1
2026-08-15T22:30:41.385Z [STEP:OK] launch2
2026-08-15T22:30:41.754Z [STEP:OK] uninstallRegistration
2026-08-15T22:30:41.775Z [STEP:OK] finalState
2026-08-15T22:30:41.786Z RUN END allStepsPassed=True
