2026-08-16T01:08:57.294Z runId=REGUARD-STRESS-B-20260816-005321-c004 metadata saved
2026-08-16T01:08:57.343Z STEP S01-launch start
2026-08-16T01:09:04.111Z STEP S01-launch PASS
2026-08-16T01:09:04.121Z STEP S02-setup-owner start
2026-08-16T01:09:05.745Z Fill-Field setup-name try=1 row=left:1320 right:1402 top:377 bottom:401
2026-08-16T01:09:14.118Z Fill-Field setup-user try=1 row=left:1243 right:1404 top:454 bottom:481
2026-08-16T01:09:19.447Z Fill-Field setup-pass try=1 row=left:1272 right:1401 top:533 bottom:559
2026-08-16T01:09:24.452Z Fill-Field setup-confirm try=1 row=left:1225 right:1402 top:613 bottom:640
2026-08-16T01:09:29.504Z Click-OcrExact setup-b try=1 words=27 btn=True {part=[إنشاء] hits=2}
2026-08-16T01:09:31.905Z STEP S02-setup-owner PASS
2026-08-16T01:09:31.909Z STEP S03-login-owner start
2026-08-16T01:09:33.149Z Fill-Field login-user try=1 row=left:1243 right:1402 top:457 bottom:481
2026-08-16T01:09:38.221Z Fill-Field login-pass try=1 row=left:1272 right:1401 top:533 bottom:559
2026-08-16T01:09:42.946Z Click-OcrExact login-b try=1 words=15 btn=True {part=[تسجيل] hits=2}
2026-08-16T01:09:46.268Z STEP S03-login-owner PASS
2026-08-16T01:09:46.275Z STEP S04-add-product start
2026-08-16T01:09:47.917Z Click-NavTileByRank nav-inv rank=1 try=1 word='المخدن' screen=(1150,852)
2026-08-16T01:09:56.903Z Fill-Field prod-name try=1 row=left:787 right:878 top:351 bottom:373
2026-08-16T01:10:02.361Z Fill-Field prod-cost try=1 row=left:781 right:879 top:426 bottom:446
2026-08-16T01:10:07.840Z Fill-Field prod-qty try=1 row=left:777 right:880 top:471 bottom:486
2026-08-16T01:10:16.089Z STEP S04-add-product PASS
2026-08-16T01:10:16.094Z STEP S05-create-sale start
2026-08-16T01:10:17.531Z Click-NavTileByRank nav-sales rank=2 try=1 word='المبيعات' screen=(902,851)
2026-08-16T01:10:21.849Z Click-OcrCropped fab-inv try=1 hit='جديدة' imgX=75 imgY=716 screen=(105,746) exact=True
2026-08-16T01:10:39.436Z Fill-FloatingLabelField sale-customer try=1 probe=17W NOT in band [571,646)
2026-08-16T01:10:48.708Z Click-OcrExact save-inv try=1 words=54 btn=True {part=[حفظ] hits=1}
2026-08-16T01:10:51.391Z STEP S05-create-sale PASS
2026-08-16T01:10:51.404Z STEP S06-save-pdf start
2026-08-16T01:10:52.965Z Click-OcrExact save-pdf try=1 words=38 btn=True {part=[حفظ] hits=1}
2026-08-16T01:11:15.045Z STEP S06-save-pdf PASS
2026-08-16T01:11:15.049Z STEP S07-open-pdf start
2026-08-16T01:11:48.282Z STEP S07-open-pdf PASS
2026-08-16T01:11:48.288Z STEP S08-print-dialog start
2026-08-16T01:11:49.897Z Click-OcrExact print try=1 words=38 btn=True {part=[طباعة] hits=1}
2026-08-16T01:12:24.374Z STEP S08-print-dialog PASS
2026-08-16T01:12:24.379Z STEP S09-sales-history start
2026-08-16T01:12:30.869Z receipt icon color-scan clusters=13 top=(X=98 Y=303 N=35)
2026-08-16T01:12:35.243Z STEP S09-sales-history PASS
2026-08-16T01:12:35.247Z STEP S10-add-cashier start
2026-08-16T01:12:36.757Z Click-AppBarIcon users dx=0 name=[69..247]@y=75 screen=(349,105)
2026-08-16T01:12:44.560Z Fill-Field newuser-name try=1 row=left:834 right:878 top:239 bottom:261
2026-08-16T01:12:49.966Z Fill-Field newuser-user try=1 row=left:757 right:879 top:314 bottom:336
2026-08-16T01:12:55.562Z Fill-Field newuser-pass try=1 row=left:786 right:880 top:389 bottom:408
2026-08-16T01:13:00.673Z Fill-Field newuser-confirm try=1 row=left:739 right:879 top:459 bottom:483
2026-08-16T01:13:12.616Z Click-OcrExact create-user-1 try=1 words=33 btn=True {part=[إنشاء] hits=2}
2026-08-16T01:13:18.857Z STEP S10-add-cashier PASS
2026-08-16T01:13:18.862Z STEP S11-cashier-denied start
2026-08-16T01:13:20.260Z Click-AppBarIcon logout dx=0 name=[69..247]@y=75 screen=(75,105)
2026-08-16T01:13:25.199Z Fill-Field cashier-login-user try=1 row=left:1243 right:1402 top:457 bottom:481
2026-08-16T01:13:30.282Z Fill-Field cashier-login-pass try=1 row=left:1272 right:1401 top:533 bottom:559
2026-08-16T01:13:35.053Z Click-OcrExact cashier-login-b try=1 words=15 btn=True {part=[تسجيل] hits=2}
2026-08-16T01:13:37.535Z STEP S11-cashier-denied PASS
2026-08-16T01:13:37.540Z STEP S12-logout-close start
2026-08-16T01:13:38.750Z Click-AppBarIcon logout dx=0 name=[21..280]@y=75 screen=(27,105)
2026-08-16T01:13:54.645Z Click-AppBarIcon logout dx=16 name=[21..280]@y=75 screen=(43,105)
2026-08-16T01:13:59.479Z STEP S12-logout-close PASS
2026-08-16T01:13:59.487Z STEP S13-final-evidence start
2026-08-16T01:13:59.512Z STEP S13-final-evidence PASS
2026-08-16T01:13:59.564Z WORKER DONE aborted=False
