2026-08-13T15:38:07.564Z runId=ACCEPT-FIX-FINAL-20260813-1903 metadata saved
2026-08-13T15:38:07.581Z STEP S01-launch start
2026-08-13T15:38:13.884Z STEP S01-launch PASS
2026-08-13T15:38:13.887Z STEP S02-setup-owner start
2026-08-13T15:38:15.141Z Fill-Field setup-name try=1 row=left:1320 right:1402 top:377 bottom:401
2026-08-13T15:38:22.377Z Fill-Field setup-user try=1 row=left:1243 right:1404 top:454 bottom:481
2026-08-13T15:38:26.959Z Fill-Field setup-pass try=1 row=left:1272 right:1401 top:533 bottom:559
2026-08-13T15:38:31.245Z Fill-Field setup-confirm try=1 row=left:1225 right:1402 top:613 bottom:640
2026-08-13T15:38:35.418Z Click-OcrExact setup-b try=1 words=28 btn=True {part=[إنشاء] hits=2}
2026-08-13T15:38:37.531Z STEP S02-setup-owner PASS
2026-08-13T15:38:37.532Z STEP S03-login-owner start
2026-08-13T15:38:38.433Z Fill-Field login-user try=1 row=left:1243 right:1402 top:457 bottom:481
2026-08-13T15:38:42.938Z Fill-Field login-pass try=1 row=left:1272 right:1401 top:533 bottom:559
2026-08-13T15:38:47.054Z Click-OcrExact login-b try=1 words=14 btn=True {part=[تسجيل] hits=2}
2026-08-13T15:38:49.557Z STEP S03-login-owner PASS
2026-08-13T15:38:49.561Z STEP S04-add-product start
2026-08-13T15:38:50.602Z Click-NavTileByRank nav-inv rank=1 try=1 word='المخدن' screen=(1150,852)
2026-08-13T15:38:58.506Z Fill-Field prod-name try=1 row=left:787 right:878 top:351 bottom:373
2026-08-13T15:39:03.210Z Fill-Field prod-cost try=1 row=left:781 right:879 top:426 bottom:446
2026-08-13T15:39:07.995Z Fill-Field prod-qty try=1 row=left:777 right:880 top:471 bottom:486
2026-08-13T15:39:15.333Z STEP S04-add-product PASS
2026-08-13T15:39:15.336Z STEP S05-create-sale start
2026-08-13T15:39:16.302Z Click-NavTileByRank nav-sales rank=2 try=1 word='المبيعات' screen=(902,851)
2026-08-13T15:39:20.012Z Click-OcrCropped fab-inv try=1 hit='جديدة' imgX=74 imgY=725 screen=(104,755) exact=True
2026-08-13T15:40:04.767Z Fill-FloatingLabelField sale-customer try=1 probe=17W NOT in band [571,646)
2026-08-13T15:40:12.412Z Click-OcrExact save-inv try=1 words=87 btn=True {part=[حفظ] hits=1}
2026-08-13T15:40:14.596Z STEP S05-create-sale PASS
2026-08-13T15:40:14.598Z STEP S06-save-pdf start
2026-08-13T15:40:15.644Z Click-OcrExact save-pdf try=1 words=38 btn=True {part=[حفظ] hits=1}
2026-08-13T15:40:36.817Z STEP S06-save-pdf PASS
2026-08-13T15:40:36.820Z STEP S07-open-pdf start
2026-08-13T15:40:41.736Z STEP S07-open-pdf PASS
2026-08-13T15:40:41.740Z STEP S08-print-dialog start
2026-08-13T15:40:42.771Z Click-OcrExact print try=1 words=38 btn=True {part=[طباعة] hits=1}
2026-08-13T15:41:16.796Z STEP S08-print-dialog PASS
2026-08-13T15:41:16.800Z STEP S09-sales-history start
2026-08-13T15:41:22.590Z receipt icon color-scan clusters=13 top=(X=98 Y=303 N=35)
2026-08-13T15:41:26.344Z STEP S09-sales-history PASS
2026-08-13T15:41:26.347Z STEP S10-add-cashier start
2026-08-13T15:41:27.534Z Click-AppBarIcon users dx=0 name=[69..247]@y=75 screen=(349,105)
2026-08-13T15:41:34.164Z Fill-Field newuser-name try=1 row=left:834 right:878 top:239 bottom:261
2026-08-13T15:41:38.815Z Fill-Field newuser-user try=1 row=left:757 right:879 top:314 bottom:336
2026-08-13T15:41:43.465Z Fill-Field newuser-pass try=1 row=left:786 right:880 top:389 bottom:408
2026-08-13T15:41:47.684Z Fill-Field newuser-confirm try=1 row=left:739 right:879 top:459 bottom:483
2026-08-13T15:41:57.872Z Click-OcrExact create-user-1 try=1 words=33 btn=True {part=[إنشاء] hits=2}
2026-08-13T15:42:03.237Z STEP S10-add-cashier PASS
2026-08-13T15:42:03.243Z STEP S11-cashier-denied start
2026-08-13T15:42:04.344Z Click-AppBarIcon logout dx=0 name=[69..247]@y=75 screen=(75,105)
2026-08-13T15:42:08.431Z Fill-Field cashier-login-user try=1 row=left:1243 right:1402 top:457 bottom:481
2026-08-13T15:42:12.959Z Fill-Field cashier-login-pass try=1 row=left:1272 right:1401 top:533 bottom:559
2026-08-13T15:42:17.051Z Click-OcrExact cashier-login-b try=1 words=14 btn=True {part=[تسجيل] hits=2}
2026-08-13T15:42:19.164Z STEP S11-cashier-denied PASS
2026-08-13T15:42:19.166Z STEP S12-logout-close start
2026-08-13T15:42:20.048Z Click-AppBarIcon logout dx=0 name=[21..280]@y=75 screen=(27,105)
2026-08-13T15:42:37.181Z Click-AppBarIcon logout dx=16 name=[21..280]@y=75 screen=(43,105)
2026-08-13T15:42:41.526Z STEP S12-logout-close PASS
2026-08-13T15:42:41.526Z STEP S13-final-evidence start
2026-08-13T15:42:41.542Z STEP S13-final-evidence PASS
2026-08-13T15:42:41.574Z WORKER DONE aborted=False
