2026-08-15T22:25:19.769Z RUN BEGIN runId=20260816-012517 user=Islam\CodexMuaman13P installDir=C:\Users\CodexMuaman13P.Islam\AppData\Local\Programs\muaman_store
2026-08-15T22:25:20.271Z [STEP:OK] identity
2026-08-15T22:25:20.971Z [STEP:OK] toolIsolation
2026-08-15T22:25:21.566Z [STEP:OK] accountReset
2026-08-15T22:25:21.611Z [STEP:OK] prestate
2026-08-15T22:25:24.239Z [STEP:OK] install
2026-08-15T22:25:24.631Z [STEP:OK] installedState
2026-08-15T22:25:25.018Z [STEP:OK] installedPayload
2026-08-15T22:25:26.724Z [STEP:OK] launch1
2026-08-15T22:25:28.156Z [STEP:OK] launch1Setup
2026-08-15T22:25:51.382Z [STEP:OK] launch1OwnerCreate
2026-08-15T22:26:04.915Z [STEP:OK] launch1Login
2026-08-15T22:26:06.033Z [STEP:OK] launch1Dashboard
2026-08-15T22:26:08.423Z [STEP:OK] database
2026-08-15T22:26:11.767Z [STEP:OK] dataLocations
2026-08-15T22:26:13.789Z [STEP:OK] close1
2026-08-15T22:26:32.055Z [STEP:OK] launch2
2026-08-15T22:26:32.385Z [STEP:OK] uninstallRegistration
2026-08-15T22:26:32.406Z [STEP:OK] finalState
2026-08-15T22:26:32.422Z RUN END allStepsPassed=True
