2026-08-13T12:56:23.756Z runId=ACCEPT-FIX-DUMP-20260813-125620 metadata saved
2026-08-13T12:56:23.783Z STEP S01-launch start
2026-08-13T12:56:29.975Z STEP S01-launch PASS
2026-08-13T12:56:29.981Z STEP S02-setup-owner start
2026-08-13T12:56:31.057Z Fill-Field setup-name try=1 row=left:1320 right:1402 top:377 bottom:401
2026-08-13T12:56:38.332Z Fill-Field setup-user try=1 row=left:1243 right:1404 top:454 bottom:481
2026-08-13T12:56:42.921Z Fill-Field setup-pass try=1 row=left:1272 right:1401 top:533 bottom:559
2026-08-13T12:56:47.125Z Fill-Field setup-confirm try=1 row=left:1225 right:1402 top:613 bottom:640
2026-08-13T12:56:51.370Z Click-OcrExact setup-b try=1 words=28 btn=True {part=[إنشاء] hits=2}
2026-08-13T12:56:53.471Z STEP S02-setup-owner PASS
2026-08-13T12:56:53.482Z STEP S03-login-owner start
2026-08-13T12:56:54.385Z Fill-Field login-user try=1 row=left:1243 right:1402 top:457 bottom:481
2026-08-13T12:56:58.905Z Fill-Field login-pass try=1 row=left:1272 right:1401 top:533 bottom:559
2026-08-13T12:57:03.061Z Click-OcrExact login-b try=1 words=14 btn=True {part=[تسجيل] hits=2}
2026-08-13T12:57:05.507Z STEP S03-login-owner PASS
2026-08-13T12:57:05.511Z STEP S04-add-product start
2026-08-13T12:57:06.568Z Click-NavTileByRank nav-inv rank=1 try=1 word='المخدن' screen=(1150,852)
2026-08-13T12:57:14.601Z Fill-Field prod-name try=1 row=left:787 right:878 top:351 bottom:373
2026-08-13T12:57:19.431Z Fill-Field prod-cost try=1 row=left:781 right:879 top:426 bottom:446
2026-08-13T12:57:24.257Z Fill-Field prod-qty try=1 row=left:777 right:880 top:471 bottom:486
2026-08-13T12:57:31.637Z STEP S04-add-product PASS
2026-08-13T12:57:31.639Z STEP S05-create-sale start
2026-08-13T12:57:32.601Z Click-NavTileByRank nav-sales rank=2 try=1 word='المبيعات' screen=(902,851)
2026-08-13T12:57:36.424Z Click-OcrCropped fab-inv try=1 hit='جديدة' imgX=74 imgY=725 screen=(104,755) exact=True
2026-08-13T12:58:22.716Z Fill-FloatingLabelField sale-customer try=1 probe=17W NOT in band [571,646)
2026-08-13T12:58:30.565Z Click-OcrExact save-inv try=1 words=87 btn=True {part=[حفظ] hits=1}
2026-08-13T12:58:32.766Z STEP S05-create-sale PASS
2026-08-13T12:58:32.768Z STEP S06-save-pdf start
2026-08-13T12:58:33.788Z Click-OcrExact save-pdf try=1 words=38 btn=True {part=[حفظ] hits=1}
2026-08-13T12:58:54.839Z STEP S06-save-pdf PASS
2026-08-13T12:58:54.841Z STEP S07-open-pdf start
2026-08-13T12:59:27.782Z STEP S07-open-pdf PASS
2026-08-13T12:59:27.784Z STEP S08-print-dialog start
2026-08-13T12:59:28.827Z Click-OcrExact print try=1 words=38 btn=True {part=[طباعة] hits=1}
2026-08-13T13:00:02.880Z STEP S08-print-dialog PASS
2026-08-13T13:00:02.883Z STEP S09-sales-history start
2026-08-13T13:00:08.679Z receipt icon color-scan clusters=13 top=(X=98 Y=303 N=35)
2026-08-13T13:00:12.418Z STEP S09-sales-history PASS
2026-08-13T13:00:12.422Z STEP S10-add-cashier start
2026-08-13T13:00:13.597Z Click-AppBarIcon users dx=0 name=[69..233]@y=74 screen=(335,104)
2026-08-13T13:00:20.221Z Fill-Field newuser-name try=1 row=left:834 right:878 top:239 bottom:261
2026-08-13T13:00:24.788Z Fill-Field newuser-user try=1 row=left:757 right:879 top:314 bottom:336
2026-08-13T13:00:29.448Z Fill-Field newuser-pass try=1 row=left:786 right:880 top:389 bottom:408
2026-08-13T13:00:33.710Z Fill-Field newuser-confirm try=1 row=left:739 right:879 top:459 bottom:483
2026-08-13T13:00:44.111Z Click-OcrExact create-user-1 try=1 words=33 btn=True {part=[إنشاء] hits=2}
2026-08-13T13:00:49.497Z STEP S10-add-cashier PASS
2026-08-13T13:00:49.501Z STEP S11-cashier-denied start
2026-08-13T13:00:50.683Z Click-AppBarIcon logout dx=0 name=[69..233]@y=74 screen=(75,104)
2026-08-13T13:00:54.851Z Fill-Field cashier-login-user try=1 row=left:1243 right:1402 top:457 bottom:481
2026-08-13T13:00:59.358Z Fill-Field cashier-login-pass try=1 row=left:1272 right:1401 top:533 bottom:559
2026-08-13T13:01:03.541Z Click-OcrExact cashier-login-b try=1 words=14 btn=True {part=[تسجيل] hits=2}
2026-08-13T13:01:05.698Z STEP S11-cashier-denied PASS
2026-08-13T13:01:05.699Z STEP S12-logout-close start
2026-08-13T13:01:06.609Z Click-AppBarIcon logout dx=0 name=[21..280]@y=75 screen=(27,105)
2026-08-13T13:01:22.415Z Click-AppBarIcon logout dx=16 name=[21..280]@y=75 screen=(43,105)
2026-08-13T13:01:35.512Z STEP S12-logout-close PASS
2026-08-13T13:01:35.512Z STEP S13-final-evidence start
2026-08-13T13:01:35.543Z STEP S13-final-evidence PASS
2026-08-13T13:01:35.559Z WORKER DONE aborted=False
