2026-08-16T00:11:50.408Z runId=REGUARD-STRESS-20260816-000301-c003 metadata saved
2026-08-16T00:11:50.431Z STEP S01-launch start
2026-08-16T00:11:56.408Z STEP S01-launch PASS
2026-08-16T00:11:56.412Z STEP S02-setup-owner start
2026-08-16T00:11:57.448Z Fill-Field setup-name try=1 row=left:1320 right:1402 top:377 bottom:401
2026-08-16T00:12:04.714Z Fill-Field setup-user try=1 row=left:1243 right:1404 top:454 bottom:481
2026-08-16T00:12:09.266Z Fill-Field setup-pass try=1 row=left:1272 right:1401 top:533 bottom:559
2026-08-16T00:12:13.474Z Fill-Field setup-confirm try=1 row=left:1225 right:1402 top:613 bottom:640
2026-08-16T00:12:17.666Z Click-OcrExact setup-b try=1 words=28 btn=True {part=[إنشاء] hits=2}
2026-08-16T00:12:19.757Z STEP S02-setup-owner PASS
2026-08-16T00:12:19.759Z STEP S03-login-owner start
2026-08-16T00:12:20.638Z Fill-Field login-user try=1 row=left:1243 right:1402 top:457 bottom:481
2026-08-16T00:12:25.112Z Fill-Field login-pass try=1 row=left:1272 right:1401 top:533 bottom:559
2026-08-16T00:12:29.219Z Click-OcrExact login-b try=1 words=14 btn=True {part=[تسجيل] hits=2}
2026-08-16T00:12:31.599Z STEP S03-login-owner PASS
2026-08-16T00:12:31.602Z STEP S04-add-product start
2026-08-16T00:12:32.641Z Click-NavTileByRank nav-inv rank=1 try=1 word='المخدن' screen=(1150,852)
2026-08-16T00:12:40.296Z Fill-Field prod-name try=1 row=left:787 right:878 top:351 bottom:373
2026-08-16T00:12:44.937Z Fill-Field prod-cost try=1 row=left:781 right:879 top:426 bottom:446
2026-08-16T00:12:49.636Z Fill-Field prod-qty try=1 row=left:777 right:880 top:471 bottom:486
2026-08-16T00:12:56.719Z STEP S04-add-product PASS
2026-08-16T00:12:56.721Z STEP S05-create-sale start
2026-08-16T00:12:57.676Z Click-NavTileByRank nav-sales rank=2 try=1 word='المبيعات' screen=(902,851)
2026-08-16T00:13:01.227Z Click-OcrCropped fab-inv try=1 hit='جديدة' imgX=75 imgY=716 screen=(105,746) exact=True
2026-08-16T00:13:15.380Z Fill-FloatingLabelField sale-customer try=1 probe=17W NOT in band [571,646)
2026-08-16T00:13:22.188Z Click-OcrExact save-inv try=1 words=54 btn=True {part=[حفظ] hits=1}
2026-08-16T00:13:24.373Z STEP S05-create-sale PASS
2026-08-16T00:13:24.377Z STEP S06-save-pdf start
2026-08-16T00:13:25.402Z Click-OcrExact save-pdf try=1 words=38 btn=True {part=[حفظ] hits=1}
2026-08-16T00:13:46.116Z STEP S06-save-pdf PASS
2026-08-16T00:13:46.118Z STEP S07-open-pdf start
2026-08-16T00:14:19.024Z STEP S07-open-pdf PASS
2026-08-16T00:14:19.027Z STEP S08-print-dialog start
2026-08-16T00:14:20.015Z Click-OcrExact print try=1 words=38 btn=True {part=[طباعة] hits=1}
2026-08-16T00:14:53.973Z STEP S08-print-dialog PASS
2026-08-16T00:14:53.975Z STEP S09-sales-history start
2026-08-16T00:14:59.603Z receipt icon color-scan clusters=13 top=(X=98 Y=303 N=35)
2026-08-16T00:15:03.467Z STEP S09-sales-history PASS
2026-08-16T00:15:03.470Z STEP S10-add-cashier start
2026-08-16T00:15:04.460Z Click-AppBarIcon users dx=0 name=[69..247]@y=75 screen=(349,105)
2026-08-16T00:15:11.091Z Fill-Field newuser-name try=1 row=left:834 right:878 top:239 bottom:261
2026-08-16T00:15:15.687Z Fill-Field newuser-user try=1 row=left:757 right:879 top:314 bottom:336
2026-08-16T00:15:20.333Z Fill-Field newuser-pass try=1 row=left:786 right:880 top:389 bottom:408
2026-08-16T00:15:24.640Z Fill-Field newuser-confirm try=1 row=left:739 right:879 top:459 bottom:483
2026-08-16T00:15:34.758Z Click-OcrExact create-user-1 try=1 words=33 btn=True {part=[إنشاء] hits=2}
2026-08-16T00:15:40.213Z STEP S10-add-cashier PASS
2026-08-16T00:15:40.216Z STEP S11-cashier-denied start
2026-08-16T00:15:41.176Z Click-AppBarIcon logout dx=0 name=[69..247]@y=75 screen=(75,105)
2026-08-16T00:15:45.302Z Fill-Field cashier-login-user try=1 row=left:1243 right:1402 top:457 bottom:481
2026-08-16T00:15:49.787Z Fill-Field cashier-login-pass try=1 row=left:1272 right:1401 top:533 bottom:559
2026-08-16T00:15:53.887Z Click-OcrExact cashier-login-b try=1 words=14 btn=True {part=[تسجيل] hits=2}
2026-08-16T00:15:55.988Z STEP S11-cashier-denied PASS
2026-08-16T00:15:55.990Z STEP S12-logout-close start
2026-08-16T00:15:56.899Z Click-AppBarIcon logout dx=0 name=[21..280]@y=75 screen=(27,105)
2026-08-16T00:16:13.010Z Click-AppBarIcon logout dx=16 name=[21..280]@y=75 screen=(43,105)
2026-08-16T00:16:17.543Z STEP S12-logout-close PASS
2026-08-16T00:16:17.559Z STEP S13-final-evidence start
2026-08-16T00:16:17.575Z STEP S13-final-evidence PASS
2026-08-16T00:16:17.593Z WORKER DONE aborted=False
