2026-08-16T01:39:58.448Z runId=REGUARD-STRESS-B-20260816-005321-c010 metadata saved
2026-08-16T01:39:58.472Z STEP S01-launch start
2026-08-16T01:40:05.297Z STEP S01-launch PASS
2026-08-16T01:40:05.307Z STEP S02-setup-owner start
2026-08-16T01:40:06.925Z Fill-Field setup-name try=1 row=left:1320 right:1402 top:377 bottom:401
2026-08-16T01:40:15.287Z Fill-Field setup-user try=1 row=left:1243 right:1404 top:454 bottom:481
2026-08-16T01:40:20.607Z Fill-Field setup-pass try=1 row=left:1272 right:1401 top:533 bottom:559
2026-08-16T01:40:25.657Z Fill-Field setup-confirm try=1 row=left:1225 right:1402 top:613 bottom:640
2026-08-16T01:40:29.876Z Click-OcrExact setup-b try=1 words=28 btn=True {part=[إنشاء] hits=2}
2026-08-16T01:40:32.022Z STEP S02-setup-owner PASS
2026-08-16T01:40:32.027Z STEP S03-login-owner start
2026-08-16T01:40:32.931Z Fill-Field login-user try=1 row=left:1243 right:1402 top:457 bottom:481
2026-08-16T01:40:37.390Z Fill-Field login-pass try=1 row=left:1272 right:1401 top:533 bottom:559
2026-08-16T01:40:41.510Z Click-OcrExact login-b try=1 words=14 btn=True {part=[تسجيل] hits=2}
2026-08-16T01:40:43.885Z STEP S03-login-owner PASS
2026-08-16T01:40:43.890Z STEP S04-add-product start
2026-08-16T01:40:44.944Z Click-NavTileByRank nav-inv rank=1 try=1 word='المخدن' screen=(1150,852)
2026-08-16T01:40:52.732Z Fill-Field prod-name try=1 row=left:787 right:878 top:351 bottom:373
2026-08-16T01:40:57.309Z Fill-Field prod-cost try=1 row=left:781 right:879 top:426 bottom:446
2026-08-16T01:41:01.980Z Fill-Field prod-qty try=1 row=left:777 right:880 top:471 bottom:486
2026-08-16T01:41:09.054Z STEP S04-add-product PASS
2026-08-16T01:41:09.056Z STEP S05-create-sale start
2026-08-16T01:41:10.031Z Click-NavTileByRank nav-sales rank=2 try=1 word='المبيعات' screen=(902,851)
2026-08-16T01:41:13.581Z Click-OcrCropped fab-inv try=1 hit='جديدة' imgX=75 imgY=716 screen=(105,746) exact=True
2026-08-16T01:41:27.756Z Fill-FloatingLabelField sale-customer try=1 probe=17W NOT in band [571,646)
2026-08-16T01:41:34.627Z Click-OcrExact save-inv try=1 words=54 btn=True {part=[حفظ] hits=1}
2026-08-16T01:41:36.778Z STEP S05-create-sale PASS
2026-08-16T01:41:36.781Z STEP S06-save-pdf start
2026-08-16T01:41:37.766Z Click-OcrExact save-pdf try=1 words=38 btn=True {part=[حفظ] hits=1}
2026-08-16T01:41:58.644Z STEP S06-save-pdf PASS
2026-08-16T01:41:58.647Z STEP S07-open-pdf start
2026-08-16T01:42:31.650Z STEP S07-open-pdf PASS
2026-08-16T01:42:31.652Z STEP S08-print-dialog start
2026-08-16T01:42:32.662Z Click-OcrExact print try=1 words=38 btn=True {part=[طباعة] hits=1}
2026-08-16T01:43:06.549Z STEP S08-print-dialog PASS
2026-08-16T01:43:06.552Z STEP S09-sales-history start
2026-08-16T01:43:12.181Z receipt icon color-scan clusters=13 top=(X=98 Y=303 N=35)
2026-08-16T01:43:15.988Z STEP S09-sales-history PASS
2026-08-16T01:43:15.992Z STEP S10-add-cashier start
2026-08-16T01:43:16.957Z Click-AppBarIcon users dx=0 name=[69..247]@y=75 screen=(349,105)
