2026-08-12T01:46:37.676Z runId=FULL-20260812-044635 metadata saved
2026-08-12T01:46:37.702Z STEP S01-launch start
2026-08-12T01:46:43.791Z STEP S01-launch PASS
2026-08-12T01:46:43.818Z STEP S02-setup-owner start
2026-08-12T01:46:44.893Z Fill-Field setup-name try=1 row=left:1320 right:1402 top:377 bottom:401
2026-08-12T01:46:52.201Z Fill-Field setup-user try=1 row=left:1243 right:1404 top:454 bottom:481
2026-08-12T01:46:56.848Z Fill-Field setup-pass try=1 row=left:1272 right:1401 top:533 bottom:559
2026-08-12T01:47:01.053Z Fill-Field setup-confirm try=1 row=left:1225 right:1402 top:613 bottom:640
2026-08-12T01:47:05.277Z Click-OcrExact setup-b try=1 words=28 btn=True {part=[إنشاء] hits=2}
2026-08-12T01:47:07.357Z STEP S02-setup-owner PASS
2026-08-12T01:47:07.368Z STEP S03-login-owner start
2026-08-12T01:47:08.301Z Fill-Field login-user try=1 row=left:1243 right:1402 top:457 bottom:481
2026-08-12T01:47:12.787Z Fill-Field login-pass try=1 row=left:1272 right:1401 top:533 bottom:559
2026-08-12T01:47:16.917Z Click-OcrExact login-b try=1 words=14 btn=True {part=[تسجيل] hits=2}
2026-08-12T01:47:19.376Z STEP S03-login-owner PASS
2026-08-12T01:47:19.381Z STEP S04-add-product start
2026-08-12T01:47:20.449Z Click-NavTileByRank nav-inv rank=1 try=1 word='المخدن' screen=(1150,852)
2026-08-12T01:47:28.417Z Fill-Field prod-name try=1 row=left:787 right:878 top:351 bottom:373
2026-08-12T01:47:33.170Z Fill-Field prod-cost try=1 row=left:781 right:879 top:426 bottom:446
2026-08-12T01:47:37.993Z Fill-Field prod-qty try=1 row=left:777 right:880 top:471 bottom:486
2026-08-12T01:47:45.342Z STEP S04-add-product PASS
2026-08-12T01:47:45.346Z STEP S05-create-sale start
2026-08-12T01:47:46.313Z Click-NavTileByRank nav-sales rank=2 try=1 word='المبيعات' screen=(902,851)
2026-08-12T01:47:50.169Z Click-OcrCropped fab-inv try=1 hit='جديدة' imgX=74 imgY=725 screen=(104,755) exact=True
2026-08-12T01:48:35.859Z Fill-FloatingLabelField sale-customer try=1 probe=17W NOT in band [571,646)
2026-08-12T01:48:43.555Z Click-OcrExact save-inv try=1 words=87 btn=True {part=[حفظ] hits=1}
2026-08-12T01:48:45.746Z STEP S05-create-sale PASS
2026-08-12T01:48:45.749Z STEP S06-save-pdf start
2026-08-12T01:48:46.750Z Click-OcrExact save-pdf try=1 words=38 btn=True {part=[حفظ] hits=1}
2026-08-12T01:49:08.179Z STEP S06-save-pdf PASS
2026-08-12T01:49:08.186Z STEP S07-open-pdf start
2026-08-12T01:49:40.987Z STEP S07-open-pdf PASS
2026-08-12T01:49:40.989Z STEP S08-print-dialog start
2026-08-12T01:49:41.993Z Click-OcrExact print try=1 words=38 btn=True {part=[طباعة] hits=1}
2026-08-12T01:50:16.305Z STEP S08-print-dialog PASS
2026-08-12T01:50:16.308Z STEP S09-sales-history start
2026-08-12T01:50:22.169Z receipt icon color-scan clusters=13 top=(X=98 Y=303 N=35)
2026-08-12T01:50:25.945Z STEP S09-sales-history PASS
2026-08-12T01:50:25.949Z STEP S10-add-cashier start
2026-08-12T01:50:27.149Z Click-AppBarIcon users dx=0 name=[69..247]@y=75 screen=(349,105)
2026-08-12T01:50:33.789Z Fill-Field newuser-name try=1 row=left:834 right:878 top:239 bottom:261
2026-08-12T01:50:38.478Z Fill-Field newuser-user try=1 row=left:757 right:879 top:314 bottom:336
2026-08-12T01:50:43.101Z Fill-Field newuser-pass try=1 row=left:786 right:880 top:389 bottom:408
2026-08-12T01:50:47.360Z Fill-Field newuser-confirm try=1 row=left:739 right:879 top:459 bottom:483
2026-08-12T01:50:57.600Z Click-OcrExact create-user-1 try=1 words=33 btn=True {part=[إنشاء] hits=2}
2026-08-12T01:51:03.043Z STEP S10-add-cashier PASS
2026-08-12T01:51:03.047Z STEP S11-cashier-denied start
2026-08-12T01:51:04.177Z Click-AppBarIcon logout dx=0 name=[69..247]@y=75 screen=(75,105)
2026-08-12T01:51:08.344Z Fill-Field cashier-login-user try=1 row=left:1243 right:1402 top:457 bottom:481
2026-08-12T01:51:12.861Z Fill-Field cashier-login-pass try=1 row=left:1272 right:1401 top:533 bottom:559
2026-08-12T01:51:17.001Z Click-OcrExact cashier-login-b try=1 words=14 btn=True {part=[تسجيل] hits=2}
2026-08-12T01:51:19.149Z STEP S11-cashier-denied PASS
2026-08-12T01:51:19.152Z STEP S12-logout-close start
2026-08-12T01:51:20.040Z Click-AppBarIcon logout dx=0 name=[21..280]@y=75 screen=(27,105)
2026-08-12T01:51:35.867Z Click-AppBarIcon logout dx=16 name=[21..280]@y=75 screen=(43,105)
2026-08-12T01:51:42.403Z STEP S12-logout-close PASS
2026-08-12T01:51:42.404Z STEP S13-final-evidence start
2026-08-12T01:51:42.427Z STEP S13-final-evidence PASS
2026-08-12T01:51:42.437Z WORKER DONE aborted=False
