2026-08-13T17:25:42.095Z runId=STRESS-FIX-20260813-155815-c018 metadata saved
2026-08-13T17:25:42.112Z STEP S01-launch start
2026-08-13T17:25:48.144Z STEP S01-launch PASS
2026-08-13T17:25:48.148Z STEP S02-setup-owner start
2026-08-13T17:25:49.150Z Fill-Field setup-name try=1 row=left:1320 right:1402 top:377 bottom:401
2026-08-13T17:25:56.396Z Fill-Field setup-user try=1 row=left:1243 right:1404 top:454 bottom:481
2026-08-13T17:26:00.965Z Fill-Field setup-pass try=1 row=left:1272 right:1401 top:533 bottom:559
2026-08-13T17:26:05.138Z Fill-Field setup-confirm try=1 row=left:1225 right:1402 top:613 bottom:640
2026-08-13T17:26:09.332Z Click-OcrExact setup-b try=1 words=28 btn=True {part=[إنشاء] hits=2}
2026-08-13T17:26:11.445Z STEP S02-setup-owner PASS
2026-08-13T17:26:11.448Z STEP S03-login-owner start
2026-08-13T17:26:12.360Z Fill-Field login-user try=1 row=left:1243 right:1402 top:457 bottom:481
2026-08-13T17:26:16.854Z Fill-Field login-pass try=1 row=left:1272 right:1401 top:533 bottom:559
2026-08-13T17:26:20.933Z Click-OcrExact login-b try=1 words=14 btn=True {part=[تسجيل] hits=2}
2026-08-13T17:26:23.277Z STEP S03-login-owner PASS
2026-08-13T17:26:23.282Z STEP S04-add-product start
2026-08-13T17:26:24.311Z Click-NavTileByRank nav-inv rank=1 try=1 word='المخدن' screen=(1150,852)
2026-08-13T17:26:32.175Z Fill-Field prod-name try=1 row=left:787 right:878 top:351 bottom:373
2026-08-13T17:26:36.912Z Fill-Field prod-cost try=1 row=left:781 right:879 top:426 bottom:446
2026-08-13T17:26:41.655Z Fill-Field prod-qty try=1 row=left:777 right:880 top:471 bottom:486
2026-08-13T17:26:48.878Z STEP S04-add-product PASS
2026-08-13T17:26:48.879Z STEP S05-create-sale start
2026-08-13T17:26:49.822Z Click-NavTileByRank nav-sales rank=2 try=1 word='المبيعات' screen=(902,851)
2026-08-13T17:26:53.546Z Click-OcrCropped fab-inv try=1 hit='جديدة' imgX=74 imgY=725 screen=(104,755) exact=True
2026-08-13T17:27:38.191Z Fill-FloatingLabelField sale-customer try=1 probe=17W NOT in band [571,646)
2026-08-13T17:27:45.761Z Click-OcrExact save-inv try=1 words=87 btn=True {part=[حفظ] hits=1}
2026-08-13T17:27:47.933Z STEP S05-create-sale PASS
2026-08-13T17:27:47.937Z STEP S06-save-pdf start
2026-08-13T17:27:48.946Z Click-OcrExact save-pdf try=1 words=38 btn=True {part=[حفظ] hits=1}
2026-08-13T17:28:10.121Z STEP S06-save-pdf PASS
2026-08-13T17:28:10.123Z STEP S07-open-pdf start
2026-08-13T17:28:42.529Z STEP S07-open-pdf PASS
2026-08-13T17:28:42.531Z STEP S08-print-dialog start
2026-08-13T17:28:43.518Z Click-OcrExact print try=1 words=38 btn=True {part=[طباعة] hits=1}
2026-08-13T17:29:17.564Z STEP S08-print-dialog PASS
2026-08-13T17:29:17.566Z STEP S09-sales-history start
2026-08-13T17:29:23.331Z receipt icon color-scan clusters=13 top=(X=98 Y=303 N=35)
2026-08-13T17:29:27.070Z STEP S09-sales-history PASS
2026-08-13T17:29:27.076Z STEP S10-add-cashier start
2026-08-13T17:29:28.257Z Click-AppBarIcon users dx=0 name=[69..247]@y=75 screen=(349,105)
2026-08-13T17:29:34.851Z Fill-Field newuser-name try=1 row=left:834 right:878 top:239 bottom:261
2026-08-13T17:29:39.460Z Fill-Field newuser-user try=1 row=left:757 right:879 top:314 bottom:336
2026-08-13T17:29:44.101Z Fill-Field newuser-pass try=1 row=left:786 right:880 top:389 bottom:408
2026-08-13T17:29:48.386Z Fill-Field newuser-confirm try=1 row=left:739 right:879 top:459 bottom:483
2026-08-13T17:29:58.597Z Click-OcrExact create-user-1 try=1 words=33 btn=True {part=[إنشاء] hits=2}
2026-08-13T17:30:03.939Z STEP S10-add-cashier PASS
2026-08-13T17:30:03.942Z STEP S11-cashier-denied start
2026-08-13T17:30:05.023Z Click-AppBarIcon logout dx=0 name=[69..247]@y=75 screen=(75,105)
2026-08-13T17:30:09.165Z Fill-Field cashier-login-user try=1 row=left:1243 right:1402 top:457 bottom:481
2026-08-13T17:30:13.637Z Fill-Field cashier-login-pass try=1 row=left:1272 right:1401 top:533 bottom:559
2026-08-13T17:30:17.774Z Click-OcrExact cashier-login-b try=1 words=14 btn=True {part=[تسجيل] hits=2}
2026-08-13T17:30:19.912Z STEP S11-cashier-denied PASS
2026-08-13T17:30:19.914Z STEP S12-logout-close start
2026-08-13T17:30:20.813Z Click-AppBarIcon logout dx=0 name=[21..280]@y=75 screen=(27,105)
2026-08-13T17:30:36.918Z Click-AppBarIcon logout dx=16 name=[21..280]@y=75 screen=(43,105)
2026-08-13T17:30:41.418Z STEP S12-logout-close PASS
2026-08-13T17:30:41.424Z STEP S13-final-evidence start
2026-08-13T17:30:41.451Z STEP S13-final-evidence PASS
2026-08-13T17:30:41.485Z WORKER DONE aborted=False
