2026-08-09 15:09:53.154   Log opened. (Time zone: UTC+03:00)
2026-08-09 15:09:53.154   Setup version: Inno Setup version 6.7.3
2026-08-09 15:09:53.154   Original Setup EXE: C:\mu13o-acceptance\m13q\run\20260809-150945\installer\muaman-windows-installer.exe
2026-08-09 15:09:53.154   Setup command line: /SL5="$360548,11325151,893952,C:\mu13o-acceptance\m13q\run\20260809-150945\installer\muaman-windows-installer.exe" /VERYSILENT /SUPPRESSMSGBOXES /NORESTART /SP- /LOG="C:\mu13o-acceptance\m13q\run\20260809-150945\evidence\logs\install1.log"
2026-08-09 15:09:53.154   Windows version: 10.0.26200
2026-08-09 15:09:53.154   Windows architecture: x64 (64-bit)
2026-08-09 15:09:53.154   Machine types supported by system: x86 x64
2026-08-09 15:09:53.154   User privileges: None
2026-08-09 15:09:53.159   Administrative install mode: No
2026-08-09 15:09:53.159   Install mode root key: HKEY_CURRENT_USER
2026-08-09 15:09:53.159   64-bit install mode: Yes
2026-08-09 15:09:53.159   RedirectionGuard status for current process: Enabled in enforcing mode
2026-08-09 15:09:53.161   Created temporary directory: C:\Users\CODEXM~1\AppData\Local\Temp\is-WRRVE6R8G9.tmp
2026-08-09 15:09:53.392   Starting the installation process.
2026-08-09 15:09:53.585   Directory for uninstall files: C:\Users\CodexMuaman13Q\AppData\Local\Programs\muaman_store
2026-08-09 15:09:53.585   Creating new uninstall log: C:\Users\CodexMuaman13Q\AppData\Local\Programs\muaman_store\unins000.dat
2026-08-09 15:09:53.597   -- File entry --
2026-08-09 15:09:53.597   Dest filename: C:\Users\CodexMuaman13Q\AppData\Local\Programs\muaman_store\unins000.exe
2026-08-09 15:09:53.597   Non-default bitness: 32-bit
2026-08-09 15:09:53.612   Time stamp of our file: 2026-08-09 15:09:52.619
2026-08-09 15:09:53.612   Installing the file.
2026-08-09 15:09:53.624   Successfully installed the file.
2026-08-09 15:09:53.624   -- File entry --
2026-08-09 15:09:53.624   Dest filename: C:\Users\CodexMuaman13Q\AppData\Local\Programs\muaman_store\muaman_store.exe
2026-08-09 15:09:53.624   Time stamp of our file: 2024-01-01 01:00:00.000
2026-08-09 15:09:53.624   Installing the file.
2026-08-09 15:09:53.634   Successfully installed the file.
2026-08-09 15:09:53.634   -- File entry --
2026-08-09 15:09:53.634   Dest filename: C:\Users\CodexMuaman13Q\AppData\Local\Programs\muaman_store\flutter_windows.dll
2026-08-09 15:09:53.634   Time stamp of our file: 2024-01-01 01:00:00.000
2026-08-09 15:09:53.634   Installing the file.
2026-08-09 15:09:54.303   Successfully installed the file.
2026-08-09 15:09:54.305   -- File entry --
2026-08-09 15:09:54.305   Dest filename: C:\Users\CodexMuaman13Q\AppData\Local\Programs\muaman_store\pdfium.dll
2026-08-09 15:09:54.305   Time stamp of our file: 2024-01-01 01:00:00.000
2026-08-09 15:09:54.305   Installing the file.
2026-08-09 15:09:54.489   Successfully installed the file.
2026-08-09 15:09:54.489   -- File entry --
2026-08-09 15:09:54.489   Dest filename: C:\Users\CodexMuaman13Q\AppData\Local\Programs\muaman_store\printing_plugin.dll
2026-08-09 15:09:54.489   Time stamp of our file: 2024-01-01 01:00:00.000
2026-08-09 15:09:54.489   Installing the file.
2026-08-09 15:09:54.496   Successfully installed the file.
2026-08-09 15:09:54.496   -- File entry --
2026-08-09 15:09:54.496   Dest filename: C:\Users\CodexMuaman13Q\AppData\Local\Programs\muaman_store\data\app.so
2026-08-09 15:09:54.498   Time stamp of our file: 2024-01-01 01:00:00.000
2026-08-09 15:09:54.498   Installing the file.
2026-08-09 15:09:54.498   Creating directory: C:\Users\CodexMuaman13Q\AppData\Local\Programs\muaman_store\data
2026-08-09 15:09:54.774   Successfully installed the file.
2026-08-09 15:09:54.775   -- File entry --
2026-08-09 15:09:54.775   Dest filename: C:\Users\CodexMuaman13Q\AppData\Local\Programs\muaman_store\data\icudtl.dat
2026-08-09 15:09:54.775   Time stamp of our file: 2024-01-01 01:00:00.000
2026-08-09 15:09:54.775   Installing the file.
2026-08-09 15:09:54.814   Successfully installed the file.
2026-08-09 15:09:54.814   -- File entry --
2026-08-09 15:09:54.814   Dest filename: C:\Users\CodexMuaman13Q\AppData\Local\Programs\muaman_store\data\flutter_assets\AssetManifest.bin
2026-08-09 15:09:54.814   Time stamp of our file: 2024-01-01 01:00:00.000
2026-08-09 15:09:54.814   Installing the file.
2026-08-09 15:09:54.815   Creating directory: C:\Users\CodexMuaman13Q\AppData\Local\Programs\muaman_store\data\flutter_assets
2026-08-09 15:09:54.815   Successfully installed the file.
2026-08-09 15:09:54.816   -- File entry --
2026-08-09 15:09:54.816   Dest filename: C:\Users\CodexMuaman13Q\AppData\Local\Programs\muaman_store\data\flutter_assets\AssetManifest.json
2026-08-09 15:09:54.816   Time stamp of our file: 2024-01-01 01:00:00.000
2026-08-09 15:09:54.816   Installing the file.
2026-08-09 15:09:54.817   Successfully installed the file.
2026-08-09 15:09:54.817   -- File entry --
2026-08-09 15:09:54.817   Dest filename: C:\Users\CodexMuaman13Q\AppData\Local\Programs\muaman_store\data\flutter_assets\FontManifest.json
2026-08-09 15:09:54.818   Time stamp of our file: 2024-01-01 01:00:00.000
2026-08-09 15:09:54.818   Installing the file.
2026-08-09 15:09:54.820   Successfully installed the file.
2026-08-09 15:09:54.820   -- File entry --
2026-08-09 15:09:54.820   Dest filename: C:\Users\CodexMuaman13Q\AppData\Local\Programs\muaman_store\data\flutter_assets\NOTICES.Z
2026-08-09 15:09:54.820   Time stamp of our file: 2024-01-01 01:00:00.000
2026-08-09 15:09:54.820   Installing the file.
2026-08-09 15:09:54.835   Successfully installed the file.
2026-08-09 15:09:54.836   -- File entry --
2026-08-09 15:09:54.836   Dest filename: C:\Users\CodexMuaman13Q\AppData\Local\Programs\muaman_store\data\flutter_assets\fonts\MaterialIcons-Regular.otf
2026-08-09 15:09:54.837   Time stamp of our file: 2024-01-01 01:00:00.000
2026-08-09 15:09:54.837   Installing the file.
2026-08-09 15:09:54.837   Creating directory: C:\Users\CodexMuaman13Q\AppData\Local\Programs\muaman_store\data\flutter_assets\fonts
2026-08-09 15:09:54.890   Successfully installed the file.
2026-08-09 15:09:54.890   -- File entry --
2026-08-09 15:09:54.890   Dest filename: C:\Users\CodexMuaman13Q\AppData\Local\Programs\muaman_store\data\flutter_assets\packages\cupertino_icons\assets\CupertinoIcons.ttf
2026-08-09 15:09:54.890   Time stamp of our file: 2024-01-01 01:00:00.000
2026-08-09 15:09:54.890   Installing the file.
2026-08-09 15:09:54.891   Creating directory: C:\Users\CodexMuaman13Q\AppData\Local\Programs\muaman_store\data\flutter_assets\packages
2026-08-09 15:09:54.891   Creating directory: C:\Users\CodexMuaman13Q\AppData\Local\Programs\muaman_store\data\flutter_assets\packages\cupertino_icons
2026-08-09 15:09:54.891   Creating directory: C:\Users\CodexMuaman13Q\AppData\Local\Programs\muaman_store\data\flutter_assets\packages\cupertino_icons\assets
2026-08-09 15:09:54.905   Successfully installed the file.
2026-08-09 15:09:54.905   -- File entry --
2026-08-09 15:09:54.905   Dest filename: C:\Users\CodexMuaman13Q\AppData\Local\Programs\muaman_store\data\flutter_assets\shaders\ink_sparkle.frag
2026-08-09 15:09:54.906   Time stamp of our file: 2024-01-01 01:00:00.000
2026-08-09 15:09:54.906   Installing the file.
2026-08-09 15:09:54.906   Creating directory: C:\Users\CodexMuaman13Q\AppData\Local\Programs\muaman_store\data\flutter_assets\shaders
2026-08-09 15:09:54.906   Successfully installed the file.
2026-08-09 15:09:54.906   -- Icon entry --
2026-08-09 15:09:54.906   Dest filename: C:\Users\CodexMuaman13Q\AppData\Roaming\Microsoft\Windows\Start Menu\Programs\muaman_store.lnk
2026-08-09 15:09:54.909   Creating the icon.
2026-08-09 15:09:54.989   Successfully created the icon.
2026-08-09 15:09:54.991   Saving uninstall information.
2026-08-09 15:09:54.991   Creating new uninstall key: HKEY_CURRENT_USER\Software\Microsoft\Windows\CurrentVersion\Uninstall\{299ADF2A-0E9E-4A25-916C-1CB8328D0E5E}_is1
2026-08-09 15:09:54.991   Writing uninstall key values.
2026-08-09 15:09:54.992   Detected previous administrative 64-bit install? No
2026-08-09 15:09:54.992   Detected previous administrative 32-bit install? No
2026-08-09 15:09:54.995   Installation process succeeded.
2026-08-09 15:09:54.995   Need to restart Windows? No
2026-08-09 15:09:55.001   Deinitializing Setup.
2026-08-09 15:09:55.005   Log closed.
