2026-08-12T01:55:34.451Z runId=FULL-20260812-045532 metadata saved
2026-08-12T01:55:34.464Z STEP S01-launch start
2026-08-12T01:55:40.574Z STEP S01-launch PASS
2026-08-12T01:55:40.578Z STEP S02-setup-owner start
2026-08-12T01:55:41.644Z Fill-Field setup-name try=1 row=left:1320 right:1402 top:377 bottom:401
2026-08-12T01:55:48.924Z Fill-Field setup-user try=1 row=left:1243 right:1404 top:454 bottom:481
2026-08-12T01:55:53.516Z Fill-Field setup-pass try=1 row=left:1272 right:1401 top:533 bottom:559
2026-08-12T01:55:57.743Z Fill-Field setup-confirm try=1 row=left:1225 right:1402 top:613 bottom:640
2026-08-12T01:56:01.943Z Click-OcrExact setup-b try=1 words=28 btn=True {part=[إنشاء] hits=2}
2026-08-12T01:56:04.020Z STEP S02-setup-owner PASS
2026-08-12T01:56:04.023Z STEP S03-login-owner start
2026-08-12T01:56:04.940Z Fill-Field login-user try=1 row=left:1243 right:1402 top:457 bottom:481
2026-08-12T01:56:09.438Z Fill-Field login-pass try=1 row=left:1272 right:1401 top:533 bottom:559
2026-08-12T01:56:13.581Z Click-OcrExact login-b try=1 words=14 btn=True {part=[تسجيل] hits=2}
2026-08-12T01:56:15.999Z STEP S03-login-owner PASS
2026-08-12T01:56:16.002Z STEP S04-add-product start
2026-08-12T01:56:17.083Z Click-NavTileByRank nav-inv rank=1 try=1 word='المخدن' screen=(1150,852)
2026-08-12T01:56:25.104Z Fill-Field prod-name try=1 row=left:787 right:878 top:351 bottom:373
2026-08-12T01:56:29.875Z Fill-Field prod-cost try=1 row=left:781 right:879 top:426 bottom:446
2026-08-12T01:56:34.754Z Fill-Field prod-qty try=1 row=left:777 right:880 top:471 bottom:486
2026-08-12T01:56:42.091Z STEP S04-add-product PASS
2026-08-12T01:56:42.093Z STEP S05-create-sale start
2026-08-12T01:56:43.089Z Click-NavTileByRank nav-sales rank=2 try=1 word='المبيعات' screen=(902,851)
2026-08-12T01:56:46.947Z Click-OcrCropped fab-inv try=1 hit='جديدة' imgX=74 imgY=725 screen=(104,755) exact=True
2026-08-12T01:57:32.637Z Fill-FloatingLabelField sale-customer try=1 probe=17W NOT in band [571,646)
2026-08-12T01:57:40.328Z Click-OcrExact save-inv try=1 words=87 btn=True {part=[حفظ] hits=1}
2026-08-12T01:57:42.619Z STEP S05-create-sale PASS
2026-08-12T01:57:42.624Z STEP S06-save-pdf start
2026-08-12T01:57:43.652Z Click-OcrExact save-pdf try=1 words=38 btn=True {part=[حفظ] hits=1}
2026-08-12T01:58:05.084Z STEP S06-save-pdf PASS
2026-08-12T01:58:05.087Z STEP S07-open-pdf start
2026-08-12T01:58:37.952Z STEP S07-open-pdf PASS
2026-08-12T01:58:37.957Z STEP S08-print-dialog start
2026-08-12T01:58:38.972Z Click-OcrExact print try=1 words=38 btn=True {part=[طباعة] hits=1}
2026-08-12T01:59:13.238Z STEP S08-print-dialog PASS
2026-08-12T01:59:13.241Z STEP S09-sales-history start
2026-08-12T01:59:19.126Z receipt icon color-scan clusters=13 top=(X=98 Y=303 N=35)
2026-08-12T01:59:22.897Z STEP S09-sales-history PASS
2026-08-12T01:59:22.900Z STEP S10-add-cashier start
2026-08-12T01:59:24.100Z Click-AppBarIcon users dx=0 name=[69..247]@y=75 screen=(349,105)
2026-08-12T01:59:30.756Z Fill-Field newuser-name try=1 row=left:834 right:878 top:239 bottom:261
2026-08-12T01:59:35.406Z Fill-Field newuser-user try=1 row=left:757 right:879 top:314 bottom:336
2026-08-12T01:59:40.047Z Fill-Field newuser-pass try=1 row=left:786 right:880 top:389 bottom:408
2026-08-12T01:59:44.325Z Fill-Field newuser-confirm try=1 row=left:739 right:879 top:459 bottom:483
2026-08-12T01:59:54.552Z Click-OcrExact create-user-1 try=1 words=33 btn=True {part=[إنشاء] hits=2}
2026-08-12T01:59:59.963Z STEP S10-add-cashier PASS
2026-08-12T01:59:59.968Z STEP S11-cashier-denied start
2026-08-12T02:00:01.103Z Click-AppBarIcon logout dx=0 name=[69..247]@y=75 screen=(75,105)
2026-08-12T02:00:05.228Z Fill-Field cashier-login-user try=1 row=left:1243 right:1402 top:457 bottom:481
2026-08-12T02:00:09.738Z Fill-Field cashier-login-pass try=1 row=left:1272 right:1401 top:533 bottom:559
2026-08-12T02:00:13.807Z Click-OcrExact cashier-login-b try=1 words=14 btn=True {part=[تسجيل] hits=2}
2026-08-12T02:00:15.972Z STEP S11-cashier-denied PASS
2026-08-12T02:00:15.974Z STEP S12-logout-close start
2026-08-12T02:00:16.878Z Click-AppBarIcon logout dx=0 name=[21..280]@y=75 screen=(27,105)
2026-08-12T02:00:32.761Z Click-AppBarIcon logout dx=16 name=[21..280]@y=75 screen=(43,105)
2026-08-12T02:00:39.678Z STEP S12-logout-close PASS
2026-08-12T02:00:39.681Z STEP S13-final-evidence start
2026-08-12T02:00:39.705Z STEP S13-final-evidence PASS
2026-08-12T02:00:39.715Z WORKER DONE aborted=False
