2026-08-16 01:12:10.287   Log opened. (Time zone: UTC+03:00)
2026-08-16 01:12:10.287   Setup version: Inno Setup version 6.7.3
2026-08-16 01:12:10.287   Original Setup EXE: C:\mu13o-acceptance\m13p\run\20260816-011204\installer\muaman-windows-installer.exe
2026-08-16 01:12:10.287   Setup command line: /SL5="$C40858,12019182,893952,C:\mu13o-acceptance\m13p\run\20260816-011204\installer\muaman-windows-installer.exe" /VERYSILENT /SUPPRESSMSGBOXES /NORESTART /SP- /LOG="C:\mu13o-acceptance\m13p\run\20260816-011204\evidence\logs\install.log"
2026-08-16 01:12:10.287   Windows version: 10.0.26200
2026-08-16 01:12:10.287   Windows architecture: x64 (64-bit)
2026-08-16 01:12:10.287   Machine types supported by system: x86 x64
2026-08-16 01:12:10.287   User privileges: None
2026-08-16 01:12:10.287   Administrative install mode: No
2026-08-16 01:12:10.287   Install mode root key: HKEY_CURRENT_USER
2026-08-16 01:12:10.287   64-bit install mode: Yes
2026-08-16 01:12:10.287   RedirectionGuard status for current process: Enabled in enforcing mode
2026-08-16 01:12:10.287   Created temporary directory: C:\Users\CODEXM~1.ISL\AppData\Local\Temp\is-IPUU2PLIPH.tmp
2026-08-16 01:12:10.437   Starting the installation process.
2026-08-16 01:12:10.437   Directory for uninstall files: C:\Users\CodexMuaman13P.Islam\AppData\Local\Programs\muaman_store
2026-08-16 01:12:10.455   Will append to existing uninstall log: C:\Users\CodexMuaman13P.Islam\AppData\Local\Programs\muaman_store\unins000.dat
2026-08-16 01:12:10.455   -- File entry --
2026-08-16 01:12:10.455   Dest filename: C:\Users\CodexMuaman13P.Islam\AppData\Local\Programs\muaman_store\unins000.exe
2026-08-16 01:12:10.455   Non-default bitness: 32-bit
2026-08-16 01:12:10.455   Time stamp of our file: 2026-08-16 01:12:09.970
2026-08-16 01:12:10.455   Dest file exists.
2026-08-16 01:12:10.455   Time stamp of existing file: 2026-08-14 19:07:45.671
2026-08-16 01:12:10.455   Version of our file: 51.1054.0.0
2026-08-16 01:12:10.636   Version of existing file: 51.1054.0.0
2026-08-16 01:12:10.636   Installing the file.
2026-08-16 01:12:10.636   Leaving temporary file in place for now.
2026-08-16 01:12:10.636   -- File entry --
2026-08-16 01:12:10.636   Dest filename: C:\Users\CodexMuaman13P.Islam\AppData\Local\Programs\muaman_store\muaman_store.exe
2026-08-16 01:12:10.636   Time stamp of our file: 2024-01-01 01:00:00.000
2026-08-16 01:12:10.636   Dest file exists.
2026-08-16 01:12:10.636   Time stamp of existing file: 2024-01-01 01:00:00.000
2026-08-16 01:12:10.636   Installing the file.
2026-08-16 01:12:10.650   Successfully installed the file.
2026-08-16 01:12:10.650   -- File entry --
2026-08-16 01:12:10.650   Dest filename: C:\Users\CodexMuaman13P.Islam\AppData\Local\Programs\muaman_store\flutter_windows.dll
2026-08-16 01:12:10.650   Time stamp of our file: 2024-01-01 01:00:00.000
2026-08-16 01:12:10.650   Dest file exists.
2026-08-16 01:12:10.650   Time stamp of existing file: 2024-01-01 01:00:00.000
2026-08-16 01:12:10.650   Installing the file.
2026-08-16 01:12:11.188   Successfully installed the file.
2026-08-16 01:12:11.188   -- File entry --
2026-08-16 01:12:11.188   Dest filename: C:\Users\CodexMuaman13P.Islam\AppData\Local\Programs\muaman_store\pdfium.dll
2026-08-16 01:12:11.190   Time stamp of our file: 2024-01-01 01:00:00.000
2026-08-16 01:12:11.190   Dest file exists.
2026-08-16 01:12:11.190   Time stamp of existing file: 2024-01-01 01:00:00.000
2026-08-16 01:12:11.190   Installing the file.
2026-08-16 01:12:11.347   Successfully installed the file.
2026-08-16 01:12:11.347   -- File entry --
2026-08-16 01:12:11.347   Dest filename: C:\Users\CodexMuaman13P.Islam\AppData\Local\Programs\muaman_store\printing_plugin.dll
2026-08-16 01:12:11.347   Time stamp of our file: 2024-01-01 01:00:00.000
2026-08-16 01:12:11.347   Dest file exists.
2026-08-16 01:12:11.347   Time stamp of existing file: 2024-01-01 01:00:00.000
2026-08-16 01:12:11.347   Installing the file.
2026-08-16 01:12:11.354   Successfully installed the file.
2026-08-16 01:12:11.356   -- File entry --
2026-08-16 01:12:11.356   Dest filename: C:\Users\CodexMuaman13P.Islam\AppData\Local\Programs\muaman_store\data\app.so
2026-08-16 01:12:11.356   Time stamp of our file: 2024-01-01 01:00:00.000
2026-08-16 01:12:11.356   Dest file exists.
2026-08-16 01:12:11.356   Time stamp of existing file: 2024-01-01 01:00:00.000
2026-08-16 01:12:11.356   Installing the file.
2026-08-16 01:12:11.602   Successfully installed the file.
2026-08-16 01:12:11.602   -- File entry --
2026-08-16 01:12:11.602   Dest filename: C:\Users\CodexMuaman13P.Islam\AppData\Local\Programs\muaman_store\data\icudtl.dat
2026-08-16 01:12:11.602   Time stamp of our file: 2024-01-01 01:00:00.000
2026-08-16 01:12:11.602   Dest file exists.
2026-08-16 01:12:11.602   Time stamp of existing file: 2024-01-01 01:00:00.000
2026-08-16 01:12:11.602   Installing the file.
2026-08-16 01:12:11.635   Successfully installed the file.
2026-08-16 01:12:11.635   -- File entry --
2026-08-16 01:12:11.635   Dest filename: C:\Users\CodexMuaman13P.Islam\AppData\Local\Programs\muaman_store\data\flutter_assets\AssetManifest.bin
2026-08-16 01:12:11.635   Time stamp of our file: 2024-01-01 01:00:00.000
2026-08-16 01:12:11.635   Dest file exists.
2026-08-16 01:12:11.635   Time stamp of existing file: 2024-01-01 01:00:00.000
2026-08-16 01:12:11.635   Installing the file.
2026-08-16 01:12:11.635   Successfully installed the file.
2026-08-16 01:12:11.635   -- File entry --
2026-08-16 01:12:11.635   Dest filename: C:\Users\CodexMuaman13P.Islam\AppData\Local\Programs\muaman_store\data\flutter_assets\AssetManifest.json
2026-08-16 01:12:11.635   Time stamp of our file: 2024-01-01 01:00:00.000
2026-08-16 01:12:11.635   Dest file exists.
2026-08-16 01:12:11.635   Time stamp of existing file: 2024-01-01 01:00:00.000
2026-08-16 01:12:11.635   Installing the file.
2026-08-16 01:12:11.635   Successfully installed the file.
2026-08-16 01:12:11.635   -- File entry --
2026-08-16 01:12:11.635   Dest filename: C:\Users\CodexMuaman13P.Islam\AppData\Local\Programs\muaman_store\data\flutter_assets\FontManifest.json
2026-08-16 01:12:11.635   Time stamp of our file: 2024-01-01 01:00:00.000
2026-08-16 01:12:11.635   Dest file exists.
2026-08-16 01:12:11.635   Time stamp of existing file: 2024-01-01 01:00:00.000
2026-08-16 01:12:11.635   Installing the file.
2026-08-16 01:12:11.651   Successfully installed the file.
2026-08-16 01:12:11.651   -- File entry --
2026-08-16 01:12:11.652   Dest filename: C:\Users\CodexMuaman13P.Islam\AppData\Local\Programs\muaman_store\data\flutter_assets\NOTICES.Z
2026-08-16 01:12:11.652   Time stamp of our file: 2024-01-01 01:00:00.000
2026-08-16 01:12:11.652   Dest file exists.
2026-08-16 01:12:11.652   Time stamp of existing file: 2024-01-01 01:00:00.000
2026-08-16 01:12:11.652   Installing the file.
2026-08-16 01:12:11.652   Successfully installed the file.
2026-08-16 01:12:11.652   -- File entry --
2026-08-16 01:12:11.652   Dest filename: C:\Users\CodexMuaman13P.Islam\AppData\Local\Programs\muaman_store\data\flutter_assets\assets\fonts\NotoSansArabic-Bold.ttf
2026-08-16 01:12:11.652   Time stamp of our file: 2024-01-01 01:00:00.000
2026-08-16 01:12:11.652   Dest file exists.
2026-08-16 01:12:11.652   Time stamp of existing file: 2024-01-01 01:00:00.000
2026-08-16 01:12:11.652   Installing the file.
2026-08-16 01:12:11.668   Successfully installed the file.
2026-08-16 01:12:11.668   -- File entry --
2026-08-16 01:12:11.668   Dest filename: C:\Users\CodexMuaman13P.Islam\AppData\Local\Programs\muaman_store\data\flutter_assets\assets\fonts\NotoSansArabic-Regular.ttf
2026-08-16 01:12:11.668   Time stamp of our file: 2024-01-01 01:00:00.000
2026-08-16 01:12:11.668   Dest file exists.
2026-08-16 01:12:11.668   Time stamp of existing file: 2024-01-01 01:00:00.000
2026-08-16 01:12:11.668   Installing the file.
2026-08-16 01:12:11.679   Successfully installed the file.
2026-08-16 01:12:11.679   -- File entry --
2026-08-16 01:12:11.679   Dest filename: C:\Users\CodexMuaman13P.Islam\AppData\Local\Programs\muaman_store\data\flutter_assets\assets\fonts\THIRD_PARTY_NOTICES.txt
2026-08-16 01:12:11.679   Time stamp of our file: 2024-01-01 01:00:00.000
2026-08-16 01:12:11.679   Dest file exists.
2026-08-16 01:12:11.679   Time stamp of existing file: 2024-01-01 01:00:00.000
2026-08-16 01:12:11.679   Installing the file.
2026-08-16 01:12:11.679   Successfully installed the file.
2026-08-16 01:12:11.679   -- File entry --
2026-08-16 01:12:11.679   Dest filename: C:\Users\CodexMuaman13P.Islam\AppData\Local\Programs\muaman_store\data\flutter_assets\fonts\MaterialIcons-Regular.otf
2026-08-16 01:12:11.679   Time stamp of our file: 2024-01-01 01:00:00.000
2026-08-16 01:12:11.679   Dest file exists.
2026-08-16 01:12:11.679   Time stamp of existing file: 2024-01-01 01:00:00.000
2026-08-16 01:12:11.679   Installing the file.
2026-08-16 01:12:11.718   Successfully installed the file.
2026-08-16 01:12:11.718   -- File entry --
2026-08-16 01:12:11.718   Dest filename: C:\Users\CodexMuaman13P.Islam\AppData\Local\Programs\muaman_store\data\flutter_assets\packages\cupertino_icons\assets\CupertinoIcons.ttf
2026-08-16 01:12:11.718   Time stamp of our file: 2024-01-01 01:00:00.000
2026-08-16 01:12:11.718   Dest file exists.
2026-08-16 01:12:11.718   Time stamp of existing file: 2024-01-01 01:00:00.000
2026-08-16 01:12:11.718   Installing the file.
2026-08-16 01:12:11.735   Successfully installed the file.
2026-08-16 01:12:11.735   -- File entry --
2026-08-16 01:12:11.735   Dest filename: C:\Users\CodexMuaman13P.Islam\AppData\Local\Programs\muaman_store\data\flutter_assets\shaders\ink_sparkle.frag
2026-08-16 01:12:11.735   Time stamp of our file: 2024-01-01 01:00:00.000
2026-08-16 01:12:11.735   Dest file exists.
2026-08-16 01:12:11.735   Time stamp of existing file: 2024-01-01 01:00:00.000
2026-08-16 01:12:11.735   Installing the file.
2026-08-16 01:12:11.735   Successfully installed the file.
2026-08-16 01:12:11.735   -- Icon entry --
2026-08-16 01:12:11.735   Dest filename: C:\Users\CodexMuaman13P.Islam\AppData\Roaming\Microsoft\Windows\Start Menu\Programs\I-TECH للتكنولوجيا.lnk
2026-08-16 01:12:11.735   Creating the icon.
2026-08-16 01:12:11.768   Successfully created the icon.
2026-08-16 01:12:11.768   Saving uninstall information.
2026-08-16 01:12:11.768   Renaming uninstaller.
2026-08-16 01:12:11.768   Deleting uninstall key left over from previous non administrative install.
2026-08-16 01:12:11.768   Creating new uninstall key: HKEY_CURRENT_USER\Software\Microsoft\Windows\CurrentVersion\Uninstall\{299ADF2A-0E9E-4A25-916C-1CB8328D0E5E}_is1
2026-08-16 01:12:11.768   Writing uninstall key values.
2026-08-16 01:12:11.768   Detected previous administrative 64-bit install? No
2026-08-16 01:12:11.768   Detected previous administrative 32-bit install? No
2026-08-16 01:12:11.785   Installation process succeeded.
2026-08-16 01:12:11.785   Need to restart Windows? No
2026-08-16 01:12:11.785   Deinitializing Setup.
2026-08-16 01:12:11.785   Log closed.
