2026-08-13T17:30:49.668Z runId=STRESS-FIX-20260813-155815-c019 metadata saved
2026-08-13T17:30:49.694Z STEP S01-launch start
2026-08-13T17:30:55.854Z STEP S01-launch PASS
2026-08-13T17:30:55.859Z STEP S02-setup-owner start
2026-08-13T17:30:57.258Z Fill-Field setup-name try=1 row=left:1320 right:1402 top:377 bottom:401
2026-08-13T17:31:04.540Z Fill-Field setup-user try=1 row=left:1243 right:1404 top:454 bottom:481
2026-08-13T17:31:09.110Z Fill-Field setup-pass try=1 row=left:1272 right:1401 top:533 bottom:559
2026-08-13T17:31:13.351Z Fill-Field setup-confirm try=1 row=left:1225 right:1402 top:613 bottom:640
2026-08-13T17:31:17.545Z Click-OcrExact setup-b try=1 words=28 btn=True {part=[إنشاء] hits=2}
2026-08-13T17:31:19.681Z STEP S02-setup-owner PASS
2026-08-13T17:31:19.687Z STEP S03-login-owner start
2026-08-13T17:31:20.574Z Fill-Field login-user try=1 row=left:1243 right:1402 top:457 bottom:481
2026-08-13T17:31:25.128Z Fill-Field login-pass try=1 row=left:1272 right:1401 top:533 bottom:559
2026-08-13T17:31:29.248Z Click-OcrExact login-b try=1 words=14 btn=True {part=[تسجيل] hits=2}
2026-08-13T17:31:31.571Z STEP S03-login-owner PASS
2026-08-13T17:31:31.577Z STEP S04-add-product start
2026-08-13T17:31:32.604Z Click-NavTileByRank nav-inv rank=1 try=1 word='المخدن' screen=(1150,852)
2026-08-13T17:31:40.462Z Fill-Field prod-name try=1 row=left:787 right:878 top:351 bottom:373
2026-08-13T17:31:45.190Z Fill-Field prod-cost try=1 row=left:781 right:879 top:426 bottom:446
2026-08-13T17:31:49.933Z Fill-Field prod-qty try=1 row=left:777 right:880 top:471 bottom:486
2026-08-13T17:31:57.181Z STEP S04-add-product PASS
2026-08-13T17:31:57.183Z STEP S05-create-sale start
2026-08-13T17:31:58.128Z Click-NavTileByRank nav-sales rank=2 try=1 word='المبيعات' screen=(902,851)
2026-08-13T17:32:01.909Z Click-OcrCropped fab-inv try=1 hit='جديدة' imgX=74 imgY=725 screen=(104,755) exact=True
2026-08-13T17:32:46.539Z Fill-FloatingLabelField sale-customer try=1 probe=17W NOT in band [571,646)
2026-08-13T17:32:54.038Z Click-OcrExact save-inv try=1 words=87 btn=True {part=[حفظ] hits=1}
2026-08-13T17:32:56.179Z STEP S05-create-sale PASS
2026-08-13T17:32:56.182Z STEP S06-save-pdf start
2026-08-13T17:32:57.173Z Click-OcrExact save-pdf try=1 words=38 btn=True {part=[حفظ] hits=1}
2026-08-13T17:33:18.324Z STEP S06-save-pdf PASS
2026-08-13T17:33:18.326Z STEP S07-open-pdf start
2026-08-13T17:33:51.306Z STEP S07-open-pdf PASS
2026-08-13T17:33:51.310Z STEP S08-print-dialog start
2026-08-13T17:33:52.301Z Click-OcrExact print try=1 words=38 btn=True {part=[طباعة] hits=1}
2026-08-13T17:34:26.409Z STEP S08-print-dialog PASS
2026-08-13T17:34:26.412Z STEP S09-sales-history start
2026-08-13T17:34:32.159Z receipt icon color-scan clusters=13 top=(X=98 Y=303 N=35)
2026-08-13T17:34:35.849Z STEP S09-sales-history PASS
2026-08-13T17:34:35.853Z STEP S10-add-cashier start
2026-08-13T17:34:36.961Z Click-AppBarIcon users dx=0 name=[69..247]@y=75 screen=(349,105)
2026-08-13T17:34:43.627Z Fill-Field newuser-name try=1 row=left:834 right:878 top:239 bottom:261
2026-08-13T17:34:48.230Z Fill-Field newuser-user try=1 row=left:757 right:879 top:314 bottom:336
2026-08-13T17:34:52.836Z Fill-Field newuser-pass try=1 row=left:786 right:880 top:389 bottom:408
2026-08-13T17:34:57.048Z Fill-Field newuser-confirm try=1 row=left:739 right:879 top:459 bottom:483
2026-08-13T17:35:07.210Z Click-OcrExact create-user-1 try=1 words=33 btn=True {part=[إنشاء] hits=2}
2026-08-13T17:35:12.572Z STEP S10-add-cashier PASS
2026-08-13T17:35:12.577Z STEP S11-cashier-denied start
2026-08-13T17:35:13.638Z Click-AppBarIcon logout dx=0 name=[69..247]@y=75 screen=(75,105)
2026-08-13T17:35:17.778Z Fill-Field cashier-login-user try=1 row=left:1243 right:1402 top:457 bottom:481
2026-08-13T17:35:22.266Z Fill-Field cashier-login-pass try=1 row=left:1272 right:1401 top:533 bottom:559
2026-08-13T17:35:26.359Z Click-OcrExact cashier-login-b try=1 words=14 btn=True {part=[تسجيل] hits=2}
2026-08-13T17:35:28.476Z STEP S11-cashier-denied PASS
2026-08-13T17:35:28.478Z STEP S12-logout-close start
2026-08-13T17:35:29.387Z Click-AppBarIcon logout dx=0 name=[21..280]@y=75 screen=(27,105)
2026-08-13T17:35:45.471Z Click-AppBarIcon logout dx=16 name=[21..280]@y=75 screen=(43,105)
2026-08-13T17:35:50.033Z STEP S12-logout-close PASS
2026-08-13T17:35:50.033Z STEP S13-final-evidence start
2026-08-13T17:35:50.083Z STEP S13-final-evidence PASS
2026-08-13T17:35:50.100Z WORKER DONE aborted=False
