2026-08-08 22:51:05.692   Log opened. (Time zone: UTC+03:00)
2026-08-08 22:51:05.692   Setup version: Inno Setup version 6.7.3
2026-08-08 22:51:05.692   Original Setup EXE: C:\mu13o-acceptance\m13p\run\20260808-225059\installer\muaman-windows-installer.exe
2026-08-08 22:51:05.692   Setup command line: /SL5="$2C005D0,11325151,893952,C:\mu13o-acceptance\m13p\run\20260808-225059\installer\muaman-windows-installer.exe" /VERYSILENT /SUPPRESSMSGBOXES /NORESTART /SP- /LOG="C:\mu13o-acceptance\m13p\run\20260808-225059\evidence\logs\install.log"
2026-08-08 22:51:05.692   Windows version: 10.0.26200
2026-08-08 22:51:05.692   Windows architecture: x64 (64-bit)
2026-08-08 22:51:05.692   Machine types supported by system: x86 x64
2026-08-08 22:51:05.692   User privileges: None
2026-08-08 22:51:05.701   Administrative install mode: No
2026-08-08 22:51:05.701   Install mode root key: HKEY_CURRENT_USER
2026-08-08 22:51:05.701   64-bit install mode: Yes
2026-08-08 22:51:05.701   RedirectionGuard status for current process: Enabled in enforcing mode
2026-08-08 22:51:05.707   Created temporary directory: C:\Users\CODEXM~1.ISL\AppData\Local\Temp\is-1CV6646A4F.tmp
2026-08-08 22:51:05.880   Starting the installation process.
2026-08-08 22:51:05.899   Directory for uninstall files: C:\Users\CodexMuaman13P.Islam\AppData\Local\Programs\muaman_store
2026-08-08 22:51:05.899   Creating new uninstall log: C:\Users\CodexMuaman13P.Islam\AppData\Local\Programs\muaman_store\unins000.dat
2026-08-08 22:51:05.901   -- File entry --
2026-08-08 22:51:05.901   Dest filename: C:\Users\CodexMuaman13P.Islam\AppData\Local\Programs\muaman_store\unins000.exe
2026-08-08 22:51:05.901   Non-default bitness: 32-bit
2026-08-08 22:51:05.911   Time stamp of our file: 2026-08-08 22:51:05.216
2026-08-08 22:51:05.911   Installing the file.
2026-08-08 22:51:05.926   Successfully installed the file.
2026-08-08 22:51:05.926   -- File entry --
2026-08-08 22:51:05.927   Dest filename: C:\Users\CodexMuaman13P.Islam\AppData\Local\Programs\muaman_store\muaman_store.exe
2026-08-08 22:51:05.927   Time stamp of our file: 2024-01-01 01:00:00.000
2026-08-08 22:51:05.927   Installing the file.
2026-08-08 22:51:05.932   Successfully installed the file.
2026-08-08 22:51:05.933   -- File entry --
2026-08-08 22:51:05.933   Dest filename: C:\Users\CodexMuaman13P.Islam\AppData\Local\Programs\muaman_store\flutter_windows.dll
2026-08-08 22:51:05.933   Time stamp of our file: 2024-01-01 01:00:00.000
2026-08-08 22:51:05.933   Installing the file.
2026-08-08 22:51:06.590   Successfully installed the file.
2026-08-08 22:51:06.590   -- File entry --
2026-08-08 22:51:06.590   Dest filename: C:\Users\CodexMuaman13P.Islam\AppData\Local\Programs\muaman_store\pdfium.dll
2026-08-08 22:51:06.590   Time stamp of our file: 2024-01-01 01:00:00.000
2026-08-08 22:51:06.590   Installing the file.
2026-08-08 22:51:06.774   Successfully installed the file.
2026-08-08 22:51:06.774   -- File entry --
2026-08-08 22:51:06.774   Dest filename: C:\Users\CodexMuaman13P.Islam\AppData\Local\Programs\muaman_store\printing_plugin.dll
2026-08-08 22:51:06.774   Time stamp of our file: 2024-01-01 01:00:00.000
2026-08-08 22:51:06.774   Installing the file.
2026-08-08 22:51:06.774   Successfully installed the file.
2026-08-08 22:51:06.774   -- File entry --
2026-08-08 22:51:06.774   Dest filename: C:\Users\CodexMuaman13P.Islam\AppData\Local\Programs\muaman_store\data\app.so
2026-08-08 22:51:06.774   Time stamp of our file: 2024-01-01 01:00:00.000
2026-08-08 22:51:06.774   Installing the file.
2026-08-08 22:51:06.774   Creating directory: C:\Users\CodexMuaman13P.Islam\AppData\Local\Programs\muaman_store\data
2026-08-08 22:51:07.042   Successfully installed the file.
2026-08-08 22:51:07.042   -- File entry --
2026-08-08 22:51:07.043   Dest filename: C:\Users\CodexMuaman13P.Islam\AppData\Local\Programs\muaman_store\data\icudtl.dat
2026-08-08 22:51:07.043   Time stamp of our file: 2024-01-01 01:00:00.000
2026-08-08 22:51:07.043   Installing the file.
2026-08-08 22:51:07.076   Successfully installed the file.
2026-08-08 22:51:07.076   -- File entry --
2026-08-08 22:51:07.076   Dest filename: C:\Users\CodexMuaman13P.Islam\AppData\Local\Programs\muaman_store\data\flutter_assets\AssetManifest.bin
2026-08-08 22:51:07.076   Time stamp of our file: 2024-01-01 01:00:00.000
2026-08-08 22:51:07.076   Installing the file.
2026-08-08 22:51:07.076   Creating directory: C:\Users\CodexMuaman13P.Islam\AppData\Local\Programs\muaman_store\data\flutter_assets
2026-08-08 22:51:07.078   Successfully installed the file.
2026-08-08 22:51:07.078   -- File entry --
2026-08-08 22:51:07.078   Dest filename: C:\Users\CodexMuaman13P.Islam\AppData\Local\Programs\muaman_store\data\flutter_assets\AssetManifest.json
2026-08-08 22:51:07.078   Time stamp of our file: 2024-01-01 01:00:00.000
2026-08-08 22:51:07.079   Installing the file.
2026-08-08 22:51:07.079   Successfully installed the file.
2026-08-08 22:51:07.080   -- File entry --
2026-08-08 22:51:07.080   Dest filename: C:\Users\CodexMuaman13P.Islam\AppData\Local\Programs\muaman_store\data\flutter_assets\FontManifest.json
2026-08-08 22:51:07.080   Time stamp of our file: 2024-01-01 01:00:00.000
2026-08-08 22:51:07.080   Installing the file.
2026-08-08 22:51:07.082   Successfully installed the file.
2026-08-08 22:51:07.082   -- File entry --
2026-08-08 22:51:07.082   Dest filename: C:\Users\CodexMuaman13P.Islam\AppData\Local\Programs\muaman_store\data\flutter_assets\NOTICES.Z
2026-08-08 22:51:07.082   Time stamp of our file: 2024-01-01 01:00:00.000
2026-08-08 22:51:07.082   Installing the file.
2026-08-08 22:51:07.091   Successfully installed the file.
2026-08-08 22:51:07.091   -- File entry --
2026-08-08 22:51:07.092   Dest filename: C:\Users\CodexMuaman13P.Islam\AppData\Local\Programs\muaman_store\data\flutter_assets\fonts\MaterialIcons-Regular.otf
2026-08-08 22:51:07.092   Time stamp of our file: 2024-01-01 01:00:00.000
2026-08-08 22:51:07.092   Installing the file.
2026-08-08 22:51:07.092   Creating directory: C:\Users\CodexMuaman13P.Islam\AppData\Local\Programs\muaman_store\data\flutter_assets\fonts
2026-08-08 22:51:07.145   Successfully installed the file.
2026-08-08 22:51:07.146   -- File entry --
2026-08-08 22:51:07.146   Dest filename: C:\Users\CodexMuaman13P.Islam\AppData\Local\Programs\muaman_store\data\flutter_assets\packages\cupertino_icons\assets\CupertinoIcons.ttf
2026-08-08 22:51:07.146   Time stamp of our file: 2024-01-01 01:00:00.000
2026-08-08 22:51:07.146   Installing the file.
2026-08-08 22:51:07.146   Creating directory: C:\Users\CodexMuaman13P.Islam\AppData\Local\Programs\muaman_store\data\flutter_assets\packages
2026-08-08 22:51:07.147   Creating directory: C:\Users\CodexMuaman13P.Islam\AppData\Local\Programs\muaman_store\data\flutter_assets\packages\cupertino_icons
2026-08-08 22:51:07.147   Creating directory: C:\Users\CodexMuaman13P.Islam\AppData\Local\Programs\muaman_store\data\flutter_assets\packages\cupertino_icons\assets
2026-08-08 22:51:07.156   Successfully installed the file.
2026-08-08 22:51:07.157   -- File entry --
2026-08-08 22:51:07.157   Dest filename: C:\Users\CodexMuaman13P.Islam\AppData\Local\Programs\muaman_store\data\flutter_assets\shaders\ink_sparkle.frag
2026-08-08 22:51:07.157   Time stamp of our file: 2024-01-01 01:00:00.000
2026-08-08 22:51:07.157   Installing the file.
2026-08-08 22:51:07.157   Creating directory: C:\Users\CodexMuaman13P.Islam\AppData\Local\Programs\muaman_store\data\flutter_assets\shaders
2026-08-08 22:51:07.159   Successfully installed the file.
2026-08-08 22:51:07.159   -- Icon entry --
2026-08-08 22:51:07.159   Dest filename: C:\Users\CodexMuaman13P.Islam\AppData\Roaming\Microsoft\Windows\Start Menu\Programs\muaman_store.lnk
2026-08-08 22:51:07.159   Creating the icon.
2026-08-08 22:51:07.249   Successfully created the icon.
2026-08-08 22:51:07.249   Saving uninstall information.
2026-08-08 22:51:07.249   Creating new uninstall key: HKEY_CURRENT_USER\Software\Microsoft\Windows\CurrentVersion\Uninstall\{299ADF2A-0E9E-4A25-916C-1CB8328D0E5E}_is1
2026-08-08 22:51:07.249   Writing uninstall key values.
2026-08-08 22:51:07.254   Detected previous administrative 64-bit install? No
2026-08-08 22:51:07.254   Detected previous administrative 32-bit install? No
2026-08-08 22:51:07.258   Installation process succeeded.
2026-08-08 22:51:07.258   Need to restart Windows? No
2026-08-08 22:51:07.262   Deinitializing Setup.
2026-08-08 22:51:07.267   Log closed.
