2026-08-13T16:03:27.674Z runId=STRESS-FIX-20260813-155815-c002 metadata saved
2026-08-13T16:03:27.696Z STEP S01-launch start
2026-08-13T16:03:33.675Z STEP S01-launch PASS
2026-08-13T16:03:33.678Z STEP S02-setup-owner start
2026-08-13T16:03:34.693Z Fill-Field setup-name try=1 row=left:1320 right:1402 top:377 bottom:401
2026-08-13T16:03:41.909Z Fill-Field setup-user try=1 row=left:1243 right:1404 top:454 bottom:481
2026-08-13T16:03:46.446Z Fill-Field setup-pass try=1 row=left:1272 right:1401 top:533 bottom:559
2026-08-13T16:03:50.675Z Fill-Field setup-confirm try=1 row=left:1225 right:1402 top:613 bottom:640
2026-08-13T16:03:54.861Z Click-OcrExact setup-b try=1 words=28 btn=True {part=[إنشاء] hits=2}
2026-08-13T16:03:56.928Z STEP S02-setup-owner PASS
2026-08-13T16:03:56.933Z STEP S03-login-owner start
2026-08-13T16:03:57.872Z Fill-Field login-user try=1 row=left:1243 right:1402 top:457 bottom:481
2026-08-13T16:04:02.336Z Fill-Field login-pass try=1 row=left:1272 right:1401 top:533 bottom:559
2026-08-13T16:04:06.512Z Click-OcrExact login-b try=1 words=14 btn=True {part=[تسجيل] hits=2}
2026-08-13T16:04:08.837Z STEP S03-login-owner PASS
2026-08-13T16:04:08.842Z STEP S04-add-product start
2026-08-13T16:04:09.863Z Click-NavTileByRank nav-inv rank=1 try=1 word='المخدن' screen=(1150,852)
2026-08-13T16:04:17.729Z Fill-Field prod-name try=1 row=left:787 right:878 top:351 bottom:373
2026-08-13T16:04:22.456Z Fill-Field prod-cost try=1 row=left:781 right:879 top:426 bottom:446
2026-08-13T16:04:27.277Z Fill-Field prod-qty try=1 row=left:777 right:880 top:471 bottom:486
2026-08-13T16:04:34.626Z STEP S04-add-product PASS
2026-08-13T16:04:34.628Z STEP S05-create-sale start
2026-08-13T16:04:35.622Z Click-NavTileByRank nav-sales rank=2 try=1 word='المبيعات' screen=(902,851)
2026-08-13T16:04:39.359Z Click-OcrCropped fab-inv try=1 hit='جديدة' imgX=74 imgY=725 screen=(104,755) exact=True
2026-08-13T16:05:24.001Z Fill-FloatingLabelField sale-customer try=1 probe=17W NOT in band [571,646)
2026-08-13T16:05:31.504Z Click-OcrExact save-inv try=1 words=87 btn=True {part=[حفظ] hits=1}
2026-08-13T16:05:33.677Z STEP S05-create-sale PASS
2026-08-13T16:05:33.681Z STEP S06-save-pdf start
2026-08-13T16:05:34.687Z Click-OcrExact save-pdf try=1 words=38 btn=True {part=[حفظ] hits=1}
2026-08-13T16:05:55.928Z STEP S06-save-pdf PASS
2026-08-13T16:05:55.931Z STEP S07-open-pdf start
2026-08-13T16:06:28.725Z STEP S07-open-pdf PASS
2026-08-13T16:06:28.730Z STEP S08-print-dialog start
2026-08-13T16:06:29.702Z Click-OcrExact print try=1 words=38 btn=True {part=[طباعة] hits=1}
2026-08-13T16:07:03.724Z STEP S08-print-dialog PASS
2026-08-13T16:07:03.727Z STEP S09-sales-history start
2026-08-13T16:07:09.484Z receipt icon color-scan clusters=13 top=(X=98 Y=303 N=35)
2026-08-13T16:07:13.198Z STEP S09-sales-history PASS
2026-08-13T16:07:13.202Z STEP S10-add-cashier start
2026-08-13T16:07:14.352Z Click-AppBarIcon users dx=0 name=[69..247]@y=75 screen=(349,105)
2026-08-13T16:07:20.959Z Fill-Field newuser-name try=1 row=left:834 right:878 top:239 bottom:261
2026-08-13T16:07:25.561Z Fill-Field newuser-user try=1 row=left:757 right:879 top:314 bottom:336
2026-08-13T16:07:30.130Z Fill-Field newuser-pass try=1 row=left:786 right:880 top:389 bottom:408
2026-08-13T16:07:34.326Z Fill-Field newuser-confirm try=1 row=left:739 right:879 top:459 bottom:483
2026-08-13T16:07:44.459Z Click-OcrExact create-user-1 try=1 words=33 btn=True {part=[إنشاء] hits=2}
2026-08-13T16:07:49.815Z STEP S10-add-cashier PASS
2026-08-13T16:07:49.818Z STEP S11-cashier-denied start
2026-08-13T16:07:50.941Z Click-AppBarIcon logout dx=0 name=[69..247]@y=75 screen=(75,105)
2026-08-13T16:07:55.026Z Fill-Field cashier-login-user try=1 row=left:1243 right:1402 top:457 bottom:481
2026-08-13T16:07:59.526Z Fill-Field cashier-login-pass try=1 row=left:1272 right:1401 top:533 bottom:559
2026-08-13T16:08:03.605Z Click-OcrExact cashier-login-b try=1 words=14 btn=True {part=[تسجيل] hits=2}
2026-08-13T16:08:05.745Z STEP S11-cashier-denied PASS
2026-08-13T16:08:05.747Z STEP S12-logout-close start
2026-08-13T16:08:06.608Z Click-AppBarIcon logout dx=0 name=[21..280]@y=75 screen=(27,105)
2026-08-13T16:08:22.858Z Click-AppBarIcon logout dx=16 name=[21..280]@y=75 screen=(43,105)
2026-08-13T16:08:27.396Z STEP S12-logout-close PASS
2026-08-13T16:08:27.396Z STEP S13-final-evidence start
2026-08-13T16:08:27.447Z STEP S13-final-evidence PASS
2026-08-13T16:08:27.463Z WORKER DONE aborted=False
