2026-08-16T00:20:59.981Z runId=REGUARD-STRESS-20260816-000301-c005 metadata saved
2026-08-16T00:20:59.997Z STEP S01-launch start
2026-08-16T00:21:06.011Z STEP S01-launch PASS
2026-08-16T00:21:06.015Z STEP S02-setup-owner start
2026-08-16T00:21:07.034Z Fill-Field setup-name try=1 row=left:1320 right:1402 top:377 bottom:401
2026-08-16T00:21:14.288Z Fill-Field setup-user try=1 row=left:1243 right:1404 top:454 bottom:481
2026-08-16T00:21:18.844Z Fill-Field setup-pass try=1 row=left:1272 right:1401 top:533 bottom:559
2026-08-16T00:21:23.058Z Fill-Field setup-confirm try=1 row=left:1225 right:1402 top:613 bottom:640
2026-08-16T00:21:27.266Z Click-OcrExact setup-b try=1 words=28 btn=True {part=[إنشاء] hits=2}
2026-08-16T00:21:29.326Z STEP S02-setup-owner PASS
2026-08-16T00:21:29.329Z STEP S03-login-owner start
2026-08-16T00:21:30.244Z Fill-Field login-user try=1 row=left:1243 right:1402 top:457 bottom:481
2026-08-16T00:21:34.705Z Fill-Field login-pass try=1 row=left:1272 right:1401 top:533 bottom:559
2026-08-16T00:21:38.806Z Click-OcrExact login-b try=1 words=14 btn=True {part=[تسجيل] hits=2}
2026-08-16T00:21:41.199Z STEP S03-login-owner PASS
2026-08-16T00:21:41.203Z STEP S04-add-product start
2026-08-16T00:21:42.227Z Click-NavTileByRank nav-inv rank=1 try=1 word='المخدن' screen=(1150,852)
2026-08-16T00:21:49.845Z Fill-Field prod-name try=1 row=left:787 right:878 top:351 bottom:373
2026-08-16T00:21:54.456Z Fill-Field prod-cost try=1 row=left:781 right:879 top:426 bottom:446
2026-08-16T00:21:59.106Z Fill-Field prod-qty try=1 row=left:777 right:880 top:471 bottom:486
2026-08-16T00:22:06.152Z STEP S04-add-product PASS
2026-08-16T00:22:06.156Z STEP S05-create-sale start
2026-08-16T00:22:07.124Z Click-NavTileByRank nav-sales rank=2 try=1 word='المبيعات' screen=(902,851)
2026-08-16T00:22:10.660Z Click-OcrCropped fab-inv try=1 hit='جديدة' imgX=75 imgY=716 screen=(105,746) exact=True
2026-08-16T00:22:24.729Z Fill-FloatingLabelField sale-customer try=1 probe=17W NOT in band [571,646)
2026-08-16T00:22:31.546Z Click-OcrExact save-inv try=1 words=54 btn=True {part=[حفظ] hits=1}
2026-08-16T00:22:33.745Z STEP S05-create-sale PASS
2026-08-16T00:22:33.751Z STEP S06-save-pdf start
2026-08-16T00:22:34.741Z Click-OcrExact save-pdf try=1 words=38 btn=True {part=[حفظ] hits=1}
2026-08-16T00:22:55.616Z STEP S06-save-pdf PASS
2026-08-16T00:22:55.620Z STEP S07-open-pdf start
2026-08-16T00:23:28.479Z STEP S07-open-pdf PASS
2026-08-16T00:23:28.481Z STEP S08-print-dialog start
2026-08-16T00:23:29.475Z Click-OcrExact print try=1 words=38 btn=True {part=[طباعة] hits=1}
2026-08-16T00:24:03.510Z STEP S08-print-dialog PASS
2026-08-16T00:24:03.512Z STEP S09-sales-history start
2026-08-16T00:24:09.120Z receipt icon color-scan clusters=13 top=(X=98 Y=303 N=35)
2026-08-16T00:24:12.871Z STEP S09-sales-history PASS
2026-08-16T00:24:12.874Z STEP S10-add-cashier start
2026-08-16T00:24:13.858Z Click-AppBarIcon users dx=0 name=[69..247]@y=75 screen=(349,105)
2026-08-16T00:24:20.645Z Fill-Field newuser-name try=1 row=left:834 right:878 top:239 bottom:261
2026-08-16T00:24:25.224Z Fill-Field newuser-user try=1 row=left:757 right:879 top:314 bottom:336
2026-08-16T00:24:29.852Z Fill-Field newuser-pass try=1 row=left:786 right:880 top:389 bottom:408
2026-08-16T00:24:34.095Z Fill-Field newuser-confirm try=1 row=left:739 right:879 top:459 bottom:483
2026-08-16T00:24:44.236Z Click-OcrExact create-user-1 try=1 words=33 btn=True {part=[إنشاء] hits=2}
2026-08-16T00:24:49.691Z STEP S10-add-cashier PASS
2026-08-16T00:24:49.695Z STEP S11-cashier-denied start
2026-08-16T00:24:50.661Z Click-AppBarIcon logout dx=0 name=[69..247]@y=75 screen=(75,105)
2026-08-16T00:24:54.804Z Fill-Field cashier-login-user try=1 row=left:1243 right:1402 top:457 bottom:481
2026-08-16T00:24:59.268Z Fill-Field cashier-login-pass try=1 row=left:1272 right:1401 top:533 bottom:559
2026-08-16T00:25:03.380Z Click-OcrExact cashier-login-b try=1 words=14 btn=True {part=[تسجيل] hits=2}
2026-08-16T00:25:05.574Z STEP S11-cashier-denied PASS
2026-08-16T00:25:05.576Z STEP S12-logout-close start
2026-08-16T00:25:06.478Z Click-AppBarIcon logout dx=0 name=[21..280]@y=75 screen=(27,105)
2026-08-16T00:25:22.596Z Click-AppBarIcon logout dx=16 name=[21..280]@y=75 screen=(43,105)
2026-08-16T00:25:27.131Z STEP S12-logout-close PASS
2026-08-16T00:25:27.131Z STEP S13-final-evidence start
2026-08-16T00:25:27.165Z STEP S13-final-evidence PASS
2026-08-16T00:25:27.181Z WORKER DONE aborted=False
