2026-08-16T01:29:37.829Z runId=REGUARD-STRESS-B-20260816-005321-c008 metadata saved
2026-08-16T01:29:37.886Z STEP S01-launch start
2026-08-16T01:29:44.713Z STEP S01-launch PASS
2026-08-16T01:29:44.724Z STEP S02-setup-owner start
2026-08-16T01:29:46.361Z Fill-Field setup-name try=1 row=left:1320 right:1402 top:377 bottom:401
2026-08-16T01:29:54.706Z Fill-Field setup-user try=1 row=left:1243 right:1404 top:454 bottom:481
2026-08-16T01:30:00.004Z Fill-Field setup-pass try=1 row=left:1272 right:1401 top:533 bottom:559
2026-08-16T01:30:05.024Z Fill-Field setup-confirm try=1 row=left:1225 right:1402 top:613 bottom:640
2026-08-16T01:30:10.075Z Click-OcrExact setup-b try=1 words=27 btn=True {part=[إنشاء] hits=2}
2026-08-16T01:30:12.499Z STEP S02-setup-owner PASS
2026-08-16T01:30:12.505Z STEP S03-login-owner start
2026-08-16T01:30:13.743Z Fill-Field login-user try=1 row=left:1243 right:1402 top:457 bottom:481
2026-08-16T01:30:18.833Z Fill-Field login-pass try=1 row=left:1272 right:1401 top:533 bottom:559
2026-08-16T01:30:23.564Z Click-OcrExact login-b try=1 words=15 btn=True {part=[تسجيل] hits=2}
2026-08-16T01:30:26.973Z STEP S03-login-owner PASS
2026-08-16T01:30:26.980Z STEP S04-add-product start
2026-08-16T01:30:28.651Z Click-NavTileByRank nav-inv rank=1 try=1 word='المخدن' screen=(1150,852)
2026-08-16T01:30:37.700Z Fill-Field prod-name try=1 row=left:787 right:878 top:351 bottom:373
2026-08-16T01:30:43.223Z Fill-Field prod-cost try=1 row=left:781 right:879 top:426 bottom:446
2026-08-16T01:30:48.777Z Fill-Field prod-qty try=1 row=left:777 right:880 top:471 bottom:486
2026-08-16T01:30:57.053Z STEP S04-add-product PASS
2026-08-16T01:30:57.059Z STEP S05-create-sale start
2026-08-16T01:30:58.437Z Click-NavTileByRank nav-sales rank=2 try=1 word='المبيعات' screen=(902,851)
2026-08-16T01:31:02.789Z Click-OcrCropped fab-inv try=1 hit='جديدة' imgX=75 imgY=716 screen=(105,746) exact=True
2026-08-16T01:31:20.319Z Fill-FloatingLabelField sale-customer try=1 probe=17W NOT in band [571,646)
2026-08-16T01:31:29.587Z Click-OcrExact save-inv try=1 words=54 btn=True {part=[حفظ] hits=1}
2026-08-16T01:31:32.301Z STEP S05-create-sale PASS
2026-08-16T01:31:32.305Z STEP S06-save-pdf start
2026-08-16T01:31:33.847Z Click-OcrExact save-pdf try=1 words=38 btn=True {part=[حفظ] hits=1}
2026-08-16T01:31:55.859Z STEP S06-save-pdf PASS
2026-08-16T01:31:55.864Z STEP S07-open-pdf start
2026-08-16T01:32:29.136Z STEP S07-open-pdf PASS
2026-08-16T01:32:29.140Z STEP S08-print-dialog start
2026-08-16T01:32:30.781Z Click-OcrExact print try=1 words=38 btn=True {part=[طباعة] hits=1}
2026-08-16T01:33:05.159Z STEP S08-print-dialog PASS
2026-08-16T01:33:05.164Z STEP S09-sales-history start
2026-08-16T01:33:11.685Z receipt icon color-scan clusters=13 top=(X=98 Y=303 N=35)
2026-08-16T01:33:16.183Z STEP S09-sales-history PASS
2026-08-16T01:33:16.188Z STEP S10-add-cashier start
2026-08-16T01:33:17.690Z Click-AppBarIcon users dx=0 name=[69..247]@y=75 screen=(349,105)
2026-08-16T01:33:25.441Z Fill-Field newuser-name try=1 row=left:834 right:878 top:239 bottom:261
2026-08-16T01:33:30.835Z Fill-Field newuser-user try=1 row=left:757 right:879 top:314 bottom:336
2026-08-16T01:33:36.382Z Fill-Field newuser-pass try=1 row=left:786 right:880 top:389 bottom:408
2026-08-16T01:33:41.425Z Fill-Field newuser-confirm try=1 row=left:739 right:879 top:459 bottom:483
2026-08-16T01:33:53.314Z Click-OcrExact create-user-1 try=1 words=33 btn=True {part=[إنشاء] hits=2}
2026-08-16T01:33:59.514Z STEP S10-add-cashier PASS
2026-08-16T01:33:59.520Z STEP S11-cashier-denied start
2026-08-16T01:34:00.927Z Click-AppBarIcon logout dx=0 name=[69..247]@y=75 screen=(75,105)
2026-08-16T01:34:05.906Z Fill-Field cashier-login-user try=1 row=left:1243 right:1402 top:457 bottom:481
2026-08-16T01:34:10.965Z Fill-Field cashier-login-pass try=1 row=left:1272 right:1401 top:533 bottom:559
2026-08-16T01:34:15.663Z Click-OcrExact cashier-login-b try=1 words=15 btn=True {part=[تسجيل] hits=2}
2026-08-16T01:34:18.192Z STEP S11-cashier-denied PASS
2026-08-16T01:34:18.196Z STEP S12-logout-close start
2026-08-16T01:34:19.400Z Click-AppBarIcon logout dx=0 name=[21..280]@y=75 screen=(27,105)
2026-08-16T01:34:35.326Z Click-AppBarIcon logout dx=16 name=[21..280]@y=75 screen=(43,105)
2026-08-16T01:34:40.115Z STEP S12-logout-close PASS
2026-08-16T01:34:40.115Z STEP S13-final-evidence start
2026-08-16T01:34:40.159Z STEP S13-final-evidence PASS
2026-08-16T01:34:40.191Z WORKER DONE aborted=False
