2026-08-16T00:44:44.907Z runId=REGUARD-STRESS-20260816-000301-c010 metadata saved
2026-08-16T00:44:44.940Z STEP S01-launch start
2026-08-16T00:44:51.830Z STEP S01-launch PASS
2026-08-16T00:44:51.840Z STEP S02-setup-owner start
2026-08-16T00:44:53.456Z Fill-Field setup-name try=1 row=left:1320 right:1402 top:377 bottom:401
2026-08-16T00:45:01.772Z Fill-Field setup-user try=1 row=left:1243 right:1404 top:454 bottom:481
2026-08-16T00:45:07.122Z Fill-Field setup-pass try=1 row=left:1272 right:1401 top:533 bottom:559
2026-08-16T00:45:12.192Z Fill-Field setup-confirm try=1 row=left:1225 right:1402 top:613 bottom:640
2026-08-16T00:45:17.252Z Click-OcrExact setup-b try=1 words=27 btn=True {part=[إنشاء] hits=2}
2026-08-16T00:45:19.648Z STEP S02-setup-owner PASS
2026-08-16T00:45:19.657Z STEP S03-login-owner start
2026-08-16T00:45:20.902Z Fill-Field login-user try=1 row=left:1243 right:1402 top:457 bottom:481
2026-08-16T00:45:25.978Z Fill-Field login-pass try=1 row=left:1272 right:1401 top:533 bottom:559
2026-08-16T00:45:30.644Z Click-OcrExact login-b try=1 words=15 btn=True {part=[تسجيل] hits=2}
2026-08-16T00:45:34.006Z STEP S03-login-owner PASS
2026-08-16T00:45:34.014Z STEP S04-add-product start
2026-08-16T00:45:35.661Z Click-NavTileByRank nav-inv rank=1 try=1 word='المخدن' screen=(1150,852)
2026-08-16T00:45:44.634Z Fill-Field prod-name try=1 row=left:787 right:878 top:351 bottom:373
2026-08-16T00:45:50.058Z Fill-Field prod-cost try=1 row=left:781 right:879 top:426 bottom:446
2026-08-16T00:45:55.712Z Fill-Field prod-qty try=1 row=left:777 right:880 top:471 bottom:486
2026-08-16T00:46:03.911Z STEP S04-add-product PASS
2026-08-16T00:46:03.915Z STEP S05-create-sale start
2026-08-16T00:46:05.359Z Click-NavTileByRank nav-sales rank=2 try=1 word='المبيعات' screen=(902,851)
2026-08-16T00:46:09.636Z Click-OcrCropped fab-inv try=1 hit='جديدة' imgX=75 imgY=716 screen=(105,746) exact=True
2026-08-16T00:46:27.211Z Fill-FloatingLabelField sale-customer try=1 probe=17W NOT in band [571,646)
2026-08-16T00:46:36.641Z Click-OcrExact save-inv try=1 words=54 btn=True {part=[حفظ] hits=1}
2026-08-16T00:46:39.367Z STEP S05-create-sale PASS
2026-08-16T00:46:39.372Z STEP S06-save-pdf start
2026-08-16T00:46:40.915Z Click-OcrExact save-pdf try=1 words=38 btn=True {part=[حفظ] hits=1}
2026-08-16T00:47:02.567Z STEP S06-save-pdf PASS
2026-08-16T00:47:02.574Z STEP S07-open-pdf start
2026-08-16T00:47:36.199Z STEP S07-open-pdf PASS
2026-08-16T00:47:36.203Z STEP S08-print-dialog start
2026-08-16T00:47:37.700Z Click-OcrExact print try=1 words=38 btn=True {part=[طباعة] hits=1}
2026-08-16T00:48:12.055Z STEP S08-print-dialog PASS
2026-08-16T00:48:12.061Z STEP S09-sales-history start
2026-08-16T00:48:18.627Z receipt icon color-scan clusters=13 top=(X=98 Y=303 N=35)
2026-08-16T00:48:22.958Z STEP S09-sales-history PASS
2026-08-16T00:48:22.963Z STEP S10-add-cashier start
2026-08-16T00:48:24.560Z Click-AppBarIcon users dx=0 name=[69..247]@y=75 screen=(349,105)
2026-08-16T00:48:32.222Z Fill-Field newuser-name try=1 row=left:834 right:878 top:239 bottom:261
2026-08-16T00:48:37.721Z Fill-Field newuser-user try=1 row=left:757 right:879 top:314 bottom:336
2026-08-16T00:48:43.166Z Fill-Field newuser-pass try=1 row=left:786 right:880 top:389 bottom:408
2026-08-16T00:48:48.276Z Fill-Field newuser-confirm try=1 row=left:739 right:879 top:459 bottom:483
2026-08-16T00:49:00.170Z Click-OcrExact create-user-1 try=1 words=33 btn=True {part=[إنشاء] hits=2}
2026-08-16T00:49:06.331Z STEP S10-add-cashier PASS
2026-08-16T00:49:06.336Z STEP S11-cashier-denied start
2026-08-16T00:49:07.816Z Click-AppBarIcon logout dx=0 name=[69..247]@y=75 screen=(75,105)
2026-08-16T00:49:12.734Z Fill-Field cashier-login-user try=1 row=left:1243 right:1402 top:457 bottom:481
2026-08-16T00:49:17.899Z Fill-Field cashier-login-pass try=1 row=left:1272 right:1401 top:533 bottom:559
2026-08-16T00:49:22.571Z Click-OcrExact cashier-login-b try=1 words=14 btn=True {part=[تسجيل] hits=2}
2026-08-16T00:49:25.174Z STEP S11-cashier-denied PASS
2026-08-16T00:49:25.180Z STEP S12-logout-close start
2026-08-16T00:49:26.338Z Click-AppBarIcon logout dx=0 name=[21..280]@y=75 screen=(27,105)
2026-08-16T00:49:42.407Z Click-AppBarIcon logout dx=16 name=[21..280]@y=75 screen=(43,105)
2026-08-16T00:49:47.179Z STEP S12-logout-close PASS
2026-08-16T00:49:47.187Z STEP S13-final-evidence start
2026-08-16T00:49:47.222Z STEP S13-final-evidence PASS
2026-08-16T00:49:47.260Z WORKER DONE aborted=False
