2026-08-16 02:42:43.532   Log opened. (Time zone: UTC+03:00)
2026-08-16 02:42:43.532   Setup version: Inno Setup version 6.7.3
2026-08-16 02:42:43.532   Original Setup EXE: C:\Users\CodexMuaman13S\Downloads\Muaman-13S\extracted\Muaman-1.0.0-Windows\I-TECH-Setup.exe
2026-08-16 02:42:43.532   Setup command line: /SL5="$6908AC,12019182,893952,C:\Users\CodexMuaman13S\Downloads\Muaman-13S\extracted\Muaman-1.0.0-Windows\I-TECH-Setup.exe" /VERYSILENT /SUPPRESSMSGBOXES /NORESTART /SP- /LOG="C:\m13s-acceptance\run\20260816-024237\evidence\logs\install.log"
2026-08-16 02:42:43.532   Windows version: 10.0.26200
2026-08-16 02:42:43.532   Windows architecture: x64 (64-bit)
2026-08-16 02:42:43.532   Machine types supported by system: x86 x64
2026-08-16 02:42:43.532   User privileges: None
2026-08-16 02:42:43.542   Administrative install mode: No
2026-08-16 02:42:43.542   Install mode root key: HKEY_CURRENT_USER
2026-08-16 02:42:43.542   64-bit install mode: Yes
2026-08-16 02:42:43.542   RedirectionGuard status for current process: Enabled in enforcing mode
2026-08-16 02:42:43.542   Created temporary directory: C:\Users\CODEXM~2\AppData\Local\Temp\is-K7P2B9UMQU.tmp
2026-08-16 02:42:43.812   Starting the installation process.
2026-08-16 02:42:43.812   Directory for uninstall files: C:\Users\CodexMuaman13S\AppData\Local\Programs\muaman_store
2026-08-16 02:42:43.812   Creating new uninstall log: C:\Users\CodexMuaman13S\AppData\Local\Programs\muaman_store\unins000.dat
2026-08-16 02:42:43.832   -- File entry --
2026-08-16 02:42:43.832   Dest filename: C:\Users\CodexMuaman13S\AppData\Local\Programs\muaman_store\unins000.exe
2026-08-16 02:42:43.832   Non-default bitness: 32-bit
2026-08-16 02:42:43.860   Time stamp of our file: 2026-08-16 02:42:43.093
2026-08-16 02:42:43.860   Installing the file.
2026-08-16 02:42:43.869   Successfully installed the file.
2026-08-16 02:42:43.871   -- File entry --
2026-08-16 02:42:43.871   Dest filename: C:\Users\CodexMuaman13S\AppData\Local\Programs\muaman_store\muaman_store.exe
2026-08-16 02:42:43.871   Time stamp of our file: 2024-01-01 01:00:00.000
2026-08-16 02:42:43.871   Installing the file.
2026-08-16 02:42:43.871   Successfully installed the file.
2026-08-16 02:42:43.871   -- File entry --
2026-08-16 02:42:43.871   Dest filename: C:\Users\CodexMuaman13S\AppData\Local\Programs\muaman_store\flutter_windows.dll
2026-08-16 02:42:43.871   Time stamp of our file: 2024-01-01 01:00:00.000
2026-08-16 02:42:43.871   Installing the file.
2026-08-16 02:42:44.407   Successfully installed the file.
2026-08-16 02:42:44.407   -- File entry --
2026-08-16 02:42:44.407   Dest filename: C:\Users\CodexMuaman13S\AppData\Local\Programs\muaman_store\pdfium.dll
2026-08-16 02:42:44.407   Time stamp of our file: 2024-01-01 01:00:00.000
2026-08-16 02:42:44.407   Installing the file.
2026-08-16 02:42:44.551   Successfully installed the file.
2026-08-16 02:42:44.551   -- File entry --
2026-08-16 02:42:44.551   Dest filename: C:\Users\CodexMuaman13S\AppData\Local\Programs\muaman_store\printing_plugin.dll
2026-08-16 02:42:44.551   Time stamp of our file: 2024-01-01 01:00:00.000
2026-08-16 02:42:44.551   Installing the file.
2026-08-16 02:42:44.565   Successfully installed the file.
2026-08-16 02:42:44.565   -- File entry --
2026-08-16 02:42:44.565   Dest filename: C:\Users\CodexMuaman13S\AppData\Local\Programs\muaman_store\data\app.so
2026-08-16 02:42:44.565   Time stamp of our file: 2024-01-01 01:00:00.000
2026-08-16 02:42:44.565   Installing the file.
2026-08-16 02:42:44.565   Creating directory: C:\Users\CodexMuaman13S\AppData\Local\Programs\muaman_store\data
2026-08-16 02:42:44.820   Successfully installed the file.
2026-08-16 02:42:44.820   -- File entry --
2026-08-16 02:42:44.820   Dest filename: C:\Users\CodexMuaman13S\AppData\Local\Programs\muaman_store\data\icudtl.dat
2026-08-16 02:42:44.820   Time stamp of our file: 2024-01-01 01:00:00.000
2026-08-16 02:42:44.820   Installing the file.
2026-08-16 02:42:44.855   Successfully installed the file.
2026-08-16 02:42:44.855   -- File entry --
2026-08-16 02:42:44.855   Dest filename: C:\Users\CodexMuaman13S\AppData\Local\Programs\muaman_store\data\flutter_assets\AssetManifest.bin
2026-08-16 02:42:44.855   Time stamp of our file: 2024-01-01 01:00:00.000
2026-08-16 02:42:44.855   Installing the file.
2026-08-16 02:42:44.855   Creating directory: C:\Users\CodexMuaman13S\AppData\Local\Programs\muaman_store\data\flutter_assets
2026-08-16 02:42:44.857   Successfully installed the file.
2026-08-16 02:42:44.857   -- File entry --
2026-08-16 02:42:44.857   Dest filename: C:\Users\CodexMuaman13S\AppData\Local\Programs\muaman_store\data\flutter_assets\AssetManifest.json
2026-08-16 02:42:44.857   Time stamp of our file: 2024-01-01 01:00:00.000
2026-08-16 02:42:44.857   Installing the file.
2026-08-16 02:42:44.857   Successfully installed the file.
2026-08-16 02:42:44.857   -- File entry --
2026-08-16 02:42:44.857   Dest filename: C:\Users\CodexMuaman13S\AppData\Local\Programs\muaman_store\data\flutter_assets\FontManifest.json
2026-08-16 02:42:44.857   Time stamp of our file: 2024-01-01 01:00:00.000
2026-08-16 02:42:44.857   Installing the file.
2026-08-16 02:42:44.859   Successfully installed the file.
2026-08-16 02:42:44.859   -- File entry --
2026-08-16 02:42:44.860   Dest filename: C:\Users\CodexMuaman13S\AppData\Local\Programs\muaman_store\data\flutter_assets\NOTICES.Z
2026-08-16 02:42:44.860   Time stamp of our file: 2024-01-01 01:00:00.000
2026-08-16 02:42:44.860   Installing the file.
2026-08-16 02:42:44.865   Successfully installed the file.
2026-08-16 02:42:44.865   -- File entry --
2026-08-16 02:42:44.865   Dest filename: C:\Users\CodexMuaman13S\AppData\Local\Programs\muaman_store\data\flutter_assets\assets\fonts\NotoSansArabic-Bold.ttf
2026-08-16 02:42:44.865   Time stamp of our file: 2024-01-01 01:00:00.000
2026-08-16 02:42:44.865   Installing the file.
2026-08-16 02:42:44.865   Creating directory: C:\Users\CodexMuaman13S\AppData\Local\Programs\muaman_store\data\flutter_assets\assets
2026-08-16 02:42:44.865   Creating directory: C:\Users\CodexMuaman13S\AppData\Local\Programs\muaman_store\data\flutter_assets\assets\fonts
2026-08-16 02:42:44.876   Successfully installed the file.
2026-08-16 02:42:44.876   -- File entry --
2026-08-16 02:42:44.876   Dest filename: C:\Users\CodexMuaman13S\AppData\Local\Programs\muaman_store\data\flutter_assets\assets\fonts\NotoSansArabic-Regular.ttf
2026-08-16 02:42:44.876   Time stamp of our file: 2024-01-01 01:00:00.000
2026-08-16 02:42:44.876   Installing the file.
2026-08-16 02:42:44.881   Successfully installed the file.
2026-08-16 02:42:44.881   -- File entry --
2026-08-16 02:42:44.881   Dest filename: C:\Users\CodexMuaman13S\AppData\Local\Programs\muaman_store\data\flutter_assets\assets\fonts\THIRD_PARTY_NOTICES.txt
2026-08-16 02:42:44.881   Time stamp of our file: 2024-01-01 01:00:00.000
2026-08-16 02:42:44.881   Installing the file.
2026-08-16 02:42:44.881   Successfully installed the file.
2026-08-16 02:42:44.881   -- File entry --
2026-08-16 02:42:44.881   Dest filename: C:\Users\CodexMuaman13S\AppData\Local\Programs\muaman_store\data\flutter_assets\fonts\MaterialIcons-Regular.otf
2026-08-16 02:42:44.881   Time stamp of our file: 2024-01-01 01:00:00.000
2026-08-16 02:42:44.881   Installing the file.
2026-08-16 02:42:44.881   Creating directory: C:\Users\CodexMuaman13S\AppData\Local\Programs\muaman_store\data\flutter_assets\fonts
2026-08-16 02:42:44.929   Successfully installed the file.
2026-08-16 02:42:44.929   -- File entry --
2026-08-16 02:42:44.929   Dest filename: C:\Users\CodexMuaman13S\AppData\Local\Programs\muaman_store\data\flutter_assets\packages\cupertino_icons\assets\CupertinoIcons.ttf
2026-08-16 02:42:44.929   Time stamp of our file: 2024-01-01 01:00:00.000
2026-08-16 02:42:44.929   Installing the file.
2026-08-16 02:42:44.929   Creating directory: C:\Users\CodexMuaman13S\AppData\Local\Programs\muaman_store\data\flutter_assets\packages
2026-08-16 02:42:44.929   Creating directory: C:\Users\CodexMuaman13S\AppData\Local\Programs\muaman_store\data\flutter_assets\packages\cupertino_icons
2026-08-16 02:42:44.929   Creating directory: C:\Users\CodexMuaman13S\AppData\Local\Programs\muaman_store\data\flutter_assets\packages\cupertino_icons\assets
2026-08-16 02:42:44.939   Successfully installed the file.
2026-08-16 02:42:44.939   -- File entry --
2026-08-16 02:42:44.939   Dest filename: C:\Users\CodexMuaman13S\AppData\Local\Programs\muaman_store\data\flutter_assets\shaders\ink_sparkle.frag
2026-08-16 02:42:44.939   Time stamp of our file: 2024-01-01 01:00:00.000
2026-08-16 02:42:44.939   Installing the file.
2026-08-16 02:42:44.939   Creating directory: C:\Users\CodexMuaman13S\AppData\Local\Programs\muaman_store\data\flutter_assets\shaders
2026-08-16 02:42:44.939   Successfully installed the file.
2026-08-16 02:42:44.939   -- Icon entry --
2026-08-16 02:42:44.939   Dest filename: C:\Users\CodexMuaman13S\AppData\Roaming\Microsoft\Windows\Start Menu\Programs\I-TECH للتكنولوجيا.lnk
2026-08-16 02:42:44.939   Creating the icon.
2026-08-16 02:42:45.034   Successfully created the icon.
2026-08-16 02:42:45.045   Saving uninstall information.
2026-08-16 02:42:45.045   Deleting uninstall key left over from previous non administrative install.
2026-08-16 02:42:45.045   Creating new uninstall key: HKEY_CURRENT_USER\Software\Microsoft\Windows\CurrentVersion\Uninstall\{299ADF2A-0E9E-4A25-916C-1CB8328D0E5E}_is1
2026-08-16 02:42:45.045   Writing uninstall key values.
2026-08-16 02:42:45.045   Detected previous administrative 64-bit install? No
2026-08-16 02:42:45.045   Detected previous administrative 32-bit install? No
2026-08-16 02:42:45.045   Installation process succeeded.
2026-08-16 02:42:45.045   Need to restart Windows? No
2026-08-16 02:42:45.045   Deinitializing Setup.
2026-08-16 02:42:45.064   Log closed.
