2026-08-16T00:34:43.266Z runId=REGUARD-STRESS-20260816-000301-c008 metadata saved
2026-08-16T00:34:43.319Z STEP S01-launch start
2026-08-16T00:34:49.335Z STEP S01-launch PASS
2026-08-16T00:34:49.342Z STEP S02-setup-owner start
2026-08-16T00:34:50.365Z Fill-Field setup-name try=1 row=left:1320 right:1402 top:377 bottom:401
2026-08-16T00:34:57.571Z Fill-Field setup-user try=1 row=left:1243 right:1404 top:454 bottom:481
2026-08-16T00:35:02.143Z Fill-Field setup-pass try=1 row=left:1272 right:1401 top:533 bottom:559
2026-08-16T00:35:06.463Z Fill-Field setup-confirm try=1 row=left:1225 right:1402 top:613 bottom:640
2026-08-16T00:35:10.706Z Click-OcrExact setup-b try=1 words=28 btn=True {part=[إنشاء] hits=2}
2026-08-16T00:35:12.790Z STEP S02-setup-owner PASS
2026-08-16T00:35:12.793Z STEP S03-login-owner start
2026-08-16T00:35:13.685Z Fill-Field login-user try=1 row=left:1243 right:1402 top:457 bottom:481
2026-08-16T00:35:18.158Z Fill-Field login-pass try=1 row=left:1272 right:1401 top:533 bottom:559
2026-08-16T00:35:22.274Z Click-OcrExact login-b try=1 words=14 btn=True {part=[تسجيل] hits=2}
2026-08-16T00:35:24.650Z STEP S03-login-owner PASS
2026-08-16T00:35:24.656Z STEP S04-add-product start
2026-08-16T00:35:25.704Z Click-NavTileByRank nav-inv rank=1 try=1 word='المخدن' screen=(1150,852)
2026-08-16T00:35:33.350Z Fill-Field prod-name try=1 row=left:787 right:878 top:351 bottom:373
2026-08-16T00:35:37.970Z Fill-Field prod-cost try=1 row=left:781 right:879 top:426 bottom:446
2026-08-16T00:35:42.658Z Fill-Field prod-qty try=1 row=left:777 right:880 top:471 bottom:486
2026-08-16T00:35:49.796Z STEP S04-add-product PASS
2026-08-16T00:35:49.798Z STEP S05-create-sale start
2026-08-16T00:35:50.776Z Click-NavTileByRank nav-sales rank=2 try=1 word='المبيعات' screen=(902,851)
2026-08-16T00:35:54.311Z Click-OcrCropped fab-inv try=1 hit='جديدة' imgX=75 imgY=716 screen=(105,746) exact=True
2026-08-16T00:36:08.516Z Fill-FloatingLabelField sale-customer try=1 probe=17W NOT in band [571,646)
2026-08-16T00:36:15.389Z Click-OcrExact save-inv try=1 words=54 btn=True {part=[حفظ] hits=1}
2026-08-16T00:36:17.557Z STEP S05-create-sale PASS
2026-08-16T00:36:17.559Z STEP S06-save-pdf start
2026-08-16T00:36:18.569Z Click-OcrExact save-pdf try=1 words=38 btn=True {part=[حفظ] hits=1}
2026-08-16T00:36:39.669Z STEP S06-save-pdf PASS
2026-08-16T00:36:39.674Z STEP S07-open-pdf start
2026-08-16T00:37:13.318Z STEP S07-open-pdf PASS
2026-08-16T00:37:13.323Z STEP S08-print-dialog start
2026-08-16T00:37:14.807Z Click-OcrExact print try=1 words=38 btn=True {part=[طباعة] hits=1}
2026-08-16T00:37:49.172Z STEP S08-print-dialog PASS
2026-08-16T00:37:49.176Z STEP S09-sales-history start
2026-08-16T00:37:55.905Z receipt icon color-scan clusters=13 top=(X=98 Y=303 N=35)
2026-08-16T00:38:00.190Z STEP S09-sales-history PASS
2026-08-16T00:38:00.197Z STEP S10-add-cashier start
2026-08-16T00:38:01.712Z Click-AppBarIcon users dx=0 name=[69..247]@y=75 screen=(349,105)
2026-08-16T00:38:09.428Z Fill-Field newuser-name try=1 row=left:834 right:878 top:239 bottom:261
2026-08-16T00:38:14.833Z Fill-Field newuser-user try=1 row=left:757 right:879 top:314 bottom:336
2026-08-16T00:38:20.381Z Fill-Field newuser-pass try=1 row=left:786 right:880 top:389 bottom:408
2026-08-16T00:38:25.471Z Fill-Field newuser-confirm try=1 row=left:739 right:879 top:459 bottom:483
2026-08-16T00:38:37.421Z Click-OcrExact create-user-1 try=1 words=33 btn=True {part=[إنشاء] hits=2}
2026-08-16T00:38:43.639Z STEP S10-add-cashier PASS
2026-08-16T00:38:43.649Z STEP S11-cashier-denied start
2026-08-16T00:38:45.074Z Click-AppBarIcon logout dx=0 name=[69..247]@y=75 screen=(75,105)
2026-08-16T00:38:50.159Z Fill-Field cashier-login-user try=1 row=left:1243 right:1402 top:457 bottom:481
2026-08-16T00:38:55.237Z Fill-Field cashier-login-pass try=1 row=left:1272 right:1401 top:533 bottom:559
2026-08-16T00:38:59.954Z Click-OcrExact cashier-login-b try=1 words=15 btn=True {part=[تسجيل] hits=2}
2026-08-16T00:39:02.529Z STEP S11-cashier-denied PASS
2026-08-16T00:39:02.533Z STEP S12-logout-close start
2026-08-16T00:39:03.702Z Click-AppBarIcon logout dx=0 name=[21..280]@y=75 screen=(27,105)
2026-08-16T00:39:20.096Z Click-AppBarIcon logout dx=16 name=[21..280]@y=75 screen=(43,105)
2026-08-16T00:39:25.002Z STEP S12-logout-close PASS
2026-08-16T00:39:25.009Z STEP S13-final-evidence start
2026-08-16T00:39:25.060Z STEP S13-final-evidence PASS
2026-08-16T00:39:25.085Z WORKER DONE aborted=False
