[  +44 ms] Artifact Instance of 'AndroidGenSnapshotArtifacts' is not required, skipping update.
[   +1 ms] Artifact Instance of 'AndroidInternalBuildArtifacts' is not required, skipping update.
[        ] Artifact Instance of 'IOSEngineArtifacts' is not required, skipping update.
[        ] Artifact Instance of 'FlutterWebSdk' is not required, skipping update.
[        ] Artifact Instance of 'LegacyCanvasKitRemover' is not required, skipping update.
[   +6 ms] Artifact Instance of 'WindowsEngineArtifacts' is not required, skipping update.
[        ] Artifact Instance of 'MacOSEngineArtifacts' is not required, skipping update.
[        ] Artifact Instance of 'LinuxEngineArtifacts' is not required, skipping update.
[        ] Artifact Instance of 'LinuxFuchsiaSDKArtifacts' is not required, skipping update.
[        ] Artifact Instance of 'MacOSFuchsiaSDKArtifacts' is not required, skipping update.
[        ] Artifact Instance of 'FlutterRunnerSDKArtifacts' is not required, skipping update.
[        ] Artifact Instance of 'FlutterRunnerDebugSymbols' is not required, skipping update.
[  +72 ms] Artifact Instance of 'MaterialFonts' is not required, skipping update.
[        ] Artifact Instance of 'GradleWrapper' is not required, skipping update.
[        ] Artifact Instance of 'AndroidGenSnapshotArtifacts' is not required, skipping update.
[        ] Artifact Instance of 'AndroidInternalBuildArtifacts' is not required, skipping update.
[        ] Artifact Instance of 'IOSEngineArtifacts' is not required, skipping update.
[        ] Artifact Instance of 'FlutterWebSdk' is not required, skipping update.
[        ] Artifact Instance of 'LegacyCanvasKitRemover' is not required, skipping update.
[        ] Artifact Instance of 'FlutterSdk' is not required, skipping update.
[   +6 ms] Artifact Instance of 'MacOSEngineArtifacts' is not required, skipping update.
[   +1 ms] Artifact Instance of 'LinuxEngineArtifacts' is not required, skipping update.
[        ] Artifact Instance of 'LinuxFuchsiaSDKArtifacts' is not required, skipping update.
[        ] Artifact Instance of 'MacOSFuchsiaSDKArtifacts' is not required, skipping update.
[        ] Artifact Instance of 'FlutterRunnerSDKArtifacts' is not required, skipping update.
[        ] Artifact Instance of 'FlutterRunnerDebugSymbols' is not required, skipping update.
[        ] Artifact Instance of 'IosUsbArtifacts' is not required, skipping update.
[        ] Artifact Instance of 'IosUsbArtifacts' is not required, skipping update.
[        ] Artifact Instance of 'IosUsbArtifacts' is not required, skipping update.
[        ] Artifact Instance of 'IosUsbArtifacts' is not required, skipping update.
[        ] Artifact Instance of 'IosUsbArtifacts' is not required, skipping update.
[        ] Artifact Instance of 'FontSubsetArtifacts' is not required, skipping update.
[        ] Artifact Instance of 'PubDependencies' is not required, skipping update.
[  +77 ms] Skipping pub get: version match.
[  +67 ms] Found plugin integration_test at C:\m13i\a\sdk\packages\integration_test\
[ +124 ms] Found plugin printing at C:\m13k\a\pub\hosted\pub.dev\printing-5.14.3\
[   +7 ms] Found plugin sqflite at C:\m13k\a\pub\hosted\pub.dev\sqflite-2.4.1\
[   +4 ms] Found plugin sqflite_android at C:\m13k\a\pub\hosted\pub.dev\sqflite_android-2.4.0\
[  +12 ms] Found plugin sqflite_darwin at C:\m13k\a\pub\hosted\pub.dev\sqflite_darwin-2.4.1+1\
[ +100 ms] Found plugin integration_test at C:\m13i\a\sdk\packages\integration_test\
[  +55 ms] Found plugin printing at C:\m13k\a\pub\hosted\pub.dev\printing-5.14.3\
[  +10 ms] Found plugin sqflite at C:\m13k\a\pub\hosted\pub.dev\sqflite-2.4.1\
[   +3 ms] Found plugin sqflite_android at C:\m13k\a\pub\hosted\pub.dev\sqflite_android-2.4.0\
[   +6 ms] Found plugin sqflite_darwin at C:\m13k\a\pub\hosted\pub.dev\sqflite_darwin-2.4.1+1\
[  +71 ms] Found plugin integration_test at C:\m13i\a\sdk\packages\integration_test\
[  +50 ms] Found plugin printing at C:\m13k\a\pub\hosted\pub.dev\printing-5.14.3\
[   +8 ms] Found plugin sqflite at C:\m13k\a\pub\hosted\pub.dev\sqflite-2.4.1\
[   +1 ms] Found plugin sqflite_android at C:\m13k\a\pub\hosted\pub.dev\sqflite_android-2.4.0\
[   +4 ms] Found plugin sqflite_darwin at C:\m13k\a\pub\hosted\pub.dev\sqflite_darwin-2.4.1+1\
[  +28 ms] Generating C:\m13k\a\src\app\android\app\src\main\java\io\flutter\plugins\GeneratedPluginRegistrant.java
[ +175 ms] executing: C:\Program Files (x86)\Microsoft Visual Studio\Installer\vswhere.exe -format json -products * -utf8 -latest -version 16 -requires Microsoft.VisualStudio.Workload.NativeDesktop Microsoft.VisualStudio.Component.VC.Tools.x86.x64 Microsoft.VisualStudio.Component.VC.CMake.Project
[ +148 ms] Exit code 0 from: C:\Program Files (x86)\Microsoft Visual Studio\Installer\vswhere.exe -format json -products * -utf8 -latest -version 16 -requires Microsoft.VisualStudio.Workload.NativeDesktop Microsoft.VisualStudio.Component.VC.Tools.x86.x64 Microsoft.VisualStudio.Component.VC.CMake.Project
[        ] []
[   +1 ms] executing: C:\Program Files (x86)\Microsoft Visual Studio\Installer\vswhere.exe -format json -products * -utf8 -latest -version 16 -requires Microsoft.VisualStudio.Workload.VCTools Microsoft.VisualStudio.Component.VC.Tools.x86.x64 Microsoft.VisualStudio.Component.VC.CMake.Project
[  +91 ms] Exit code 0 from: C:\Program Files (x86)\Microsoft Visual Studio\Installer\vswhere.exe -format json -products * -utf8 -latest -version 16 -requires Microsoft.VisualStudio.Workload.VCTools Microsoft.VisualStudio.Component.VC.Tools.x86.x64 Microsoft.VisualStudio.Component.VC.CMake.Project
[        ] [
             {
               "instanceId": "f0522534",
               "installDate": "2026-05-15T15:33:58Z",
               "installationName": "VisualStudio/18.6.0+11806.211",
               "installationPath": "C:\\Program Files (x86)\\Microsoft Visual Studio\\18\\BuildTools",
               "installationVersion": "18.6.11806.211",
               "productId": "Microsoft.VisualStudio.Product.BuildTools",
               "productPath": "C:\\Program Files (x86)\\Microsoft Visual Studio\\18\\BuildTools\\Common7\\Tools\\LaunchDevCmd.bat",
               "state": 4294967295,
               "isComplete": true,
               "isLaunchable": true,
               "isPrerelease": false,
               "isRebootRequired": false,
               "displayName": "Visual Studio Build Tools 2026",
               "description": "Essential MSBuild and compiler tools – no IDE required.",
               "channelId": "VisualStudio.18.Release",
               "channelUri": "https://aka.ms/vs/18/stable/channel",
               "enginePath": "C:\\Program Files (x86)\\Microsoft Visual Studio\\Installer\\resources\\app\\ServiceHub\\Services\\Microsoft.VisualStudio.Setup.Service",
               "installedChannelId": "VisualStudio.18.Release",
               "installedChannelUri": "https://aka.ms/vs/18/stable/channel",
               "releaseNotes": "https://docs.microsoft.com/en-us/visualstudio/releases/18/release-notes-v18.6#18.6.0",
               "resolvedInstallationPath": "C:\\Program Files (x86)\\Microsoft Visual Studio\\18\\BuildTools",
               "thirdPartyNotices": "https://go.microsoft.com/fwlink/?LinkId=661480",
               "updateDate": "2026-05-15T15:33:58.4356134Z",
               "catalog": {
                 "buildBranch": "stable",
                 "buildVersion": "18.6.11806.211",
                 "featureReleaseMonth": "05",
                 "featureReleaseYear": "2026",
                 "id": "VisualStudio/18.6.0+11806.211",
                 "includeBuildVersionInDisplayVersion": "False",
                 "localBuild": "build-lab",
                 "manifestName": "VisualStudio",
                 "manifestType": "installer",
                 "productDisplayVersion": "18.6.0",
                 "productLine": "Dev18",
                 "productLineVersion": "18",
                 "productMilestone": "RTW",
                 "productMilestoneIsPreRelease": "False",
                 "productName": "Visual Studio",
                 "productPatchVersion": "0",
                 "productPreReleaseMilestoneSuffix": "4.0",
                 "productRelease": "RTW",
                 "productSemanticVersion": "18.6.0+11806.211",
                 "requiredEngineVersion": "4.6.58.48107"
               },
               "properties": {
                 "campaignId": "",
                 "channelManifestId": "VisualStudio.18.Release/18.6.0+11806.211",
                 "includeRecommended": "0",
                 "nickname": "",
                 "setupEngineFilePath": "C:\\Program Files (x86)\\Microsoft Visual Studio\\Installer\\setup.exe"
               }
             }
           ]
[   +5 ms] Building Windows application...
[   +6 ms] executing: C:\Program Files (x86)\Microsoft Visual Studio\18\BuildTools\Common7\IDE\CommonExtensions\Microsoft\CMake\CMake\bin\cmake.exe -S C:\m13k\a\src\app\windows -B C:\m13k\a\src\app\build\windows\x64 -G Visual Studio 18 2026 -A x64 -DFLUTTER_TARGET_PLATFORM=windows-x64
[ +271 ms] -- Selecting Windows SDK version 10.0.26100.0 to target Windows 10.0.26200.
[+3863 ms] -- The CXX compiler identification is MSVC 19.51.36243.0
[ +124 ms] -- Detecting CXX compiler ABI info
[+1523 ms] -- Detecting CXX compiler ABI info - done
[  +80 ms] -- Check for working CXX compiler: C:/Program Files (x86)/Microsoft Visual Studio/18/BuildTools/VC/Tools/MSVC/14.51.36231/bin/Hostx64/x64/cl.exe - skipped
[   +1 ms] -- Detecting CXX compile features
[   +2 ms] -- Detecting CXX compile features - done
[  +46 ms] -- Downloading/updating pdfium
[  +90 ms] -- Selecting Windows SDK version 10.0.26100.0 to target Windows 10.0.26200.
[ +927 ms] -- Configuring done (1.0s)
[  +88 ms] -- Generating done (0.1s)
[  +29 ms] -- Build files have been written to: C:/m13k/a/src/app/build/windows/x64/pdfium-download
[ +354 ms] MSBuild version 18.6.3+84d3e95b4 for .NET Framework
[ +552 ms]   1>Checking Build System
[ +363 ms]   Creating directories for 'pdfium-download'
[ +114 ms]   Building Custom Rule C:/m13k/a/src/app/build/windows/x64/pdfium-download/CMakeLists.txt
[  +52 ms]   Performing download step (download, verify and extract) for 'pdfium-download'
[  +65 ms]   -- Downloading...
[        ]      dst='C:/m13k/a/src/app/build/windows/x64/pdfium-download/pdfium-download-prefix/src/pdfium-win-x64.tgz'
[        ]      timeout='none'
[        ]      inactivity timeout='none'
[        ]   -- Using src='https://github.com/bblanchon/pdfium-binaries/releases/download/chromium/5200/pdfium-win-x64.tgz'
[ +772 ms]   -- [download 0% complete]
[   +9 ms]   -- [download 1% complete]
[  +58 ms]   -- [download 2% complete]
[   +8 ms]   -- [download 3% complete]
[  +24 ms]   -- [download 4% complete]
[  +43 ms]   -- [download 5% complete]
[  +16 ms]   -- [download 6% complete]
[  +26 ms]   -- [download 7% complete]
[  +29 ms]   -- [download 8% complete]
[  +13 ms]   -- [download 9% complete]
[  +21 ms]   -- [download 10% complete]
[  +28 ms]   -- [download 11% complete]
[  +47 ms]   -- [download 12% complete]
[   +1 ms]   -- [download 13% complete]
[  +20 ms]   -- [download 14% complete]
[  +12 ms]   -- [download 15% complete]
[  +28 ms]   -- [download 16% complete]
[  +15 ms]   -- [download 17% complete]
[  +29 ms]   -- [download 18% complete]
[  +36 ms]   -- [download 19% complete]
[   +2 ms]   -- [download 20% complete]
[  +26 ms]   -- [download 21% complete]
[  +16 ms]   -- [download 22% complete]
[ +232 ms]   -- [download 23% complete]
[        ]   -- [download 24% complete]
[        ]   -- [download 25% complete]
[        ]   -- [download 26% complete]
[        ]   -- [download 27% complete]
[        ]   -- [download 28% complete]
[        ]   -- [download 29% complete]
[        ]   -- [download 30% complete]
[        ]   -- [download 31% complete]
[        ]   -- [download 32% complete]
[  +93 ms]   -- [download 33% complete]
[  +32 ms]   -- [download 34% complete]
[  +29 ms]   -- [download 35% complete]
[  +14 ms]   -- [download 36% complete]
[  +27 ms]   -- [download 37% complete]
[  +18 ms]   -- [download 38% complete]
[  +30 ms]   -- [download 39% complete]
[  +21 ms]   -- [download 40% complete]
[  +14 ms]   -- [download 41% complete]
[  +31 ms]   -- [download 42% complete]
[   +7 ms]   -- [download 43% complete]
[  +27 ms]   -- [download 44% complete]
[  +28 ms]   -- [download 45% complete]
[  +12 ms]   -- [download 46% complete]
[  +44 ms]   -- [download 47% complete]
[        ]   -- [download 48% complete]
[  +38 ms]   -- [download 49% complete]
[  +23 ms]   -- [download 50% complete]
[  +21 ms]   -- [download 51% complete]
[  +10 ms]   -- [download 52% complete]
[  +13 ms]   -- [download 53% complete]
[  +28 ms]   -- [download 54% complete]
[  +30 ms]   -- [download 55% complete]
[  +11 ms]   -- [download 56% complete]
[  +51 ms]   -- [download 57% complete]
[  +31 ms]   -- [download 58% complete]
[  +35 ms]   -- [download 59% complete]
[  +34 ms]   -- [download 60% complete]
[  +30 ms]   -- [download 61% complete]
[  +12 ms]   -- [download 62% complete]
[  +15 ms]   -- [download 63% complete]
[  +23 ms]   -- [download 64% complete]
[  +28 ms]   -- [download 65% complete]
[  +15 ms]   -- [download 66% complete]
[  +20 ms]   -- [download 67% complete]
[  +26 ms]   -- [download 68% complete]
[  +13 ms]   -- [download 69% complete]
[  +31 ms]   -- [download 70% complete]
[  +29 ms]   -- [download 71% complete]
[  +17 ms]   -- [download 72% complete]
[  +21 ms]   -- [download 73% complete]
[  +12 ms]   -- [download 74% complete]
[  +26 ms]   -- [download 75% complete]
[  +28 ms]   -- [download 76% complete]
[  +13 ms]   -- [download 77% complete]
[  +30 ms]   -- [download 78% complete]
[  +10 ms]   -- [download 79% complete]
[  +29 ms]   -- [download 80% complete]
[  +27 ms]   -- [download 81% complete]
[  +19 ms]   -- [download 82% complete]
[  +27 ms]   -- [download 83% complete]
[   +6 ms]   -- [download 84% complete]
[  +28 ms]   -- [download 85% complete]
[  +27 ms]   -- [download 86% complete]
[  +13 ms]   -- [download 87% complete]
[  +28 ms]   -- [download 88% complete]
[  +19 ms]   -- [download 89% complete]
[  +20 ms]   -- [download 90% complete]
[  +24 ms]   -- [download 91% complete]
[  +27 ms]   -- [download 92% complete]
[  +13 ms]   -- [download 93% complete]
[  +26 ms]   -- [download 94% complete]
[  +13 ms]   -- [download 95% complete]
[  +27 ms]   -- [download 96% complete]
[  +28 ms]   -- [download 97% complete]
[  +13 ms]   -- [download 98% complete]
[  +52 ms]   -- [download 99% complete]
[   +4 ms]   -- [download 100% complete]
[   +6 ms]   -- Downloading... done
[  +89 ms]   -- extracting...
[        ]        src='C:/m13k/a/src/app/build/windows/x64/pdfium-download/pdfium-download-prefix/src/pdfium-win-x64.tgz'
[        ]        dst='C:/m13k/a/src/app/build/windows/x64/pdfium-src'
[        ]   -- extracting... [tar xf]
[ +214 ms]   -- extracting... [analysis]
[        ]   -- extracting... [rename]
[   +3 ms]   -- extracting... [clean up]
[        ]   -- extracting... done
[  +50 ms]   No update step for 'pdfium-download'
[  +91 ms]   No patch step for 'pdfium-download'
[ +106 ms]   No configure step for 'pdfium-download'
[ +138 ms]   No build step for 'pdfium-download'
[ +127 ms]   No install step for 'pdfium-download'
[ +135 ms]   No test step for 'pdfium-download'
[ +115 ms]   Completed 'pdfium-download'
[ +377 ms]   Building Custom Rule C:/m13k/a/src/app/build/windows/x64/pdfium-download/CMakeLists.txt
[ +192 ms] -- Found PDFium: C:/m13k/a/src/app/build/windows/x64/pdfium-src/bin/pdfium.dll (found version "106.0.5200.0")
[   +4 ms] -- Configuring done (13.3s)
[ +451 ms] -- Generating done (0.4s)
[  +65 ms] -- Build files have been written to: C:/m13k/a/src/app/build/windows/x64
[  +22 ms] executing: C:\Program Files (x86)\Microsoft Visual Studio\18\BuildTools\Common7\IDE\CommonExtensions\Microsoft\CMake\CMake\bin\cmake.exe --build C:\m13k\a\src\app\build\windows\x64 --config Release --target INSTALL --verbose
[ +214 ms] Change Dir: 'C:/m13k/a/src/app/build/windows/x64'
[  +14 ms] Run Build Command(s): "C:/Program Files (x86)/Microsoft Visual Studio/18/BuildTools/MSBuild/Current/Bin/amd64/MSBuild.exe" INSTALL.vcxproj /p:Configuration=Release /p:Platform=x64 /p:VisualStudioVersion=18.0 /v:n
[ +190 ms] MSBuild version 18.6.3+84d3e95b4 for .NET Framework
[ +155 ms] Build started 8/5/2026 9:57:21 PM.
[ +257 ms] Project "C:\m13k\a\src\app\build\windows\x64\INSTALL.vcxproj" on node 1 (default targets).
[        ] Project "C:\m13k\a\src\app\build\windows\x64\INSTALL.vcxproj" (1) is building "C:\m13k\a\src\app\build\windows\x64\ZERO_CHECK.vcxproj" (2) on node 1 (default targets).
[        ] PrepareForBuild:
[        ]   Creating directory "x64\Release\ZERO_CHECK\".
[  +13 ms]   Structured output is enabled. The formatting of compiler diagnostics will reflect the error hierarchy. See https://aka.ms/cpp/structured-output for more details.
[        ]   Creating directory "x64\Release\ZERO_CHECK\ZERO_CHECK.tlog\".
[   +8 ms] InitializeBuildStatus:
[        ]   Creating "x64\Release\ZERO_CHECK\ZERO_CHECK.tlog\unsuccessfulbuild" because "AlwaysCreate" was specified.
[        ]   Touching "x64\Release\ZERO_CHECK\ZERO_CHECK.tlog\unsuccessfulbuild".
[ +223 ms] CustomBuild:
[        ]   1>Checking Build System
[ +127 ms] FinalizeBuildStatus:
[        ]   Deleting file "x64\Release\ZERO_CHECK\ZERO_CHECK.tlog\unsuccessfulbuild".
[        ]   Touching "x64\Release\ZERO_CHECK\ZERO_CHECK.tlog\ZERO_CHECK.lastbuildstate".
[   +2 ms] Done Building Project "C:\m13k\a\src\app\build\windows\x64\ZERO_CHECK.vcxproj" (default targets).
[ +184 ms] Project "C:\m13k\a\src\app\build\windows\x64\INSTALL.vcxproj" (1) is building "C:\m13k\a\src\app\build\windows\x64\ALL_BUILD.vcxproj" (3) on node 1 (default targets).
[        ] Project "C:\m13k\a\src\app\build\windows\x64\ALL_BUILD.vcxproj" (3) is building "C:\m13k\a\src\app\build\windows\x64\flutter\flutter_wrapper_app.vcxproj" (4) on node 1 (default targets).
[        ] Project "C:\m13k\a\src\app\build\windows\x64\flutter\flutter_wrapper_app.vcxproj" (4) is building "C:\m13k\a\src\app\build\windows\x64\flutter\flutter_assemble.vcxproj" (5) on node 1 (default targets).
[        ] Project "C:\m13k\a\src\app\build\windows\x64\flutter\flutter_assemble.vcxproj" (5) is building "C:\m13k\a\src\app\build\windows\x64\flutter\muaman_inject_registrant.vcxproj" (6) on node 1 (default targets).
[        ] PrepareForBuild:
[        ]   Creating directory "x64\Release\muaman_inject_registrant\".
[   +2 ms]   Structured output is enabled. The formatting of compiler diagnostics will reflect the error hierarchy. See https://aka.ms/cpp/structured-output for more details.
[        ]   Creating directory "x64\Release\muaman_inject_registrant\muaman_i.7EF67C0D.tlog\".
[   +7 ms] InitializeBuildStatus:
[        ]   Creating "x64\Release\muaman_inject_registrant\muaman_i.7EF67C0D.tlog\unsuccessfulbuild" because "AlwaysCreate" was specified.
[        ]   Touching "x64\Release\muaman_inject_registrant\muaman_i.7EF67C0D.tlog\unsuccessfulbuild".
[  +82 ms] CustomBuild:
[        ]   MUAMAN-13E: injecting canonical dart plugin registrant package mapping
[ +682 ms]   injected '_muaman_registrant' into C:\m13k\a\src\app\.dart_tool\package_config.json
[  +28 ms]   Building Custom Rule C:/m13k/a/src/app/windows/flutter/CMakeLists.txt
[  +64 ms] FinalizeBuildStatus:
[        ]   Deleting file "x64\Release\muaman_inject_registrant\muaman_i.7EF67C0D.tlog\unsuccessfulbuild".
[        ]   Touching "x64\Release\muaman_inject_registrant\muaman_i.7EF67C0D.tlog\muaman_inject_registrant.lastbuildstate".
[   +2 ms] Done Building Project "C:\m13k\a\src\app\build\windows\x64\flutter\muaman_inject_registrant.vcxproj" (default targets).
[   +6 ms] PrepareForBuild:
[        ]   Creating directory "x64\Release\flutter_assemble\".
[   +1 ms]   Structured output is enabled. The formatting of compiler diagnostics will reflect the error hierarchy. See https://aka.ms/cpp/structured-output for more details.
[        ]   Creating directory "x64\Release\flutter_assemble\flutter_assemble.tlog\".
[   +4 ms] InitializeBuildStatus:
[        ]   Creating "x64\Release\flutter_assemble\flutter_assemble.tlog\unsuccessfulbuild" because "AlwaysCreate" was specified.
[        ]   Touching "x64\Release\flutter_assemble\flutter_assemble.tlog\unsuccessfulbuild".
[   +2 ms] ComputeCustomBuildOutput:
[        ]   Creating directory "C:\m13k\a\src\app\windows\flutter\ephemeral\cpp_client_wrapper\".
[   +2 ms] CustomBuild:
[        ]   "The build of 'C:\m13k\a\src\app\build\windows\x64\CMakeFiles\5d13df449070d96a544b077a351e12cf\flutter_assemble.rule' depends on 'C:\M13K\A\SRC\APP\WINDOWS\FLUTTER\EPHEMERAL\FLUTTER_WINDOWS.DLL' which is produced by the build of 'C:\m13k\a\src\app\build\windows\x64\CMakeFiles\568e396fce5626a543a42e41ddb2b6fd\flutter_windows.dll.rule'. The items cannot be built in parallel."
[  +85 ms]   Generating C:/m13k/a/src/app/windows/flutter/ephemeral/flutter_windows.dll, C:/m13k/a/src/app/windows/flutter/ephemeral/flutter_export.h, C:/m13k/a/src/app/windows/flutter/ephemeral/flutter_windows.h, C:/m13k/a/src/app/windows/flutter/ephemeral/flutter_messenger.h, C:/m13k/a/src/app/windows/flutter/ephemeral/flutter_plugin_registrar.h, C:/m13k/a/src/app/windows/flutter/ephemeral/flutter_texture_registrar.h, C:/m13k/a/src/app/windows/flutter/ephemeral/cpp_client_wrapper/core_implementations.cc, C:/m13k/a/src/app/windows/flutter/ephemeral/cpp_client_wrapper/standard_codec.cc, C:/m13k/a/src/app/windows/flutter/ephemeral/cpp_client_wrapper/plugin_registrar.cc, C:/m13k/a/src/app/windows/flutter/ephemeral/cpp_client_wrapper/flutter_engine.cc, C:/m13k/a/src/app/windows/flutter/ephemeral/cpp_client_wrapper/flutter_view_controller.cc, _phony_
[+1468 ms]   [  +47 ms] Artifact Instance of 'AndroidGenSnapshotArtifacts' is not required, skipping update.
[        ]   [   +1 ms] Artifact Instance of 'AndroidInternalBuildArtifacts' is not required, skipping update.
[        ]   [        ] Artifact Instance of 'IOSEngineArtifacts' is not required, skipping update.
[        ]   [        ] Artifact Instance of 'FlutterWebSdk' is not required, skipping update.
[        ]   [        ] Artifact Instance of 'LegacyCanvasKitRemover' is not required, skipping update.
[        ]   [   +3 ms] Artifact Instance of 'WindowsEngineArtifacts' is not required, skipping update.
[        ]   [        ] Artifact Instance of 'MacOSEngineArtifacts' is not required, skipping update.
[        ]   [        ] Artifact Instance of 'LinuxEngineArtifacts' is not required, skipping update.
[        ]   [        ] Artifact Instance of 'LinuxFuchsiaSDKArtifacts' is not required, skipping update.
[        ]   [        ] Artifact Instance of 'MacOSFuchsiaSDKArtifacts' is not required, skipping update.
[        ]   [        ] Artifact Instance of 'FlutterRunnerSDKArtifacts' is not required, skipping update.
[        ]   [        ] Artifact Instance of 'FlutterRunnerDebugSymbols' is not required, skipping update.
[ +106 ms]   [ +122 ms] Artifact Instance of 'MaterialFonts' is not required, skipping update.
[        ]   [   +1 ms] Artifact Instance of 'GradleWrapper' is not required, skipping update.
[        ]   [        ] Artifact Instance of 'AndroidGenSnapshotArtifacts' is not required, skipping update.
[        ]   [        ] Artifact Instance of 'AndroidInternalBuildArtifacts' is not required, skipping update.
[        ]   [        ] Artifact Instance of 'IOSEngineArtifacts' is not required, skipping update.
[        ]   [        ] Artifact Instance of 'FlutterWebSdk' is not required, skipping update.
[        ]   [        ] Artifact Instance of 'LegacyCanvasKitRemover' is not required, skipping update.
[        ]   [        ] Artifact Instance of 'FlutterSdk' is not required, skipping update.
[   +6 ms]   [   +5 ms] Artifact Instance of 'MacOSEngineArtifacts' is not required, skipping update.
[        ]   [        ] Artifact Instance of 'LinuxEngineArtifacts' is not required, skipping update.
[        ]   [        ] Artifact Instance of 'LinuxFuchsiaSDKArtifacts' is not required, skipping update.
[        ]   [        ] Artifact Instance of 'MacOSFuchsiaSDKArtifacts' is not required, skipping update.
[        ]   [        ] Artifact Instance of 'FlutterRunnerSDKArtifacts' is not required, skipping update.
[        ]   [        ] Artifact Instance of 'FlutterRunnerDebugSymbols' is not required, skipping update.
[        ]   [        ] Artifact Instance of 'IosUsbArtifacts' is not required, skipping update.
[        ]   [        ] Artifact Instance of 'IosUsbArtifacts' is not required, skipping update.
[        ]   [        ] Artifact Instance of 'IosUsbArtifacts' is not required, skipping update.
[        ]   [        ] Artifact Instance of 'IosUsbArtifacts' is not required, skipping update.
[        ]   [        ] Artifact Instance of 'IosUsbArtifacts' is not required, skipping update.
[        ]   [        ] Artifact Instance of 'FontSubsetArtifacts' is not required, skipping update.
[        ]   [        ] Artifact Instance of 'PubDependencies' is not required, skipping update.
[  +48 ms]   [  +49 ms] Initializing file store
[  +32 ms]   [  +32 ms] Skipping target: gen_localizations
[  +24 ms]   [  +23 ms] gen_dart_plugin_registrant: Starting due to {InvalidatedReasonKind.inputChanged: The following inputs have updated contents: C:\m13k\a\src\app\.dart_tool\package_config_subset}
[   +8 ms]   [   +8 ms] unpack_windows: Starting due to {}
[+1540 ms]   [+1540 ms] unpack_windows: Complete
[+4678 ms]   [+4678 ms] Found plugin integration_test at C:\m13i\a\sdk\packages\integration_test\
[  +84 ms]   [  +84 ms] Found plugin printing at C:\m13k\a\pub\hosted\pub.dev\printing-5.14.3\
[   +9 ms]   [   +8 ms] Found plugin sqflite at C:\m13k\a\pub\hosted\pub.dev\sqflite-2.4.1\
[   +5 ms]   [   +3 ms] Found plugin sqflite_android at C:\m13k\a\pub\hosted\pub.dev\sqflite_android-2.4.0\
[   +6 ms]   [   +7 ms] Found plugin sqflite_darwin at C:\m13k\a\pub\hosted\pub.dev\sqflite_darwin-2.4.1+1\
[  +83 ms]   [  +83 ms] gen_dart_plugin_registrant: Complete
[   +4 ms]   [   +4 ms] kernel_snapshot_program: Starting due to {}
[  +15 ms]   [  +14 ms] C:\m13i\a\sdk\bin\cache\dart-sdk\bin\dartaotruntime.exe --disable-dart-dev C:\m13i\a\sdk\bin\cache\dart-sdk\bin\snapshots\frontend_server_aot.dart.snapshot --sdk-root C:\m13i\a\sdk\bin\cache\artifacts\engine\common\flutter_patched_sdk_product/ --target=flutter --no-print-incremental-dependencies -Ddart.vm.profile=false -Ddart.vm.product=true --delete-tostring-package-uri=dart:ui --delete-tostring-package-uri=package:flutter --aot --tfa --target-os windows --packages C:\m13k\a\src\app\.dart_tool\package_config.json --output-dill C:\m13k\a\src\app\.dart_tool\flutter_build\901afd377d17ae4e8044f89ddf13286f\program.dill --depfile C:\m13k\a\src\app\.dart_tool\flutter_build\901afd377d17ae4e8044f89ddf13286f\kernel_snapshot_program.d --source package:_muaman_registrant/flutter_build/dart_plugin_registrant.dart --source package:flutter/src/dart_plugin_registrant.dart -Dflutter.dart_plugin_registrant=package:_muaman_registrant/flutter_build/dart_plugin_registrant.dart --verbosity=error package:muaman_store/main.dart
[+22552 ms]   [+22551 ms] kernel_snapshot_program: Complete
[+1241 ms]   [+1243 ms] native_assets: Starting due to {}
[  +47 ms]   [  +47 ms] No packages with native assets. Skipping native assets compilation.
[        ]   [        ] Writing native_assets.yaml.
[  +17 ms]   [  +17 ms] Writing C:\m13k\a\src\app\.dart_tool\flutter_build\901afd377d17ae4e8044f89ddf13286f\native_assets.yaml done.
[   +2 ms]   [   +3 ms] native_assets: Complete
[  +23 ms]   [  +21 ms] kernel_snapshot_native_assets: Starting due to {InvalidatedReasonKind.inputChanged: The following inputs have updated contents: C:\m13k\a\src\app\.dart_tool\flutter_build\901afd377d17ae4e8044f89ddf13286f\native_assets.yaml,C:\m13k\a\src\app\.dart_tool\package_config_subset,C:\m13i\a\sdk\packages\flutter_tools\lib\src\build_system\targets\common.dart,C:\m13i\a\sdk\bin\internal\engine.version,C:\m13i\a\sdk\bin\internal\engine.version,C:\m13i\a\sdk\bin\internal\engine.version,C:\m13i\a\sdk\bin\internal\engine.version}
[   +4 ms]   [   +5 ms] kernel_snapshot_native_assets: Complete
[   +3 ms]   [   +3 ms] kernel_snapshot: Starting due to {InvalidatedReasonKind.inputChanged: The following inputs have updated contents: C:\m13k\a\src\app\.dart_tool\flutter_build\901afd377d17ae4e8044f89ddf13286f\program.dill,C:\m13k\a\src\app\.dart_tool\flutter_build\901afd377d17ae4e8044f89ddf13286f\native_assets.dill}
[  +51 ms]   [  +51 ms] kernel_snapshot: Complete
[ +260 ms]   [ +260 ms] aot_elf_release: Starting due to {InvalidatedReasonKind.inputChanged: The following inputs have updated contents: C:\m13i\a\sdk\packages\flutter_tools\lib\src\build_system\targets\common.dart,C:\m13i\a\sdk\bin\internal\engine.version,C:\m13i\a\sdk\bin\internal\engine.version,C:\m13i\a\sdk\bin\internal\engine.version,C:\m13k\a\src\app\.dart_tool\flutter_build\901afd377d17ae4e8044f89ddf13286f\app.dill}
[   +3 ms]   [   +3 ms] targetingApplePlatform = false
[        ]   [        ] extractAppleDebugSymbols = true
[        ]   [        ] Will strip AOT snapshot during build.
[        ]   [   +1 ms] executing: C:\m13i\a\sdk\bin\cache\artifacts\engine\windows-x64-release\gen_snapshot --deterministic --snapshot_kind=app-aot-elf --elf=C:\m13k\a\src\app\.dart_tool\flutter_build\901afd377d17ae4e8044f89ddf13286f\app.so --strip C:\m13k\a\src\app\.dart_tool\flutter_build\901afd377d17ae4e8044f89ddf13286f\app.dill
[+16446 ms]   [+16445 ms] aot_elf_release: Complete
[  +62 ms]   [  +62 ms] windows_aot_bundle: Starting due to {InvalidatedReasonKind.inputChanged: The following inputs have updated contents: C:\m13k\a\src\app\.dart_tool\flutter_build\901afd377d17ae4e8044f89ddf13286f\app.so}
[  +12 ms]   [  +13 ms] windows_aot_bundle: Complete
[  +69 ms]   [  +69 ms] release_bundle_windows-x64_assets: Starting due to {}
[ +358 ms]   [ +358 ms] shaderc command: [C:\m13i\a\sdk\bin\cache\artifacts\engine\windows-x64\impellerc.exe, --sksl, --runtime-stage-gles, --runtime-stage-vulkan, --iplr, --sl=C:\m13k\a\src\app\build\flutter_assets\shaders/ink_sparkle.frag, --spirv=C:\m13k\a\src\app\build\flutter_assets\shaders/ink_sparkle.frag.spirv, --input=C:\m13i\a\sdk\packages\flutter\lib\src\material\shaders\ink_sparkle.frag, --input-type=frag, --include=C:\m13i\a\sdk\packages\flutter\lib\src\material\shaders, --include=C:\m13i\a\sdk\bin\cache\artifacts\engine\windows-x64\shader_lib]
[+1134 ms]   [+1134 ms] release_bundle_windows-x64_assets: Complete
[ +170 ms]   [ +170 ms] Persisting file store
[  +26 ms]   [  +26 ms] Done persisting file store
[  +19 ms]   [  +19 ms] build succeeded.
[  +15 ms]   [  +15 ms] "flutter assemble" took 49,212ms.
[   +1 ms]   [   +2 ms] ensureAnalyticsSent: 0ms
[        ]   [        ] Running 1 shutdown hook
[        ]   [        ] Shutdown hooks complete
[        ]   [        ] exiting with code 0
[ +109 ms]   Building Custom Rule C:/m13k/a/src/app/windows/flutter/CMakeLists.txt
[  +90 ms] FinalizeBuildStatus:
[        ]   Deleting file "x64\Release\flutter_assemble\flutter_assemble.tlog\unsuccessfulbuild".
[        ]   Touching "x64\Release\flutter_assemble\flutter_assemble.tlog\flutter_assemble.lastbuildstate".
[        ] Done Building Project "C:\m13k\a\src\app\build\windows\x64\flutter\flutter_assemble.vcxproj" (default targets).
[  +11 ms] PrepareForBuild:
[        ]   Structured output is enabled. The formatting of compiler diagnostics will reflect the error hierarchy. See https://aka.ms/cpp/structured-output for more details.
[        ]   Creating directory "C:\m13k\a\src\app\build\windows\x64\flutter\Release\".
[        ]   Creating directory "flutter_wrapper_app.dir\Release\flutter_.CA773B92.tlog\".
[   +3 ms] InitializeBuildStatus:
[        ]   Creating "flutter_wrapper_app.dir\Release\flutter_.CA773B92.tlog\unsuccessfulbuild" because "AlwaysCreate" was specified.
[        ]   Touching "flutter_wrapper_app.dir\Release\flutter_.CA773B92.tlog\unsuccessfulbuild".
[ +107 ms] CustomBuild:
[        ]   Building Custom Rule C:/m13k/a/src/app/windows/flutter/CMakeLists.txt
[ +232 ms] ClCompile:
[        ]   C:\Program Files (x86)\Microsoft Visual Studio\18\BuildTools\VC\Tools\MSVC\14.51.36231\bin\HostX64\x64\CL.exe /c /IC:\m13k\a\src\app\windows\flutter\ephemeral\cpp_client_wrapper\include /IC:\m13k\a\src\app\windows\flutter\ephemeral /nologo /W4 /WX /diagnostics:column /O2 /Ob2 /D _UNICODE /D UNICODE /D WIN32 /D _WINDOWS /D NDEBUG /D _HAS_EXCEPTIONS=0 /D UNICODE /D _UNICODE /D "CMAKE_INTDIR=\"Release\"" /EHsc /MD /GR /std:c++17 /Fo"flutter_wrapper_app.dir\Release\\" /Fd"C:\m13k\a\src\app\build\windows\x64\flutter\Release\flutter_wrapper_app.pdb" /external:W4 /TP /wd4100 /errorReport:queue  /experimental:deterministic /pathmap:C:\m13k\a\src\app=\muaman\src C:\m13k\a\src\app\windows\flutter\ephemeral\cpp_client_wrapper\core_implementations.cc C:\m13k\a\src\app\windows\flutter\ephemeral\cpp_client_wrapper\standard_codec.cc C:\m13k\a\src\app\windows\flutter\ephemeral\cpp_client_wrapper\flutter_engine.cc C:\m13k\a\src\app\windows\flutter\ephemeral\cpp_client_wrapper\flutter_view_controller.cc
[ +123 ms]   core_implementations.cc
[+1458 ms]   standard_codec.cc
[+1638 ms]   flutter_engine.cc
[+1526 ms]   flutter_view_controller.cc
[+1332 ms]   Generating Code...
[+2004 ms] Lib:
[        ]   C:\Program Files (x86)\Microsoft Visual Studio\18\BuildTools\VC\Tools\MSVC\14.51.36231\bin\HostX64\x64\Lib.exe /OUT:"C:\m13k\a\src\app\build\windows\x64\flutter\Release\flutter_wrapper_app.lib" /NOLOGO /MACHINE:X64  /machine:x64 flutter_wrapper_app.dir\Release\core_implementations.obj
[        ]   flutter_wrapper_app.dir\Release\standard_codec.obj
[        ]   flutter_wrapper_app.dir\Release\flutter_engine.obj
[        ]   flutter_wrapper_app.dir\Release\flutter_view_controller.obj
[ +202 ms]   flutter_wrapper_app.vcxproj -> C:\m13k\a\src\app\build\windows\x64\flutter\Release\flutter_wrapper_app.lib
[  +62 ms] FinalizeBuildStatus:
[        ]   Deleting file "flutter_wrapper_app.dir\Release\flutter_.CA773B92.tlog\unsuccessfulbuild".
[        ]   Touching "flutter_wrapper_app.dir\Release\flutter_.CA773B92.tlog\flutter_wrapper_app.lastbuildstate".
[   +2 ms] Done Building Project "C:\m13k\a\src\app\build\windows\x64\flutter\flutter_wrapper_app.vcxproj" (default targets).
[  +43 ms] Project "C:\m13k\a\src\app\build\windows\x64\ALL_BUILD.vcxproj" (3) is building "C:\m13k\a\src\app\build\windows\x64\flutter\flutter_wrapper_plugin.vcxproj" (7) on node 1 (default targets).
[        ] PrepareForBuild:
[        ]   Structured output is enabled. The formatting of compiler diagnostics will reflect the error hierarchy. See https://aka.ms/cpp/structured-output for more details.
[        ]   Creating directory "flutter_wrapper_plugin.dir\Release\flutter_.5974A600.tlog\".
[   +2 ms] InitializeBuildStatus:
[        ]   Creating "flutter_wrapper_plugin.dir\Release\flutter_.5974A600.tlog\unsuccessfulbuild" because "AlwaysCreate" was specified.
[        ]   Touching "flutter_wrapper_plugin.dir\Release\flutter_.5974A600.tlog\unsuccessfulbuild".
[  +73 ms] CustomBuild:
[        ]   Building Custom Rule C:/m13k/a/src/app/windows/flutter/CMakeLists.txt
[  +74 ms] ClCompile:
[        ]   C:\Program Files (x86)\Microsoft Visual Studio\18\BuildTools\VC\Tools\MSVC\14.51.36231\bin\HostX64\x64\CL.exe /c /IC:\m13k\a\src\app\windows\flutter\ephemeral\cpp_client_wrapper\include /IC:\m13k\a\src\app\windows\flutter\ephemeral /nologo /W4 /WX /diagnostics:column /O2 /Ob2 /D _UNICODE /D UNICODE /D WIN32 /D _WINDOWS /D NDEBUG /D _HAS_EXCEPTIONS=0 /D UNICODE /D _UNICODE /D "CMAKE_INTDIR=\"Release\"" /EHsc /MD /GR /std:c++17 /Fo"flutter_wrapper_plugin.dir\Release\\" /Fd"C:\m13k\a\src\app\build\windows\x64\flutter\Release\flutter_wrapper_plugin.pdb" /external:W4 /TP /wd4100 /errorReport:queue  /experimental:deterministic /pathmap:C:\m13k\a\src\app=\muaman\src C:\m13k\a\src\app\windows\flutter\ephemeral\cpp_client_wrapper\core_implementations.cc C:\m13k\a\src\app\windows\flutter\ephemeral\cpp_client_wrapper\standard_codec.cc C:\m13k\a\src\app\windows\flutter\ephemeral\cpp_client_wrapper\plugin_registrar.cc
[  +79 ms]   core_implementations.cc
[+1314 ms]   standard_codec.cc
[+1432 ms]   plugin_registrar.cc
[ +841 ms]   Generating Code...
[+2028 ms] Lib:
[        ]   C:\Program Files (x86)\Microsoft Visual Studio\18\BuildTools\VC\Tools\MSVC\14.51.36231\bin\HostX64\x64\Lib.exe /OUT:"C:\m13k\a\src\app\build\windows\x64\flutter\Release\flutter_wrapper_plugin.lib" /NOLOGO /MACHINE:X64  /machine:x64 flutter_wrapper_plugin.dir\Release\core_implementations.obj
[        ]   flutter_wrapper_plugin.dir\Release\standard_codec.obj
[        ]   flutter_wrapper_plugin.dir\Release\plugin_registrar.obj
[ +170 ms]   flutter_wrapper_plugin.vcxproj -> C:\m13k\a\src\app\build\windows\x64\flutter\Release\flutter_wrapper_plugin.lib
[  +19 ms] FinalizeBuildStatus:
[        ]   Deleting file "flutter_wrapper_plugin.dir\Release\flutter_.5974A600.tlog\unsuccessfulbuild".
[        ]   Touching "flutter_wrapper_plugin.dir\Release\flutter_.5974A600.tlog\flutter_wrapper_plugin.lastbuildstate".
[   +1 ms] Done Building Project "C:\m13k\a\src\app\build\windows\x64\flutter\flutter_wrapper_plugin.vcxproj" (default targets).
[ +125 ms] Project "C:\m13k\a\src\app\build\windows\x64\ALL_BUILD.vcxproj" (3) is building "C:\m13k\a\src\app\build\windows\x64\runner\muaman_store.vcxproj" (8) on node 1 (default targets).
[   +1 ms] Project "C:\m13k\a\src\app\build\windows\x64\runner\muaman_store.vcxproj" (8) is building "C:\m13k\a\src\app\build\windows\x64\plugins\printing\printing_plugin.vcxproj" (9) on node 1 (default targets).
[        ] PrepareForBuild:
[        ]   Structured output is enabled. The formatting of compiler diagnostics will reflect the error hierarchy. See https://aka.ms/cpp/structured-output for more details.
[        ]   Creating directory "C:\m13k\a\src\app\build\windows\x64\plugins\printing\Release\".
[        ]   Creating directory "printing_plugin.dir\Release\printing_plugin.tlog\".
[   +3 ms] InitializeBuildStatus:
[        ]   Creating "printing_plugin.dir\Release\printing_plugin.tlog\unsuccessfulbuild" because "AlwaysCreate" was specified.
[        ]   Touching "printing_plugin.dir\Release\printing_plugin.tlog\unsuccessfulbuild".
[ +119 ms] CustomBuild:
[        ]   Building Custom Rule C:/m13k/a/src/app/windows/flutter/ephemeral/.plugin_symlinks/printing/windows/CMakeLists.txt
[ +114 ms] ClCompile:
[        ]   C:\Program Files (x86)\Microsoft Visual Studio\18\BuildTools\VC\Tools\MSVC\14.51.36231\bin\HostX64\x64\CL.exe /c /IC:\m13k\a\src\app\windows\flutter\ephemeral /IC:\m13k\a\src\app\windows\flutter\ephemeral\cpp_client_wrapper\include /nologo /W4 /WX /diagnostics:column /O2 /Ob2 /D _WINDLL /D _UNICODE /D UNICODE /D WIN32 /D _WINDOWS /D NDEBUG /D _HAS_EXCEPTIONS=0 /D FLUTTER_PLUGIN_IMPL /D UNICODE /D _UNICODE /D "CMAKE_INTDIR=\"Release\"" /D printing_plugin_EXPORTS /EHsc /MD /GR /std:c++17 /Fo"printing_plugin.dir\Release\\" /Fd"printing_plugin.dir\Release\vc145.pdb" /external:W0 /TP /wd4100 /errorReport:queue  /external:I "C:/m13k/a/src/app/build/windows/x64/pdfium-src/include" /external:I "C:/m13k/a/src/app/build/windows/x64/pdfium-src/include/cpp" /experimental:deterministic /pathmap:C:\m13k\a\src\app=\muaman\src C:\m13k\a\src\app\windows\flutter\ephemeral\.plugin_symlinks\printing\windows\printing.cpp C:\m13k\a\src\app\windows\flutter\ephemeral\.plugin_symlinks\printing\windows\printing_plugin.cpp C:\m13k\a\src\app\windows\flutter\ephemeral\.plugin_symlinks\printing\windows\print_job.cpp
[  +80 ms]   printing.cpp
[+1849 ms]   printing_plugin.cpp
[+2230 ms]   print_job.cpp
[+1819 ms]   Generating Code...
[+2562 ms] Link:
[        ]   C:\Program Files (x86)\Microsoft Visual Studio\18\BuildTools\VC\Tools\MSVC\14.51.36231\bin\HostX64\x64\link.exe /OUT:"C:\m13k\a\src\app\build\windows\x64\plugins\printing\Release\printing_plugin.dll" /INCREMENTAL:NO /NOLOGO "..\..\pdfium-src\lib\pdfium.dll.lib" ..\..\flutter\Release\flutter_wrapper_plugin.lib C:\m13k\a\src\app\windows\flutter\ephemeral\flutter_windows.dll.lib kernel32.lib user32.lib gdi32.lib winspool.lib shell32.lib ole32.lib oleaut32.lib uuid.lib comdlg32.lib advapi32.lib /MANIFEST /MANIFESTUAC:"level='asInvoker' uiAccess='false'" /manifest:embed /PDB:"C:/m13k/a/src/app/build/windows/x64/plugins/printing/Release/printing_plugin.pdb" /SUBSYSTEM:CONSOLE /TLBID:1 /IMPLIB:"C:/m13k/a/src/app/build/windows/x64/plugins/printing/Release/printing_plugin.lib" /MACHINE:X64  /machine:x64 /Brepro /DLL printing_plugin.dir\Release\printing.obj
[        ]   printing_plugin.dir\Release\printing_plugin.obj
[        ]   printing_plugin.dir\Release\print_job.obj
[ +152 ms]      Creating library C:/m13k/a/src/app/build/windows/x64/plugins/printing/Release/printing_plugin.lib and object C:/m13k/a/src/app/build/windows/x64/plugins/printing/Release/printing_plugin.exp
[ +185 ms]   printing_plugin.vcxproj -> C:\m13k\a\src\app\build\windows\x64\plugins\printing\Release\printing_plugin.dll
[  +28 ms] FinalizeBuildStatus:
[        ]   Deleting file "printing_plugin.dir\Release\printing_plugin.tlog\unsuccessfulbuild".
[        ]   Touching "printing_plugin.dir\Release\printing_plugin.tlog\printing_plugin.lastbuildstate".
[   +2 ms] Done Building Project "C:\m13k\a\src\app\build\windows\x64\plugins\printing\printing_plugin.vcxproj" (default targets).
[  +23 ms] PrepareForBuild:
[        ]   Structured output is enabled. The formatting of compiler diagnostics will reflect the error hierarchy. See https://aka.ms/cpp/structured-output for more details.
[        ]   Creating directory "C:\m13k\a\src\app\build\windows\x64\runner\Release\".
[        ]   Creating directory "muaman_store.dir\Release\muaman_store.tlog\".
[   +1 ms] InitializeBuildStatus:
[        ]   Creating "muaman_store.dir\Release\muaman_store.tlog\unsuccessfulbuild" because "AlwaysCreate" was specified.
[        ]   Touching "muaman_store.dir\Release\muaman_store.tlog\unsuccessfulbuild".
[ +111 ms] CustomBuild:
[        ]   Building Custom Rule C:/m13k/a/src/app/windows/runner/CMakeLists.txt
[ +107 ms] ClCompile:
[        ]   C:\Program Files (x86)\Microsoft Visual Studio\18\BuildTools\VC\Tools\MSVC\14.51.36231\bin\HostX64\x64\CL.exe /c /IC:\m13k\a\src\app\windows /IC:\m13k\a\src\app\windows\flutter\ephemeral /IC:\m13k\a\src\app\windows\flutter\ephemeral\cpp_client_wrapper\include /IC:\m13k\a\src\app\windows\flutter\ephemeral\.plugin_symlinks\printing\windows\include /nologo /W4 /WX /diagnostics:column /O2 /Ob2 /D _UNICODE /D UNICODE /D WIN32 /D _WINDOWS /D NDEBUG /D _HAS_EXCEPTIONS=0 /D "FLUTTER_VERSION=\"1.0.0+1\"" /D FLUTTER_VERSION_MAJOR=1 /D FLUTTER_VERSION_MINOR=0 /D FLUTTER_VERSION_PATCH=0 /D FLUTTER_VERSION_BUILD=1 /D NOMINMAX /D UNICODE /D _UNICODE /D "CMAKE_INTDIR=\"Release\"" /EHsc /MD /GR /std:c++17 /Fo"muaman_store.dir\Release\\" /Fd"muaman_store.dir\Release\vc145.pdb" /external:W4 /TP /wd4100 /errorReport:queue  /experimental:deterministic /pathmap:C:\m13k\a\src\app=\muaman\src C:\m13k\a\src\app\windows\runner\flutter_window.cpp C:\m13k\a\src\app\windows\runner\main.cpp C:\m13k\a\src\app\windows\runner\utils.cpp C:\m13k\a\src\app\windows\runner\win32_window.cpp C:\m13k\a\src\app\windows\flutter\generated_plugin_registrant.cc
[  +81 ms]   flutter_window.cpp
[+1335 ms]   main.cpp
[+1268 ms]   utils.cpp
[+1222 ms]   win32_window.cpp
[ +963 ms]   generated_plugin_registrant.cc
[ +389 ms]   Generating Code...
[ +517 ms] ResourceCompile:
[        ]   C:\Program Files (x86)\Windows Kits\10\bin\10.0.26100.0\x64\rc.exe /D _UNICODE /D UNICODE /D WIN32 /D _WINDOWS /D NDEBUG /D _HAS_EXCEPTIONS=0 /D "FLUTTER_VERSION=\\\"1.0.0+1\\\"" /D FLUTTER_VERSION_MAJOR=1 /D FLUTTER_VERSION_MINOR=0 /D FLUTTER_VERSION_PATCH=0 /D FLUTTER_VERSION_BUILD=1 /D NOMINMAX /D UNICODE /D _UNICODE /D "CMAKE_INTDIR=\\\"Release\\\"" /l"0x0409" /IC:\m13k\a\src\app\windows /IC:\m13k\a\src\app\windows\flutter\ephemeral /IC:\m13k\a\src\app\windows\flutter\ephemeral\cpp_client_wrapper\include /IC:\m13k\a\src\app\windows\flutter\ephemeral\.plugin_symlinks\printing\windows\include /nologo /fo"muaman_store.dir\Release\Runner.res" C:\m13k\a\src\app\windows\runner\Runner.rc
[ +156 ms] Link:
[        ]   C:\Program Files (x86)\Microsoft Visual Studio\18\BuildTools\VC\Tools\MSVC\14.51.36231\bin\HostX64\x64\link.exe /OUT:"C:\m13k\a\src\app\build\windows\x64\runner\Release\muaman_store.exe" /INCREMENTAL:NO /NOLOGO ..\flutter\Release\flutter_wrapper_app.lib dwmapi.lib ..\plugins\printing\Release\printing_plugin.lib C:\m13k\a\src\app\windows\flutter\ephemeral\flutter_windows.dll.lib kernel32.lib user32.lib gdi32.lib winspool.lib shell32.lib ole32.lib oleaut32.lib uuid.lib comdlg32.lib advapi32.lib /MANIFEST /MANIFESTUAC:"level='asInvoker' uiAccess='false'" /manifest:embed /manifestinput:C:\m13k\a\src\app\windows\runner\runner.exe.manifest /PDB:"C:/m13k/a/src/app/build/windows/x64/runner/Release/muaman_store.pdb" /SUBSYSTEM:WINDOWS /TLBID:1 /IMPLIB:"C:/m13k/a/src/app/build/windows/x64/runner/Release/muaman_store.lib" /MACHINE:X64  /machine:x64 /Brepro muaman_store.dir\Release\Runner.res
[        ]   muaman_store.dir\Release\flutter_window.obj
[        ]   muaman_store.dir\Release\main.obj
[        ]   muaman_store.dir\Release\utils.obj
[        ]   muaman_store.dir\Release\win32_window.obj
[        ]   muaman_store.dir\Release\generated_plugin_registrant.obj
[ +389 ms]   muaman_store.vcxproj -> C:\m13k\a\src\app\build\windows\x64\runner\Release\muaman_store.exe
[  +12 ms] FinalizeBuildStatus:
[        ]   Deleting file "muaman_store.dir\Release\muaman_store.tlog\unsuccessfulbuild".
[        ]   Touching "muaman_store.dir\Release\muaman_store.tlog\muaman_store.lastbuildstate".
[        ] Done Building Project "C:\m13k\a\src\app\build\windows\x64\runner\muaman_store.vcxproj" (default targets).
[   +6 ms] PrepareForBuild:
[        ]   Creating directory "x64\Release\ALL_BUILD\".
[   +1 ms]   Structured output is enabled. The formatting of compiler diagnostics will reflect the error hierarchy. See https://aka.ms/cpp/structured-output for more details.
[        ]   Creating directory "x64\Release\ALL_BUILD\ALL_BUILD.tlog\".
[   +6 ms] InitializeBuildStatus:
[        ]   Creating "x64\Release\ALL_BUILD\ALL_BUILD.tlog\unsuccessfulbuild" because "AlwaysCreate" was specified.
[        ]   Touching "x64\Release\ALL_BUILD\ALL_BUILD.tlog\unsuccessfulbuild".
[  +71 ms] CustomBuild:
[        ]   Building Custom Rule C:/m13k/a/src/app/windows/CMakeLists.txt
[  +97 ms] FinalizeBuildStatus:
[        ]   Deleting file "x64\Release\ALL_BUILD\ALL_BUILD.tlog\unsuccessfulbuild".
[        ]   Touching "x64\Release\ALL_BUILD\ALL_BUILD.tlog\ALL_BUILD.lastbuildstate".
[   +1 ms] Done Building Project "C:\m13k\a\src\app\build\windows\x64\ALL_BUILD.vcxproj" (default targets).
[  +13 ms] PrepareForBuild:
[        ]   Creating directory "x64\Release\INSTALL\".
[   +2 ms]   Structured output is enabled. The formatting of compiler diagnostics will reflect the error hierarchy. See https://aka.ms/cpp/structured-output for more details.
[        ]   Creating directory "x64\Release\INSTALL\INSTALL.tlog\".
[   +3 ms] InitializeBuildStatus:
[        ]   Creating "x64\Release\INSTALL\INSTALL.tlog\unsuccessfulbuild" because "AlwaysCreate" was specified.
[        ]   Touching "x64\Release\INSTALL\INSTALL.tlog\unsuccessfulbuild".
[ +111 ms] CustomBuild:
[        ]   1>
[  +36 ms] PostBuildEvent:
[        ]   setlocal
[        ]   "C:\Program Files (x86)\Microsoft Visual Studio\18\BuildTools\Common7\IDE\CommonExtensions\Microsoft\CMake\CMake\bin\cmake.exe" -DBUILD_TYPE=Release -P cmake_install.cmake
[        ]   if %errorlevel% neq 0 goto :cmEnd
[        ]   :cmEnd
[        ]   endlocal & call :cmErrorLevel %errorlevel% & goto :cmDone
[        ]   :cmErrorLevel
[        ]   exit /b %1
[        ]   :cmDone
[        ]   if %errorlevel% neq 0 goto :VCEnd
[        ]   :VCEnd
[ +181 ms]   -- Install configuration: "Release"
[ +108 ms]   -- Installing: C:/m13k/a/src/app/build/windows/x64/runner/Release/data/icudtl.dat
[   +7 ms]   -- Installing: C:/m13k/a/src/app/build/windows/x64/runner/Release/flutter_windows.dll
[ +182 ms]   -- Installing: C:/m13k/a/src/app/build/windows/x64/runner/Release/printing_plugin.dll
[ +125 ms]   -- Installing: C:/m13k/a/src/app/build/windows/x64/runner/Release/pdfium.dll
[  +24 ms]   -- Up-to-date: C:/m13k/a/src/app/build/windows/x64/runner/Release
[        ]   -- Installing: C:/m13k/a/src/app/build/windows/x64/runner/Release/data/flutter_assets
[   +1 ms]   -- Installing: C:/m13k/a/src/app/build/windows/x64/runner/Release/data/flutter_assets/AssetManifest.bin
[   +1 ms]   -- Installing: C:/m13k/a/src/app/build/windows/x64/runner/Release/data/flutter_assets/AssetManifest.json
[   +1 ms]   -- Installing: C:/m13k/a/src/app/build/windows/x64/runner/Release/data/flutter_assets/FontManifest.json
[   +3 ms]   -- Installing: C:/m13k/a/src/app/build/windows/x64/runner/Release/data/flutter_assets/fonts
[   +2 ms]   -- Installing: C:/m13k/a/src/app/build/windows/x64/runner/Release/data/flutter_assets/fonts/MaterialIcons-Regular.otf
[  +10 ms]   -- Installing: C:/m13k/a/src/app/build/windows/x64/runner/Release/data/flutter_assets/NOTICES.Z
[   +4 ms]   -- Installing: C:/m13k/a/src/app/build/windows/x64/runner/Release/data/flutter_assets/packages
[   +2 ms]   -- Installing: C:/m13k/a/src/app/build/windows/x64/runner/Release/data/flutter_assets/packages/cupertino_icons
[   +1 ms]   -- Installing: C:/m13k/a/src/app/build/windows/x64/runner/Release/data/flutter_assets/packages/cupertino_icons/assets
[   +2 ms]   -- Installing: C:/m13k/a/src/app/build/windows/x64/runner/Release/data/flutter_assets/packages/cupertino_icons/assets/CupertinoIcons.ttf
[   +3 ms]   -- Installing: C:/m13k/a/src/app/build/windows/x64/runner/Release/data/flutter_assets/shaders
[   +2 ms]   -- Installing: C:/m13k/a/src/app/build/windows/x64/runner/Release/data/flutter_assets/shaders/ink_sparkle.frag
[   +2 ms]   -- Installing: C:/m13k/a/src/app/build/windows/x64/runner/Release/data/app.so
[  +59 ms] FinalizeBuildStatus:
[        ]   Deleting file "x64\Release\INSTALL\INSTALL.tlog\unsuccessfulbuild".
[        ]   Touching "x64\Release\INSTALL\INSTALL.tlog\INSTALL.lastbuildstate".
[   +2 ms] Done Building Project "C:\m13k\a\src\app\build\windows\x64\INSTALL.vcxproj" (default targets).
[  +11 ms] Build succeeded.
[        ]     0 Warning(s)
[        ]     0 Error(s)
[        ] Time Elapsed 00:01:24.42
[  +56 ms] Building Windows application... (completed in 99.0s)
[   +7 ms] √ Built build\windows\x64\runner\Release\muaman_store.exe
[   +1 ms] "flutter windows" took 100,170ms.
[   +2 ms] ensureAnalyticsSent: 0ms
[        ] Running 1 shutdown hook
[   +1 ms] Shutdown hooks complete
[        ] exiting with code 0
