2026-08-12T00:39:02.120Z runId=L-20260811-205743-3088 metadata saved
2026-08-12T00:39:02.132Z STEP S01-launch start
2026-08-12T00:39:08.211Z STEP S01-launch PASS
2026-08-12T00:39:08.216Z STEP S02-setup-owner start
2026-08-12T00:39:09.313Z Fill-Field setup-name try=1 row=left:1320 right:1402 top:377 bottom:401
2026-08-12T00:39:16.545Z Fill-Field setup-user try=1 row=left:1243 right:1404 top:454 bottom:481
2026-08-12T00:39:21.152Z Fill-Field setup-pass try=1 row=left:1272 right:1401 top:533 bottom:559
2026-08-12T00:39:25.471Z Fill-Field setup-confirm try=1 row=left:1225 right:1402 top:613 bottom:640
2026-08-12T00:39:29.680Z Click-OcrExact setup-b try=1 words=28 btn=True {part=[إنشاء] hits=2}
2026-08-12T00:39:31.761Z STEP S02-setup-owner PASS
2026-08-12T00:39:31.764Z STEP S03-login-owner start
2026-08-12T00:39:32.675Z Fill-Field login-user try=1 row=left:1243 right:1402 top:457 bottom:481
2026-08-12T00:39:37.150Z Fill-Field login-pass try=1 row=left:1272 right:1401 top:533 bottom:559
2026-08-12T00:39:41.261Z Click-OcrExact login-b try=1 words=14 btn=True {part=[تسجيل] hits=2}
2026-08-12T00:39:43.716Z STEP S03-login-owner PASS
2026-08-12T00:39:43.721Z STEP S04-add-product start
2026-08-12T00:39:44.782Z Click-NavTileByRank nav-inv rank=1 try=1 word='المخدن' screen=(1150,852)
2026-08-12T00:39:52.713Z Fill-Field prod-name try=1 row=left:787 right:878 top:351 bottom:373
2026-08-12T00:39:57.435Z Fill-Field prod-cost try=1 row=left:781 right:879 top:426 bottom:446
2026-08-12T00:40:02.237Z Fill-Field prod-qty try=1 row=left:777 right:880 top:471 bottom:486
2026-08-12T00:40:09.575Z STEP S04-add-product PASS
2026-08-12T00:40:09.577Z STEP S05-create-sale start
2026-08-12T00:40:10.525Z Click-NavTileByRank nav-sales rank=2 try=1 word='المبيعات' screen=(902,851)
2026-08-12T00:40:14.264Z Click-OcrCropped fab-inv try=1 hit='جديدة' imgX=74 imgY=725 screen=(104,755) exact=True
2026-08-12T00:40:59.811Z Fill-FloatingLabelField sale-customer try=1 probe=17W NOT in band [571,646)
2026-08-12T00:41:07.489Z Click-OcrExact save-inv try=1 words=87 btn=True {part=[حفظ] hits=1}
2026-08-12T00:41:09.683Z STEP S05-create-sale PASS
2026-08-12T00:41:09.689Z STEP S06-save-pdf start
2026-08-12T00:41:10.703Z Click-OcrExact save-pdf try=1 words=38 btn=True {part=[حفظ] hits=1}
2026-08-12T00:41:32.089Z STEP S06-save-pdf PASS
2026-08-12T00:41:32.092Z STEP S07-open-pdf start
2026-08-12T00:42:04.887Z STEP S07-open-pdf PASS
2026-08-12T00:42:04.900Z STEP S08-print-dialog start
2026-08-12T00:42:05.973Z Click-OcrExact print try=1 words=38 btn=True {part=[طباعة] hits=1}
2026-08-12T00:42:40.878Z STEP S08-print-dialog PASS
2026-08-12T00:42:40.883Z STEP S09-sales-history start
2026-08-12T00:42:46.793Z STEP S09-sales-history PASS
2026-08-12T00:42:46.796Z STEP S10-add-cashier start
2026-08-12T00:42:47.931Z Click-AppBarIcon users dx=0 name=[69..247]@y=75 screen=(349,105)
2026-08-12T00:42:54.567Z Fill-Field newuser-name try=1 row=left:834 right:878 top:239 bottom:261
2026-08-12T00:42:59.197Z Fill-Field newuser-user try=1 row=left:757 right:879 top:314 bottom:336
2026-08-12T00:43:03.812Z Fill-Field newuser-pass try=1 row=left:786 right:880 top:389 bottom:408
2026-08-12T00:43:08.033Z Fill-Field newuser-confirm try=1 row=left:739 right:879 top:459 bottom:483
2026-08-12T00:43:12.267Z Fill-Field role-open try=1 row=left:809 right:880 top:361 bottom:376
2026-08-12T00:43:33.123Z Click-OcrExact create-user try=1 words=32 btn=True {part=[إنشاء] hits=2}
2026-08-12T00:43:34.769Z Click-OcrExact create-user try=2 words=32 btn=True {part=[إنشاء] hits=2}
2026-08-12T00:43:36.419Z Click-OcrExact create-user try=3 words=32 btn=True {part=[إنشاء] hits=2}
2026-08-12T00:43:38.100Z Click-OcrExact create-user try=4 words=32 btn=True {part=[إنشاء] hits=2}
2026-08-12T00:43:39.784Z Click-OcrExact create-user try=5 words=32 btn=True {part=[إنشاء] hits=2}
2026-08-12T00:43:40.514Z Click-OcrExact FAIL create-user (last frame OCR dumped, 32 words)
2026-08-12T00:43:40.540Z STEP S10-add-cashier FAIL: create-user dialog did not close
2026-08-12T00:43:43.420Z cleanup close: WM_CLOSE
2026-08-12T00:43:43.424Z STEP S13-final-evidence start
2026-08-12T00:43:43.500Z STEP S13-final-evidence PASS
2026-08-12T00:43:43.542Z WORKER DONE aborted=True
