2026-08-13T17:10:15.379Z runId=STRESS-FIX-20260813-155815-c015 metadata saved
2026-08-13T17:10:15.419Z STEP S01-launch start
2026-08-13T17:10:21.328Z STEP S01-launch PASS
2026-08-13T17:10:21.335Z STEP S02-setup-owner start
2026-08-13T17:10:22.346Z Fill-Field setup-name try=1 row=left:1320 right:1402 top:377 bottom:401
2026-08-13T17:10:29.544Z Fill-Field setup-user try=1 row=left:1243 right:1404 top:454 bottom:481
2026-08-13T17:10:34.109Z Fill-Field setup-pass try=1 row=left:1272 right:1401 top:533 bottom:559
2026-08-13T17:10:38.309Z Fill-Field setup-confirm try=1 row=left:1225 right:1402 top:613 bottom:640
2026-08-13T17:10:42.483Z Click-OcrExact setup-b try=1 words=28 btn=True {part=[إنشاء] hits=2}
2026-08-13T17:10:44.569Z STEP S02-setup-owner PASS
2026-08-13T17:10:44.573Z STEP S03-login-owner start
2026-08-13T17:10:45.454Z Fill-Field login-user try=1 row=left:1243 right:1402 top:457 bottom:481
2026-08-13T17:10:49.961Z Fill-Field login-pass try=1 row=left:1272 right:1401 top:533 bottom:559
2026-08-13T17:10:54.042Z Click-OcrExact login-b try=1 words=14 btn=True {part=[تسجيل] hits=2}
2026-08-13T17:10:56.380Z STEP S03-login-owner PASS
2026-08-13T17:10:56.385Z STEP S04-add-product start
2026-08-13T17:10:57.411Z Click-NavTileByRank nav-inv rank=1 try=1 word='المخدن' screen=(1150,852)
2026-08-13T17:11:05.305Z Fill-Field prod-name try=1 row=left:787 right:878 top:351 bottom:373
2026-08-13T17:11:10.049Z Fill-Field prod-cost try=1 row=left:781 right:879 top:426 bottom:446
2026-08-13T17:11:14.822Z Fill-Field prod-qty try=1 row=left:777 right:880 top:471 bottom:486
2026-08-13T17:11:22.114Z STEP S04-add-product PASS
2026-08-13T17:11:22.117Z STEP S05-create-sale start
2026-08-13T17:11:23.073Z Click-NavTileByRank nav-sales rank=2 try=1 word='المبيعات' screen=(902,851)
2026-08-13T17:11:26.832Z Click-OcrCropped fab-inv try=1 hit='جديدة' imgX=74 imgY=725 screen=(104,755) exact=True
2026-08-13T17:12:11.865Z Fill-FloatingLabelField sale-customer try=1 probe=17W NOT in band [571,646)
2026-08-13T17:12:19.439Z Click-OcrExact save-inv try=1 words=87 btn=True {part=[حفظ] hits=1}
2026-08-13T17:12:21.624Z STEP S05-create-sale PASS
2026-08-13T17:12:21.628Z STEP S06-save-pdf start
2026-08-13T17:12:22.644Z Click-OcrExact save-pdf try=1 words=38 btn=True {part=[حفظ] hits=1}
2026-08-13T17:12:43.764Z STEP S06-save-pdf PASS
2026-08-13T17:12:43.766Z STEP S07-open-pdf start
2026-08-13T17:13:16.749Z STEP S07-open-pdf PASS
2026-08-13T17:13:16.751Z STEP S08-print-dialog start
2026-08-13T17:13:17.779Z Click-OcrExact print try=1 words=38 btn=True {part=[طباعة] hits=1}
2026-08-13T17:13:51.617Z STEP S08-print-dialog PASS
2026-08-13T17:13:51.619Z STEP S09-sales-history start
2026-08-13T17:13:57.395Z receipt icon color-scan clusters=13 top=(X=98 Y=303 N=35)
2026-08-13T17:14:01.117Z STEP S09-sales-history PASS
2026-08-13T17:14:01.123Z STEP S10-add-cashier start
2026-08-13T17:14:02.348Z Click-AppBarIcon users dx=0 name=[69..247]@y=75 screen=(349,105)
2026-08-13T17:14:08.952Z Fill-Field newuser-name try=1 row=left:834 right:878 top:239 bottom:261
2026-08-13T17:14:13.567Z Fill-Field newuser-user try=1 row=left:757 right:879 top:314 bottom:336
2026-08-13T17:14:18.187Z Fill-Field newuser-pass try=1 row=left:786 right:880 top:389 bottom:408
2026-08-13T17:14:22.425Z Fill-Field newuser-confirm try=1 row=left:739 right:879 top:459 bottom:483
2026-08-13T17:14:32.580Z Click-OcrExact create-user-1 try=1 words=33 btn=True {part=[إنشاء] hits=2}
2026-08-13T17:14:37.964Z STEP S10-add-cashier PASS
2026-08-13T17:14:37.966Z STEP S11-cashier-denied start
2026-08-13T17:14:39.062Z Click-AppBarIcon logout dx=0 name=[69..247]@y=75 screen=(75,105)
2026-08-13T17:14:43.148Z Fill-Field cashier-login-user try=1 row=left:1243 right:1402 top:457 bottom:481
2026-08-13T17:14:47.660Z Fill-Field cashier-login-pass try=1 row=left:1272 right:1401 top:533 bottom:559
2026-08-13T17:14:51.765Z Click-OcrExact cashier-login-b try=1 words=14 btn=True {part=[تسجيل] hits=2}
2026-08-13T17:14:53.883Z STEP S11-cashier-denied PASS
2026-08-13T17:14:53.884Z STEP S12-logout-close start
2026-08-13T17:14:54.778Z Click-AppBarIcon logout dx=0 name=[21..280]@y=75 screen=(27,105)
2026-08-13T17:15:11.998Z Click-AppBarIcon logout dx=16 name=[21..280]@y=75 screen=(43,105)
2026-08-13T17:15:16.390Z STEP S12-logout-close PASS
2026-08-13T17:15:16.390Z STEP S13-final-evidence start
2026-08-13T17:15:16.406Z STEP S13-final-evidence PASS
2026-08-13T17:15:16.423Z WORKER DONE aborted=False
