2026-08-12T01:11:37.602Z runId=PROBE-role-20260812-041135 metadata saved
2026-08-12T01:11:37.617Z STEP S01-launch start
2026-08-12T01:11:43.716Z STEP S01-launch PASS
2026-08-12T01:11:43.722Z STEP S02-setup-owner start
2026-08-12T01:11:44.796Z Fill-Field setup-name try=1 row=left:1320 right:1402 top:377 bottom:401
2026-08-12T01:11:52.069Z Fill-Field setup-user try=1 row=left:1243 right:1404 top:454 bottom:481
2026-08-12T01:11:56.648Z Fill-Field setup-pass try=1 row=left:1272 right:1401 top:533 bottom:559
2026-08-12T01:12:00.857Z Fill-Field setup-confirm try=1 row=left:1225 right:1402 top:613 bottom:640
2026-08-12T01:12:05.158Z Click-OcrExact setup-b try=1 words=28 btn=True {part=[إنشاء] hits=2}
2026-08-12T01:12:07.274Z STEP S02-setup-owner PASS
2026-08-12T01:12:07.279Z STEP S03-login-owner start
2026-08-12T01:12:08.201Z Fill-Field login-user try=1 row=left:1243 right:1402 top:457 bottom:481
2026-08-12T01:12:12.748Z Fill-Field login-pass try=1 row=left:1272 right:1401 top:533 bottom:559
2026-08-12T01:12:16.909Z Click-OcrExact login-b try=1 words=14 btn=True {part=[تسجيل] hits=2}
2026-08-12T01:12:19.372Z STEP S03-login-owner PASS
2026-08-12T01:12:19.376Z STEP S04-probe-role start
2026-08-12T01:12:21.668Z Click-AppBarIcon users dx=0 name=[69..247]@y=75 screen=(349,105)
2026-08-12T01:12:24.081Z PROBE-ROLE users-nav clicked=True reason=n/a
2026-08-12T01:12:28.369Z Fill-Field probe-role-fill-name try=1 row=left:834 right:878 top:239 bottom:261
2026-08-12T01:12:33.002Z Fill-Field probe-role-fill-user try=1 row=left:757 right:879 top:314 bottom:336
2026-08-12T01:12:37.646Z Fill-Field probe-role-fill-pass try=1 row=left:786 right:880 top:389 bottom:408
2026-08-12T01:12:41.882Z Fill-Field probe-role-fill-confirm try=1 row=left:739 right:879 top:459 bottom:483
2026-08-12T01:12:54.193Z Click-OcrExact probe-role-create try=1 words=33 btn=True {part=[إنشاء] hits=2}
2026-08-12T01:12:56.311Z PROBE-ROLE roleOpen=True item=True word=مبيعات screen=(832,638) menuOpenAfterItem=False createClicked=True dialogClosed=True cashierVisible=False
2026-08-12T01:12:56.318Z STEP S04-probe-role PASS
2026-08-12T01:12:56.321Z STEP S05-cleanup-probe start
2026-08-12T01:13:33.842Z STEP S05-cleanup-probe PASS
2026-08-12T01:13:33.846Z STEP S13-final-evidence start
2026-08-12T01:13:33.866Z STEP S13-final-evidence PASS
2026-08-12T01:13:33.878Z WORKER DONE aborted=False
