2026-08-13T13:21:57.348Z runId=ACCEPT-TRACE-20260813-132154 metadata saved
2026-08-13T13:21:57.415Z STEP S01-launch start
2026-08-13T13:22:03.679Z STEP S01-launch PASS
2026-08-13T13:22:03.682Z STEP S02-setup-owner start
2026-08-13T13:22:04.715Z Fill-Field setup-name try=1 row=left:1320 right:1402 top:377 bottom:401
2026-08-13T13:22:12.015Z Fill-Field setup-user try=1 row=left:1243 right:1404 top:454 bottom:481
2026-08-13T13:22:16.576Z Fill-Field setup-pass try=1 row=left:1272 right:1401 top:533 bottom:559
2026-08-13T13:22:20.813Z Fill-Field setup-confirm try=1 row=left:1225 right:1402 top:613 bottom:640
2026-08-13T13:22:25.012Z Click-OcrExact setup-b try=1 words=28 btn=True {part=[إنشاء] hits=2}
2026-08-13T13:22:27.095Z STEP S02-setup-owner PASS
2026-08-13T13:22:27.097Z STEP S03-login-owner start
2026-08-13T13:22:27.982Z Fill-Field login-user try=1 row=left:1243 right:1402 top:457 bottom:481
2026-08-13T13:22:32.446Z Fill-Field login-pass try=1 row=left:1272 right:1401 top:533 bottom:559
2026-08-13T13:22:36.577Z Click-OcrExact login-b try=1 words=14 btn=True {part=[تسجيل] hits=2}
2026-08-13T13:22:39.110Z STEP S03-login-owner PASS
2026-08-13T13:22:39.116Z STEP S04-add-product start
2026-08-13T13:22:40.183Z Click-NavTileByRank nav-inv rank=1 try=1 word='المخدن' screen=(1150,852)
2026-08-13T13:22:48.122Z Fill-Field prod-name try=1 row=left:787 right:878 top:351 bottom:373
2026-08-13T13:22:52.893Z Fill-Field prod-cost try=1 row=left:781 right:879 top:426 bottom:446
2026-08-13T13:22:57.607Z Fill-Field prod-qty try=1 row=left:777 right:880 top:471 bottom:486
2026-08-13T13:23:04.898Z STEP S04-add-product PASS
2026-08-13T13:23:04.900Z STEP S05-create-sale start
2026-08-13T13:23:05.835Z Click-NavTileByRank nav-sales rank=2 try=1 word='المبيعات' screen=(902,851)
2026-08-13T13:23:09.653Z Click-OcrCropped fab-inv try=1 hit='جديدة' imgX=74 imgY=725 screen=(104,755) exact=True
2026-08-13T13:23:54.319Z Fill-FloatingLabelField sale-customer try=1 probe=17W NOT in band [571,646)
2026-08-13T13:24:01.845Z Click-OcrExact save-inv try=1 words=87 btn=True {part=[حفظ] hits=1}
2026-08-13T13:24:04.013Z STEP S05-create-sale PASS
2026-08-13T13:24:04.015Z STEP S06-save-pdf start
2026-08-13T13:24:05.015Z Click-OcrExact save-pdf try=1 words=38 btn=True {part=[حفظ] hits=1}
2026-08-13T13:24:26.331Z STEP S06-save-pdf PASS
2026-08-13T13:24:26.332Z STEP S07-open-pdf start
2026-08-13T13:24:59.086Z STEP S07-open-pdf PASS
2026-08-13T13:24:59.089Z STEP S08-print-dialog start
2026-08-13T13:25:00.069Z Click-OcrExact print try=1 words=38 btn=True {part=[طباعة] hits=1}
2026-08-13T13:25:34.067Z STEP S08-print-dialog PASS
2026-08-13T13:25:34.069Z STEP S09-sales-history start
2026-08-13T13:25:39.826Z receipt icon color-scan clusters=13 top=(X=98 Y=303 N=35)
2026-08-13T13:25:43.562Z STEP S09-sales-history PASS
2026-08-13T13:25:43.567Z STEP S10-add-cashier start
2026-08-13T13:25:44.730Z Click-AppBarIcon users dx=0 name=[69..233]@y=74 screen=(335,104)
2026-08-13T13:25:51.314Z Fill-Field newuser-name try=1 row=left:834 right:878 top:239 bottom:261
2026-08-13T13:25:55.973Z Fill-Field newuser-user try=1 row=left:757 right:879 top:314 bottom:336
2026-08-13T13:26:00.589Z Fill-Field newuser-pass try=1 row=left:786 right:880 top:389 bottom:408
2026-08-13T13:26:04.806Z Fill-Field newuser-confirm try=1 row=left:739 right:879 top:459 bottom:483
2026-08-13T13:26:14.994Z Click-OcrExact create-user-1 try=1 words=33 btn=True {part=[إنشاء] hits=2}
2026-08-13T13:26:20.350Z STEP S10-add-cashier PASS
2026-08-13T13:26:20.355Z STEP S11-cashier-denied start
2026-08-13T13:26:21.454Z Click-AppBarIcon logout dx=0 name=[69..233]@y=74 screen=(75,104)
2026-08-13T13:26:25.504Z Fill-Field cashier-login-user try=1 row=left:1243 right:1402 top:457 bottom:481
2026-08-13T13:26:30.035Z Fill-Field cashier-login-pass try=1 row=left:1272 right:1401 top:533 bottom:559
2026-08-13T13:26:34.133Z Click-OcrExact cashier-login-b try=1 words=14 btn=True {part=[تسجيل] hits=2}
2026-08-13T13:26:36.275Z STEP S11-cashier-denied PASS
2026-08-13T13:26:36.278Z STEP S12-logout-close start
2026-08-13T13:26:37.140Z Click-AppBarIcon logout dx=0 name=[21..280]@y=75 screen=(27,105)
2026-08-13T13:26:54.334Z Click-AppBarIcon logout dx=16 name=[21..280]@y=75 screen=(43,105)
2026-08-13T13:27:07.760Z STEP S12-logout-close PASS
2026-08-13T13:27:07.760Z STEP S13-final-evidence start
2026-08-13T13:27:07.777Z STEP S13-final-evidence PASS
2026-08-13T13:27:07.811Z WORKER DONE aborted=False
