2026-08-13T17:15:24.632Z runId=STRESS-FIX-20260813-155815-c016 metadata saved
2026-08-13T17:15:24.653Z STEP S01-launch start
2026-08-13T17:15:30.613Z STEP S01-launch PASS
2026-08-13T17:15:30.618Z STEP S02-setup-owner start
2026-08-13T17:15:31.628Z Fill-Field setup-name try=1 row=left:1320 right:1402 top:377 bottom:401
2026-08-13T17:15:38.850Z Fill-Field setup-user try=1 row=left:1243 right:1404 top:454 bottom:481
2026-08-13T17:15:43.392Z Fill-Field setup-pass try=1 row=left:1272 right:1401 top:533 bottom:559
2026-08-13T17:15:47.620Z Fill-Field setup-confirm try=1 row=left:1225 right:1402 top:613 bottom:640
2026-08-13T17:15:51.888Z Click-OcrExact setup-b try=1 words=28 btn=True {part=[إنشاء] hits=2}
2026-08-13T17:15:53.965Z STEP S02-setup-owner PASS
2026-08-13T17:15:53.970Z STEP S03-login-owner start
2026-08-13T17:15:54.847Z Fill-Field login-user try=1 row=left:1243 right:1402 top:457 bottom:481
2026-08-13T17:15:59.331Z Fill-Field login-pass try=1 row=left:1272 right:1401 top:533 bottom:559
2026-08-13T17:16:03.446Z Click-OcrExact login-b try=1 words=14 btn=True {part=[تسجيل] hits=2}
2026-08-13T17:16:05.799Z STEP S03-login-owner PASS
2026-08-13T17:16:05.803Z STEP S04-add-product start
2026-08-13T17:16:06.824Z Click-NavTileByRank nav-inv rank=1 try=1 word='المخدن' screen=(1150,852)
2026-08-13T17:16:14.754Z Fill-Field prod-name try=1 row=left:787 right:878 top:351 bottom:373
2026-08-13T17:16:19.500Z Fill-Field prod-cost try=1 row=left:781 right:879 top:426 bottom:446
2026-08-13T17:16:24.248Z Fill-Field prod-qty try=1 row=left:777 right:880 top:471 bottom:486
2026-08-13T17:16:31.548Z STEP S04-add-product PASS
2026-08-13T17:16:31.551Z STEP S05-create-sale start
2026-08-13T17:16:32.501Z Click-NavTileByRank nav-sales rank=2 try=1 word='المبيعات' screen=(902,851)
2026-08-13T17:16:36.258Z Click-OcrCropped fab-inv try=1 hit='جديدة' imgX=74 imgY=725 screen=(104,755) exact=True
2026-08-13T17:17:21.003Z Fill-FloatingLabelField sale-customer try=1 probe=17W NOT in band [571,646)
2026-08-13T17:17:28.567Z Click-OcrExact save-inv try=1 words=87 btn=True {part=[حفظ] hits=1}
2026-08-13T17:17:30.733Z STEP S05-create-sale PASS
2026-08-13T17:17:30.735Z STEP S06-save-pdf start
2026-08-13T17:17:31.745Z Click-OcrExact save-pdf try=1 words=38 btn=True {part=[حفظ] hits=1}
2026-08-13T17:17:52.760Z STEP S06-save-pdf PASS
2026-08-13T17:17:52.762Z STEP S07-open-pdf start
2026-08-13T17:18:25.747Z STEP S07-open-pdf PASS
2026-08-13T17:18:25.749Z STEP S08-print-dialog start
2026-08-13T17:18:26.744Z Click-OcrExact print try=1 words=38 btn=True {part=[طباعة] hits=1}
2026-08-13T17:19:00.639Z STEP S08-print-dialog PASS
2026-08-13T17:19:00.641Z STEP S09-sales-history start
2026-08-13T17:19:06.416Z receipt icon color-scan clusters=13 top=(X=98 Y=303 N=35)
2026-08-13T17:19:10.164Z STEP S09-sales-history PASS
2026-08-13T17:19:10.167Z STEP S10-add-cashier start
2026-08-13T17:19:11.332Z Click-AppBarIcon users dx=0 name=[69..247]@y=75 screen=(349,105)
2026-08-13T17:19:17.999Z Fill-Field newuser-name try=1 row=left:834 right:878 top:239 bottom:261
2026-08-13T17:19:22.644Z Fill-Field newuser-user try=1 row=left:757 right:879 top:314 bottom:336
2026-08-13T17:19:27.210Z Fill-Field newuser-pass try=1 row=left:786 right:880 top:389 bottom:408
2026-08-13T17:19:31.410Z Fill-Field newuser-confirm try=1 row=left:739 right:879 top:459 bottom:483
2026-08-13T17:19:41.565Z Click-OcrExact create-user-1 try=1 words=33 btn=True {part=[إنشاء] hits=2}
2026-08-13T17:19:46.945Z STEP S10-add-cashier PASS
2026-08-13T17:19:46.947Z STEP S11-cashier-denied start
2026-08-13T17:19:48.036Z Click-AppBarIcon logout dx=0 name=[69..247]@y=75 screen=(75,105)
2026-08-13T17:19:52.159Z Fill-Field cashier-login-user try=1 row=left:1243 right:1402 top:457 bottom:481
2026-08-13T17:19:56.627Z Fill-Field cashier-login-pass try=1 row=left:1272 right:1401 top:533 bottom:559
2026-08-13T17:20:00.773Z Click-OcrExact cashier-login-b try=1 words=14 btn=True {part=[تسجيل] hits=2}
2026-08-13T17:20:02.900Z STEP S11-cashier-denied PASS
2026-08-13T17:20:02.902Z STEP S12-logout-close start
2026-08-13T17:20:03.811Z Click-AppBarIcon logout dx=0 name=[21..280]@y=75 screen=(27,105)
2026-08-13T17:20:19.873Z Click-AppBarIcon logout dx=16 name=[21..280]@y=75 screen=(43,105)
2026-08-13T17:20:24.458Z STEP S12-logout-close PASS
2026-08-13T17:20:24.462Z STEP S13-final-evidence start
2026-08-13T17:20:24.512Z STEP S13-final-evidence PASS
2026-08-13T17:20:24.541Z WORKER DONE aborted=False
