2026-08-13T02:53:41.753Z runId=REPRO3-DUMP metadata saved
2026-08-13T02:53:41.774Z STEP S01-launch start
2026-08-13T02:53:49.018Z STEP S01-launch PASS
2026-08-13T02:53:49.023Z STEP S02-setup-owner start
2026-08-13T02:53:50.108Z Fill-Field setup-name try=1 row=left:1320 right:1402 top:377 bottom:401
2026-08-13T02:53:57.511Z Fill-Field setup-user try=1 row=left:1243 right:1404 top:454 bottom:481
2026-08-13T02:54:02.187Z Fill-Field setup-pass try=1 row=left:1272 right:1401 top:533 bottom:559
2026-08-13T02:54:06.435Z Fill-Field setup-confirm try=1 row=left:1225 right:1402 top:613 bottom:640
2026-08-13T02:54:10.691Z Click-OcrExact setup-b try=1 words=28 btn=True {part=[إنشاء] hits=2}
2026-08-13T02:54:12.766Z STEP S02-setup-owner PASS
2026-08-13T02:54:12.768Z STEP S03-login-owner start
2026-08-13T02:54:13.662Z Fill-Field login-user try=1 row=left:1243 right:1402 top:457 bottom:481
2026-08-13T02:54:18.177Z Fill-Field login-pass try=1 row=left:1272 right:1401 top:533 bottom:559
2026-08-13T02:54:22.269Z Click-OcrExact login-b try=1 words=14 btn=True {part=[تسجيل] hits=2}
2026-08-13T02:54:24.872Z STEP S03-login-owner PASS
2026-08-13T02:54:24.876Z STEP S04-add-product start
2026-08-13T02:54:26.038Z Click-NavTileByRank nav-inv rank=1 try=1 word='المخدن' screen=(1150,852)
2026-08-13T02:54:34.842Z Fill-Field prod-name try=1 row=left:787 right:878 top:351 bottom:373
2026-08-13T02:54:39.778Z Fill-Field prod-cost try=1 row=left:781 right:879 top:426 bottom:446
2026-08-13T02:54:44.566Z Fill-Field prod-qty try=1 row=left:777 right:880 top:471 bottom:486
2026-08-13T02:54:51.950Z STEP S04-add-product PASS
2026-08-13T02:54:51.955Z STEP S05-create-sale start
2026-08-13T02:54:52.935Z Click-NavTileByRank nav-sales rank=2 try=1 word='المبيعات' screen=(902,851)
2026-08-13T02:54:56.879Z Click-OcrCropped fab-inv try=1 hit='جديدة' imgX=74 imgY=725 screen=(104,755) exact=True
2026-08-13T02:55:42.794Z Fill-FloatingLabelField sale-customer try=1 probe=17W NOT in band [571,646)
2026-08-13T02:55:50.631Z Click-OcrExact save-inv try=1 words=87 btn=True {part=[حفظ] hits=1}
2026-08-13T02:55:52.811Z STEP S05-create-sale PASS
2026-08-13T02:55:52.813Z STEP S06-save-pdf start
2026-08-13T02:55:53.822Z Click-OcrExact save-pdf try=1 words=38 btn=True {part=[حفظ] hits=1}
2026-08-13T02:56:16.534Z STEP S06-save-pdf PASS
2026-08-13T02:56:16.537Z STEP S07-open-pdf start
2026-08-13T02:56:21.350Z STEP S07-open-pdf PASS
2026-08-13T02:56:21.355Z STEP S08-print-dialog start
2026-08-13T02:56:22.490Z Click-OcrExact print try=1 words=38 btn=True {part=[طباعة] hits=1}
2026-08-13T02:56:57.501Z STEP S08-print-dialog PASS
2026-08-13T02:56:57.505Z STEP S09-sales-history start
2026-08-13T02:57:03.395Z receipt icon color-scan clusters=13 top=(X=98 Y=303 N=35)
2026-08-13T02:57:07.148Z STEP S09-sales-history PASS
2026-08-13T02:57:07.152Z STEP S10-add-cashier start
2026-08-13T02:57:08.347Z Click-AppBarIcon users dx=0 name=[69..247]@y=75 screen=(349,105)
2026-08-13T02:57:14.991Z Fill-Field newuser-name try=1 row=left:834 right:878 top:239 bottom:261
2026-08-13T02:57:19.630Z Fill-Field newuser-user try=1 row=left:757 right:879 top:314 bottom:336
2026-08-13T02:57:24.373Z Fill-Field newuser-pass try=1 row=left:786 right:880 top:389 bottom:408
2026-08-13T02:57:28.674Z Fill-Field newuser-confirm try=1 row=left:739 right:879 top:459 bottom:483
2026-08-13T02:57:38.945Z Click-OcrExact create-user-1 try=1 words=33 btn=True {part=[إنشاء] hits=2}
2026-08-13T02:57:44.315Z STEP S10-add-cashier PASS
2026-08-13T02:57:44.317Z STEP S11-cashier-denied start
2026-08-13T02:57:45.458Z Click-AppBarIcon logout dx=0 name=[69..247]@y=75 screen=(75,105)
2026-08-13T02:57:49.629Z Fill-Field cashier-login-user try=1 row=left:1243 right:1402 top:457 bottom:481
2026-08-13T02:57:54.139Z Fill-Field cashier-login-pass try=1 row=left:1272 right:1401 top:533 bottom:559
2026-08-13T02:57:58.233Z Click-OcrExact cashier-login-b try=1 words=14 btn=True {part=[تسجيل] hits=2}
2026-08-13T02:58:00.408Z STEP S11-cashier-denied PASS
2026-08-13T02:58:00.411Z STEP S12-logout-close start
2026-08-13T02:58:01.316Z Click-AppBarIcon logout dx=0 name=[21..280]@y=75 screen=(27,105)
2026-08-13T02:58:18.556Z Click-AppBarIcon logout dx=16 name=[21..280]@y=75 screen=(43,105)
2026-08-13T02:58:29.185Z STEP S12-logout-close PASS
2026-08-13T02:58:29.190Z STEP S13-final-evidence start
2026-08-13T02:58:29.222Z STEP S13-final-evidence PASS
2026-08-13T02:58:29.251Z WORKER DONE aborted=False
