2026-08-13T17:35:58.642Z runId=STRESS-FIX-20260813-155815-c020 metadata saved
2026-08-13T17:35:58.658Z STEP S01-launch start
2026-08-13T17:36:04.810Z STEP S01-launch PASS
2026-08-13T17:36:04.815Z STEP S02-setup-owner start
2026-08-13T17:36:05.837Z Fill-Field setup-name try=1 row=left:1320 right:1402 top:377 bottom:401
2026-08-13T17:36:13.059Z Fill-Field setup-user try=1 row=left:1243 right:1404 top:454 bottom:481
2026-08-13T17:36:17.613Z Fill-Field setup-pass try=1 row=left:1272 right:1401 top:533 bottom:559
2026-08-13T17:36:21.798Z Fill-Field setup-confirm try=1 row=left:1225 right:1402 top:613 bottom:640
2026-08-13T17:36:25.978Z Click-OcrExact setup-b try=1 words=28 btn=True {part=[إنشاء] hits=2}
2026-08-13T17:36:28.080Z STEP S02-setup-owner PASS
2026-08-13T17:36:28.083Z STEP S03-login-owner start
2026-08-13T17:36:28.976Z Fill-Field login-user try=1 row=left:1243 right:1402 top:457 bottom:481
2026-08-13T17:36:33.436Z Fill-Field login-pass try=1 row=left:1272 right:1401 top:533 bottom:559
2026-08-13T17:36:37.557Z Click-OcrExact login-b try=1 words=14 btn=True {part=[تسجيل] hits=2}
2026-08-13T17:36:39.892Z STEP S03-login-owner PASS
2026-08-13T17:36:39.895Z STEP S04-add-product start
2026-08-13T17:36:40.898Z Click-NavTileByRank nav-inv rank=1 try=1 word='المخدن' screen=(1150,852)
2026-08-13T17:36:48.784Z Fill-Field prod-name try=1 row=left:787 right:878 top:351 bottom:373
2026-08-13T17:36:53.537Z Fill-Field prod-cost try=1 row=left:781 right:879 top:426 bottom:446
2026-08-13T17:36:58.270Z Fill-Field prod-qty try=1 row=left:777 right:880 top:471 bottom:486
2026-08-13T17:37:05.559Z STEP S04-add-product PASS
2026-08-13T17:37:05.561Z STEP S05-create-sale start
2026-08-13T17:37:06.523Z Click-NavTileByRank nav-sales rank=2 try=1 word='المبيعات' screen=(902,851)
2026-08-13T17:37:10.291Z Click-OcrCropped fab-inv try=1 hit='جديدة' imgX=74 imgY=725 screen=(104,755) exact=True
2026-08-13T17:37:55.116Z Fill-FloatingLabelField sale-customer try=1 probe=17W NOT in band [571,646)
2026-08-13T17:38:02.662Z Click-OcrExact save-inv try=1 words=87 btn=True {part=[حفظ] hits=1}
2026-08-13T17:38:04.794Z STEP S05-create-sale PASS
2026-08-13T17:38:04.796Z STEP S06-save-pdf start
2026-08-13T17:38:05.805Z Click-OcrExact save-pdf try=1 words=38 btn=True {part=[حفظ] hits=1}
2026-08-13T17:38:26.472Z STEP S06-save-pdf PASS
2026-08-13T17:38:26.474Z STEP S07-open-pdf start
2026-08-13T17:38:58.854Z STEP S07-open-pdf PASS
2026-08-13T17:38:58.857Z STEP S08-print-dialog start
2026-08-13T17:38:59.861Z Click-OcrExact print try=1 words=38 btn=True {part=[طباعة] hits=1}
2026-08-13T17:39:33.885Z STEP S08-print-dialog PASS
2026-08-13T17:39:33.890Z STEP S09-sales-history start
2026-08-13T17:39:39.664Z receipt icon color-scan clusters=13 top=(X=98 Y=303 N=35)
2026-08-13T17:39:43.419Z STEP S09-sales-history PASS
2026-08-13T17:39:43.424Z STEP S10-add-cashier start
2026-08-13T17:39:44.555Z Click-AppBarIcon users dx=0 name=[69..247]@y=75 screen=(349,105)
2026-08-13T17:39:51.286Z Fill-Field newuser-name try=1 row=left:834 right:878 top:239 bottom:261
2026-08-13T17:39:55.891Z Fill-Field newuser-user try=1 row=left:757 right:879 top:314 bottom:336
2026-08-13T17:40:00.485Z Fill-Field newuser-pass try=1 row=left:786 right:880 top:389 bottom:408
2026-08-13T17:40:04.719Z Fill-Field newuser-confirm try=1 row=left:739 right:879 top:459 bottom:483
2026-08-13T17:40:14.842Z Click-OcrExact create-user-1 try=1 words=33 btn=True {part=[إنشاء] hits=2}
2026-08-13T17:40:20.218Z STEP S10-add-cashier PASS
2026-08-13T17:40:20.223Z STEP S11-cashier-denied start
2026-08-13T17:40:21.307Z Click-AppBarIcon logout dx=0 name=[69..247]@y=75 screen=(75,105)
2026-08-13T17:40:25.414Z Fill-Field cashier-login-user try=1 row=left:1243 right:1402 top:457 bottom:481
2026-08-13T17:40:29.993Z Fill-Field cashier-login-pass try=1 row=left:1272 right:1401 top:533 bottom:559
2026-08-13T17:40:34.072Z Click-OcrExact cashier-login-b try=1 words=14 btn=True {part=[تسجيل] hits=2}
2026-08-13T17:40:36.180Z STEP S11-cashier-denied PASS
2026-08-13T17:40:36.181Z STEP S12-logout-close start
2026-08-13T17:40:37.084Z Click-AppBarIcon logout dx=0 name=[21..280]@y=75 screen=(27,105)
2026-08-13T17:40:53.169Z Click-AppBarIcon logout dx=16 name=[21..280]@y=75 screen=(43,105)
2026-08-13T17:40:57.660Z STEP S12-logout-close PASS
2026-08-13T17:40:57.664Z STEP S13-final-evidence start
2026-08-13T17:40:57.688Z STEP S13-final-evidence PASS
2026-08-13T17:40:57.720Z WORKER DONE aborted=False
